CMake is re-running because C:/Users/jpfau/Desktop/Genesis/Build/CMakeFiles/generate.stamp is out-of-date.
  the file 'C:/Users/jpfau/Desktop/Genesis/CMakeLists.txt'
  is newer than 'C:/Users/jpfau/Desktop/Genesis/Build/CMakeFiles/generate.stamp.depend'
  result='-1'
-- Selecting Windows SDK version 10.0.26100.0 to target Windows 10.0.17763.
-- SDL2_INCLUDE_DIR: 
-- SDL2_LIBRARY: 
-- Configuring done (0.4s)
-- Generating done (2.4s)
-- Build files have been written to: C:/Users/jpfau/Desktop/Genesis/Build
MSBuild version 17.14.10+8b8e13593 for .NET Framework

  1>Checking Build System
  b3AlignedAllocator.cpp
  btAxisSweep3.cpp
  CollisionShape2TriangleMesh.cpp
  b3Logging.cpp
  btBroadphaseProxy.cpp
  IDMath.cpp
  btKinematicCharacterController.cpp
  bChunk.cpp
  btCollisionAlgorithm.cpp
  btDbvt.cpp
  btBatchedConstraints.cpp
  MultiBodyTree.cpp
  bDNA.cpp
  btDbvtBroadphase.cpp
  GL_ShapeDrawer.cpp
  b3Vector3.cpp
  btConeTwistConstraint.cpp
  Generating Code...
  btDispatcher.cpp
  MultiBodyTreeImpl.cpp
  btContactConstraint.cpp
  btOverlappingPairCache.cpp
  bFile.cpp
  MultiBodyTreeInitCache.cpp
  btFixedConstraint.cpp
  btQuantizedBvh.cpp
  Generating Code...
  btGearConstraint.cpp
  Bullet3Common.vcxproj -> C:\Users\jpfau\Desktop\Genesis\Build\lib\Debug\Bullet3Common_Debug.lib
  btBulletFile.cpp
  GraphingTexture.cpp
  btGeneric6DofConstraint.cpp
  btSimpleBroadphase.cpp
  GwenParameterInterface.cpp
  CloneTreeCreator.cpp
  btGeneric6DofSpring2Constraint.cpp
  SphereTriangleDetector.cpp
  Generating Code...
  BulletInverseDynamics.vcxproj -> C:\Users\jpfau\Desktop\Genesis\Build\lib\Debug\BulletInverseDynamics_Debug.lib
  btActivatingCollisionAlgorithm.cpp
  btGeneric6DofSpringConstraint.cpp
  btBox2dBox2dCollisionAlgorithm.cpp
  CoilCreator.cpp
  btHinge2Constraint.cpp
  btBoxBoxCollisionAlgorithm.cpp
  VHACD.cpp
  BulletFileLoader.vcxproj -> C:\Users\jpfau\Desktop\Genesis\Build\lib\Debug\BulletFileLoader_Debug.lib
  btHingeConstraint.cpp
C:\Users\jpfau\Desktop\Genesis\External\Bullet\Extras\VHACD\src\VHACD.cpp(16,9): warning C4005: '_CRT_SECURE_NO_WARNINGS': macro redefinition [C:\Users\jpfau\Desktop\Genesis\Build\External\Bullet\Extras\BulletRobotics\BulletRobotics.vcxproj]
      C:\Users\jpfau\Desktop\Genesis\External\Bullet\Extras\VHACD\src\VHACD.cpp(16,9):
      '_CRT_SECURE_NO_WARNINGS' previously declared on the command line
  
  btBoxBoxDetector.cpp
  btNNCGConstraintSolver.cpp
  DillCreator.cpp
  btReducedDeformableBody.cpp
  btCollisionDispatcher.cpp
  btPoint2PointConstraint.cpp
  btCollisionDispatcherMt.cpp
  GwenProfileWindow.cpp
  btSequentialImpulseConstraintSolver.cpp
  IDRandomUtil.cpp
  btCollisionObject.cpp
  MultiBodyNameMap.cpp
  btSequentialImpulseConstraintSolverMt.cpp
  vhacdICHull.cpp
  btCollisionWorld.cpp
  btReducedDeformableBodyHelpers.cpp
  btSliderConstraint.cpp
  MultiBodyTreeCreator.cpp
  btSolve2LinearConstraint.cpp
  btTypedConstraint.cpp
  vhacdManifoldMesh.cpp
  btCollisionWorldImporter.cpp
  MultiBodyTreeDebugGraph.cpp
  GwenTextureWindow.cpp
  btReducedDeformableBodySolver.cpp
  btUniversalConstraint.cpp
  vhacdMesh.cpp
C:\Users\jpfau\Desktop\Genesis\External\Bullet\Extras\VHACD\src\vhacdMesh.cpp(15,9): warning C4005: '_CRT_SECURE_NO_WARNINGS': macro redefinition [C:\Users\jpfau\Desktop\Genesis\Build\External\Bullet\Extras\BulletRobotics\BulletRobotics.vcxproj]
      C:\Users\jpfau\Desktop\Genesis\External\Bullet\Extras\VHACD\src\vhacdMesh.cpp(15,9):
      '_CRT_SECURE_NO_WARNINGS' previously declared on the command line
  
  RandomTreeCreator.cpp
  btDiscreteDynamicsWorld.cpp
  btCompoundCollisionAlgorithm.cpp
  Generating Code...
  SimpleTreeCreator.cpp
  Generating Code...
  vhacdVolume.cpp
C:\Users\jpfau\Desktop\Genesis\External\Bullet\Extras\VHACD\src\vhacdVolume.cpp(15,9): warning C4005: '_CRT_SECURE_NO_WARNINGS': macro redefinition [C:\Users\jpfau\Desktop\Genesis\Build\External\Bullet\Extras\BulletRobotics\BulletRobotics.vcxproj]
      C:\Users\jpfau\Desktop\Genesis\External\Bullet\Extras\VHACD\src\vhacdVolume.cpp(15,9):
      '_CRT_SECURE_NO_WARNINGS' previously declared on the command line
  
  Compiling...
  btCompoundCompoundCollisionAlgorithm.cpp
  btReducedDeformableContactConstraint.cpp
  gwenUserInterface.cpp
  Compiling...
  btDiscreteDynamicsWorldMt.cpp
  btConvex2dConvex2dAlgorithm.cpp
  User2InternalIndex.cpp
  btConvexConcaveCollisionAlgorithm.cpp
  main_vhacd.cpp
C:\Users\jpfau\Desktop\Genesis\External\Bullet\Extras\VHACD\test\src\main_vhacd.cpp(16,9): warning C4005: '_CRT_SECURE_NO_WARNINGS': macro redefinition [C:\Users\jpfau\Desktop\Genesis\Build\External\Bullet\Extras\BulletRobotics\BulletRobotics.vcxproj]
      C:\Users\jpfau\Desktop\Genesis\External\Bullet\Extras\VHACD\test\src\main_vhacd.cpp(16,9):
      '_CRT_SECURE_NO_WARNINGS' previously declared on the command line
  
  btMultiBodyTreeCreator.cpp
  btConvexConvexAlgorithm.cpp
  btRigidBody.cpp
  btDefaultSoftBodySolver.cpp
  btConvexPlaneCollisionAlgorithm.cpp
  invdyn_bullet_comparison.cpp
  btDefaultCollisionConfiguration.cpp
  btSimpleDynamicsWorld.cpp
  LoadMeshFromCollada.cpp
  btEmptyCollisionAlgorithm.cpp
  btSimulationIslandManagerMt.cpp
  OpenGLExampleBrowser.cpp
  btDeformableBackwardEulerObjective.cpp
  btGhostObject.cpp
  btMultiBody.cpp
  btHashedSimplePairCache.cpp
  BulletMJCFImporter.cpp
  Generating Code...
  btInternalEdgeUtility.cpp
  btMultiBodyConstraint.cpp
  btMultiBodyConstraintSolver.cpp
  btManifoldResult.cpp
  btDeformableBodySolver.cpp
C:\Users\jpfau\Desktop\Genesis\External\Bullet\examples\Importers\ImportMJCFDemo\BulletMJCFImporter.cpp(1450,54): warning C4804: '>': unsafe use of type 'bool' in operation [C:\Users\jpfau\Desktop\Genesis\Build\External\Bullet\Extras\BulletRobotics\BulletRobotics.vcxproj]
  btSimulationIslandManager.cpp
  BulletInverseDynamicsUtils.vcxproj -> C:\Users\jpfau\Desktop\Genesis\Build\lib\Debug\BulletInverseDynamicsUtils_Debug.lib
  btSphereBoxCollisionAlgorithm.cpp
  b3ImportMeshUtility.cpp
  OpenGLGuiHelper.cpp
  btMultiBodyDynamicsWorld.cpp
  btBulletWorldImporter.cpp
  btSphereSphereCollisionAlgorithm.cpp
  btSphereTriangleCollisionAlgorithm.cpp
  LoadMeshFromObj.cpp
  btUnionFind.cpp
  btMultiBodyFixedConstraint.cpp
  btDeformableContactConstraint.cpp
  btBox2dShape.cpp
  btBoxShape.cpp
  Wavefront2GLInstanceGraphicsShape.cpp
  btMultiBodyWorldImporter.cpp
  btBvhTriangleMeshShape.cpp
  ChromeTraceUtil.cpp
  btMultiBodyGearConstraint.cpp
  b3Clock.cpp
  btDeformableContactProjection.cpp
  BulletUrdfImporter.cpp
  btCapsuleShape.cpp
  b3ResourcePath.cpp
  btWorldImporter.cpp
  Generating Code...
  btMultiBodyJointLimitConstraint.cpp
  Compiling...
  btCollisionShape.cpp
  btMultiBodyJointMotor.cpp
  btCompoundShape.cpp
  Generating Code...
  Generating Code...
  btDeformableMultiBodyConstraintSolver.cpp
  MyMultiBodyCreator.cpp
  btMultiBodyMLCPConstraintSolver.cpp
  btConcaveShape.cpp
  btConeShape.cpp
  btConvex2dShape.cpp
  BulletWorldImporter.vcxproj -> C:\Users\jpfau\Desktop\Genesis\Build\lib\Debug\BulletWorldImporter_Debug.lib
  btConvexHullShape.cpp
  URDF2Bullet.cpp
  btMultiBodyPoint2Point.cpp
  btTaskScheduler.cpp
  BulletExampleBrowserLib.vcxproj -> C:\Users\jpfau\Desktop\Genesis\Build\lib\Debug\BulletExampleBrowserLib_Debug.lib
  btDeformableMultiBodyDynamicsWorld.cpp
  btConvexInternalShape.cpp
  btMultiBodySliderConstraint.cpp
  btThreadSupportPosix.cpp
  btThreadSupportWin32.cpp
  btAlignedAllocator.cpp
  btConvexPointCloudShape.cpp
  UrdfParser.cpp
  Jacobian.cpp
  btConvexHull.cpp
  btConvexPolyhedron.cpp
  btConvexHullComputer.cpp
  btMultiBodySphericalJointLimit.cpp
  btGeometryUtil.cpp
  urdfStringSplit.cpp
  LinearR2.cpp
  btPolarDecomposition.cpp
  btConvexShape.cpp
  btQuickprof.cpp
  btConvexTriangleMeshShape.cpp
  b3PosixThreadSupport.cpp
  btSoftBody.cpp
  b3ThreadSupportInterface.cpp
  btMultiBodySphericalJointMotor.cpp
  btCylinderShape.cpp
  b3Win32ThreadSupport.cpp
  btReducedVector.cpp
  btEmptyShape.cpp
  LinearR3.cpp
  btHeightfieldTerrainShape.cpp
  btSerializer.cpp
  btDantzigLCP.cpp
  btMiniSDF.cpp
  btSerializer64.cpp
  btThreads.cpp
  btLemkeAlgorithm.cpp
  SimpleCamera.cpp
  btMinkowskiSumShape.cpp
  Generating Code...
  LinearR4.cpp
  btMultiSphereShape.cpp
  btVector3.cpp
  btMLCPSolver.cpp
  btSoftBodyConcaveCollisionAlgorithm.cpp
  Generating Code...
  Generating Code...
  btMultimaterialTriangleMeshShape.cpp
  Compiling...
  btRaycastVehicle.cpp
  Compiling...
  IKTrajectoryHelper.cpp
  MatrixRmn.cpp
  btSoftBodyHelpers.cpp
  btWheelInfo.cpp
  LinearMath.vcxproj -> C:\Users\jpfau\Desktop\Genesis\Build\lib\Debug\LinearMath_Debug.lib
  btOptimizedBvh.cpp
  Generating Code...
  btPolyhedralConvexShape.cpp
  Misc.cpp
  InProcessMemory.cpp
  Generating Code...
  Compiling...
  btScaledBvhTriangleMeshShape.cpp
  PhysicsClient.cpp
  Node.cpp
  PhysicsClientC_API.cpp
  btSoftBodyRigidBodyCollisionConfiguration.cpp
  btSdfCollisionShape.cpp
  btShapeHull.cpp
  Tree.cpp
  btSoftMultiBodyDynamicsWorld.cpp
  PhysicsClientSharedMemory.cpp
  btSphereShape.cpp
  gl.c
  btStaticPlaneShape.cpp
  btStridingMeshInterface.cpp
  PhysicsClientSharedMemory_C_API.cpp
  VectorRn.cpp
  BulletDynamics.vcxproj -> C:\Users\jpfau\Desktop\Genesis\Build\lib\Debug\BulletDynamics_Debug.lib
  PhysicsClientTCP.cpp
  btTetrahedronShape.cpp
  btSoftRigidCollisionAlgorithm.cpp
  EGLOpenGLWindow.cpp
  btTriangleBuffer.cpp
  GLFWOpenGLWindow.cpp
  GLInstancingRenderer.cpp
  btTriangleCallback.cpp
  btTriangleIndexVertexArray.cpp
  Generating Code...
  GLPrimitiveRenderer.cpp
  btTriangleIndexVertexMaterialArray.cpp
  GLRenderToTexture.cpp
  LoadShader.cpp
  btTriangleMesh.cpp
  btSoftRigidDynamicsWorld.cpp
C:\Program Files\Microsoft Visual Studio\2022\Community\VC\Tools\MSVC\14.44.35207\include\stdint.h(57,9): warning C4005: 'UINT8_MAX': macro redefinition [C:\Users\jpfau\Desktop\Genesis\Build\External\Bullet\Extras\BulletRobotics\BulletRobotics.vcxproj]
  (compiling source file '../../../../../../External/Bullet/examples/SharedMemory/PhysicsClientTCP.cpp')
      C:\Users\jpfau\Desktop\Genesis\External\Bullet\examples\ThirdPartyLibs\clsocket\src\Host.h(107,9):
      see previous definition of 'UINT8_MAX'
  
C:\Program Files\Microsoft Visual Studio\2022\Community\VC\Tools\MSVC\14.44.35207\include\stdint.h(58,9): warning C4005: 'UINT16_MAX': macro redefinition [C:\Users\jpfau\Desktop\Genesis\Build\External\Bullet\Extras\BulletRobotics\BulletRobotics.vcxproj]
  (compiling source file '../../../../../../External/Bullet/examples/SharedMemory/PhysicsClientTCP.cpp')
      C:\Users\jpfau\Desktop\Genesis\External\Bullet\examples\ThirdPartyLibs\clsocket\src\Host.h(110,9):
      see previous definition of 'UINT16_MAX'
  
C:\Program Files\Microsoft Visual Studio\2022\Community\VC\Tools\MSVC\14.44.35207\include\stdint.h(59,9): warning C4005: 'UINT32_MAX': macro redefinition [C:\Users\jpfau\Desktop\Genesis\Build\External\Bullet\Extras\BulletRobotics\BulletRobotics.vcxproj]
  (compiling source file '../../../../../../External/Bullet/examples/SharedMemory/PhysicsClientTCP.cpp')
      C:\Users\jpfau\Desktop\Genesis\External\Bullet\examples\ThirdPartyLibs\clsocket\src\Host.h(113,9):
      see previous definition of 'UINT32_MAX'
  
  OpenSans.cpp
  PhysicsClientTCP_C_API.cpp
  btTriangleMeshShape.cpp
  PhysicsClientUDP.cpp
  SimpleCamera.cpp
  Anim.cpp
  btUniformScalingShape.cpp
  SimpleOpenGL2App.cpp
  btContactProcessing.cpp
  btGImpactBvh.cpp
  SimpleOpenGL2Renderer.cpp
  btSoftSoftCollisionAlgorithm.cpp
  btGImpactCollisionAlgorithm.cpp
  b3BulletFile.cpp
  SimpleOpenGL3App.cpp
C:\Users\jpfau\Desktop\Genesis\External\Bullet\examples\SharedMemory\PhysicsClientUDP.cpp(167,8): warning C4477: 'printf' : format string '%lu' requires an argument of type 'unsigned long', but variadic argument 1 has type 'size_t' [C:\Users\jpfau\Desktop\Genesis\Build\External\Bullet\Extras\BulletRobotics\BulletRobotics.vcxproj]
      C:\Users\jpfau\Desktop\Genesis\External\Bullet\examples\SharedMemory\PhysicsClientUDP.cpp(167,8):
      consider using '%zu' in the format string
  
C:\Users\jpfau\Desktop\Genesis\External\Bullet\examples\SharedMemory\PhysicsClientUDP.cpp(223,8): warning C4477: 'printf' : format string '%lu' requires an argument of type 'unsigned long', but variadic argument 1 has type 'size_t' [C:\Users\jpfau\Desktop\Genesis\Build\External\Bullet\Extras\BulletRobotics\BulletRobotics.vcxproj]
      C:\Users\jpfau\Desktop\Genesis\External\Bullet\examples\SharedMemory\PhysicsClientUDP.cpp(223,8):
      consider using '%zu' in the format string
  
  PhysicsClientUDP_C_API.cpp
  btGImpactQuantizedBvh.cpp
  TwFonts.cpp
  PhysicsDirect.cpp
  b3Chunk.cpp
  btGImpactShape.cpp
  poly34.cpp
  Generating Code...
  BaseRender.cpp
  btGenericPoolAllocator.cpp
  Win32OpenGLWindow.cpp
  b3DNA.cpp
  Generating Code...
  PhysicsDirectC_API.cpp
  Compiling...
  btTriangleShapeEx.cpp
  gim_box_set.cpp
  b3File.cpp
  PhysicsServer.cpp
  gim_contact.cpp
  Win32Window.cpp
  PhysicsServerCommandProcessor.cpp
  gim_memory.cpp
  gim_tri_collision.cpp
  b3Serializer.cpp
  Generating Code...
  BussIK.vcxproj -> C:\Users\jpfau\Desktop\Genesis\Build\lib\Debug\BussIK_Debug.lib
  btContinuousConvexCollision.cpp
  Base.cpp
  btConvexCast.cpp
  fontstash.cpp
  btGjkConvexCast.cpp
  btGjkEpa2.cpp
  Bullet2FileLoader.vcxproj -> C:\Users\jpfau\Desktop\Genesis\Build\lib\Debug\Bullet2FileLoader_Debug.lib
  BulletSoftBody.vcxproj -> C:\Users\jpfau\Desktop\Genesis\Build\lib\Debug\BulletSoftBody_Debug.lib
  btGjkEpaPenetrationDepthSolver.cpp
  btGjkPairDetector.cpp
  b3DynamicBvh.cpp
  opengl_fontstashcallbacks.cpp
  btMinkowskiPenetrationDepthSolver.cpp
  b3FixedConstraint.cpp
  stb_image_write.cpp
  btPersistentManifold.cpp
  b3DynamicBvhBroadphase.cpp
  Generating Code...
  b3Generic6DofConstraint.cpp
  Button.cpp
  b3OverlappingPairCache.cpp
  b3PgsJacobiSolver.cpp
  b3ConvexUtility.cpp
  btPolyhedralContactClipping.cpp
  b3Point2PointConstraint.cpp
  btRaycastCallback.cpp
  b3TypedConstraint.cpp
  OpenGLWindow.vcxproj -> C:\Users\jpfau\Desktop\Genesis\Build\lib\Debug\OpenGLWindow_Debug.lib
  btSubSimplexConvexCast.cpp
  b3CpuNarrowPhase.cpp
  b3CpuRigidBodyPipeline.cpp
  btVoronoiSimplexSolver.cpp
  Generating Code...
  Generating Code...
  Generating Code...
  obj2sdf.cpp
  Canvas.cpp
  Bullet3Collision.vcxproj -> C:\Users\jpfau\Desktop\Genesis\Build\lib\Debug\Bullet3Collision_Debug.lib
  Bullet3Dynamics.vcxproj -> C:\Users\jpfau\Desktop\Genesis\Build\lib\Debug\Bullet3Dynamics_Debug.lib
  tiny_obj_loader.cpp
  b3ConvexHullComputer.cpp
  clew.c
  BulletCollision.vcxproj -> C:\Users\jpfau\Desktop\Genesis\Build\lib\Debug\BulletCollision_Debug.lib
  b3GeometryUtil.cpp
  Generating Code...
  b3GpuGridBroadphase.cpp
  InProcessExampleBrowser.cpp
  CheckBox.cpp
  b3ResourcePath.cpp
  b3GpuParallelLinearBvh.cpp
  Bullet3Geometry.vcxproj -> C:\Users\jpfau\Desktop\Genesis\Build\lib\Debug\Bullet3Geometry_Debug.lib
  b3GpuParallelLinearBvhBroadphase.cpp
  b3GpuSapBroadphase.cpp
  GraphicsClientExample.cpp
  PhysicsServerSharedMemory.cpp
  btBulletXmlWorldImporter.cpp
  GraphicsServerExample.cpp
  b3OpenCLUtils.cpp
  Generating Code...
  ColorControls.cpp
  PosixSharedMemory.cpp
  b3ContactCache.cpp
  b3ConvexHullContact.cpp
  string_split.cpp
  Win32SharedMemory.cpp
LINK : warning LNK4075: ignoring '/INCREMENTAL' due to '/OPT:ICF' specification [C:\Users\jpfau\Desktop\Genesis\Build\External\Bullet\Extras\obj2sdf\App_obj2sdf.vcxproj]
  tinyxml2.cpp
  b3GjkEpa.cpp
  Generating Code...
  PhysicsServerExample.cpp
  App_obj2sdf.vcxproj -> C:\Users\jpfau\Desktop\Genesis\Build\External\Bullet\Extras\obj2sdf\Debug\App_obj2sdf.exe
  b3OptimizedBvh.cpp
  b3PluginManager.cpp
  b3QuantizedBvh.cpp
  ColorPicker.cpp
  b3StridingMeshInterface.cpp
  ConvexBuilder.cpp
  b3TriangleCallback.cpp
  ConvexDecomposition.cpp
  b3TriangleIndexVertexArray.cpp
  b3RobotSimulatorClientAPI_NoDirect.cpp
  b3VoronoiSimplexSolver.cpp
  b3BoundSearchCL.cpp
  bestfit.cpp
  bestfitobb.cpp
  b3FillCL.cpp
  PhysicsServerExampleBullet2.cpp
  cd_hull.cpp
  b3RobotSimulatorClientAPI_NoGUI.cpp
  cd_wavefront.cpp
  b3LauncherCL.cpp
  b3PrefixScanCL.cpp
  RemoteGUIHelper.cpp
  Generating Code...
  concavity.cpp
  b3PrefixScanFloat4CL.cpp
  ComboBox.cpp
  b3RadixSort32CL.cpp
  RemoteGUIHelperTCP.cpp
  fitsphere.cpp
  'pwsh.exe' is not recognized as an internal or external command,
  operable program or batch file.
  Generating Code...
  float_math.cpp
  meshvolume.cpp
  planetri.cpp
  raytri.cpp
  Compiling...
  b3GpuRaycast.cpp
  splitplane.cpp
  b3GpuGenericConstraint.cpp
  Compiling...
  collisionFilterPlugin.cpp
  vlookup.cpp
  b3GpuJacobiContactSolver.cpp
  SharedMemoryInProcessPhysicsC_API.cpp
  CrossSplitter.cpp
  b3GpuNarrowPhase.cpp
  Generating Code...
  pdControlPlugin.cpp
  Generating Code...
  b3GpuPgsConstraintSolver.cpp
  BulletConversion.cpp
  b3GpuPgsContactSolver.cpp
  ConvexDecomposition.vcxproj -> C:\Users\jpfau\Desktop\Genesis\Build\lib\Debug\ConvexDecomposition_Debug.lib
  b3GpuRigidBodyPipeline.cpp
  btGImpactConvexDecompositionShape.cpp
  b3Solver.cpp
  FileOpen.cpp
  BulletRoboticsGUI.vcxproj -> C:\Users\jpfau\Desktop\Genesis\Build\lib\Debug\BulletRoboticsGUI_Debug.lib
  BulletXmlWorldImporter.vcxproj -> C:\Users\jpfau\Desktop\Genesis\Build\lib\Debug\BulletXmlWorldImporter_Debug.lib
  Generating Code...
  hacdGraph.cpp
  CollisionShape2TriangleMesh.cpp
  GIMPACTUtils.vcxproj -> C:\Users\jpfau\Desktop\Genesis\Build\lib\Debug\GIMPACTUtils_Debug.lib
  BasicExample.cpp
  LoadMeshFromCollada.cpp
  KinTree.cpp
  GL_ShapeDrawer.cpp
  FileSave.cpp
  hacdHACD.cpp
  BulletMJCFImporter.cpp
  CollisionShape2TriangleMesh.cpp
  OpenGLGuiHelper.cpp
  GL_ShapeDrawer.cpp
  hacdICHull.cpp
C:\Users\jpfau\Desktop\Genesis\External\Bullet\examples\Importers\ImportMJCFDemo\BulletMJCFImporter.cpp(1450,54): warning C4804: '>': unsafe use of type 'bool' in operation [C:\Users\jpfau\Desktop\Genesis\Build\External\Bullet\examples\SharedMemory\App_PhysicsServer_SharedMemory.vcxproj]
  Query.cpp
  b3ImportMeshUtility.cpp
  hacdManifoldMesh.cpp
  OpenGLGuiHelper.cpp
  LoadMeshFromObj.cpp
  LoadMeshFromCollada.cpp
  Wavefront2GLInstanceGraphicsShape.cpp
  Generating Code...
  DockBase.cpp
  BulletMJCFImporter.cpp
  BulletUrdfImporter.cpp
  main_opengl_single_example.cpp
  b3Clock.cpp
  HACD.vcxproj -> C:\Users\jpfau\Desktop\Genesis\Build\lib\Debug\HACD_Debug.lib
  MathUtil.cpp
  Generating Code...
C:\Users\jpfau\Desktop\Genesis\External\Bullet\examples\Importers\ImportMJCFDemo\BulletMJCFImporter.cpp(1450,54): warning C4804: '>': unsafe use of type 'bool' in operation [C:\Users\jpfau\Desktop\Genesis\Build\External\Bullet\examples\SharedMemory\App_PhysicsServer_SharedMemory_GUI.vcxproj]
  BasicExample.cpp
  b3ImportMeshUtility.cpp
  DockedTabControl.cpp
  MyMultiBodyCreator.cpp
  LoadMeshFromObj.cpp
  main.cpp
LINK : warning LNK4075: ignoring '/INCREMENTAL' due to '/OPT:ICF' specification [C:\Users\jpfau\Desktop\Genesis\Build\External\Bullet\examples\BasicDemo\AppBasicExampleGui.vcxproj]
  Wavefront2GLInstanceGraphicsShape.cpp
  URDF2Bullet.cpp
  Generating Code...
  AppBasicExampleGui.vcxproj -> C:\Users\jpfau\Desktop\Genesis\Build\External\Bullet\examples\BasicDemo\Debug\AppBasicExampleGui.exe
  Dragger.cpp
  BulletUrdfImporter.cpp
  UrdfParser.cpp
LINK : warning LNK4075: ignoring '/INCREMENTAL' due to '/OPT:ICF' specification [C:\Users\jpfau\Desktop\Genesis\Build\External\Bullet\examples\BasicDemo\App_BasicExample.vcxproj]
  urdfStringSplit.cpp
  App_BasicExample.vcxproj -> C:\Users\jpfau\Desktop\Genesis\Build\External\Bullet\examples\BasicDemo\Debug\App_BasicExample.exe
  b3ThreadSupportInterface.cpp
  MyMultiBodyCreator.cpp
  GroupBox.cpp
  b3Win32ThreadSupport.cpp
  'pwsh.exe' is not recognized as an internal or external command,
  operable program or batch file.
  'pwsh.exe' is not recognized as an internal or external command,
  operable program or batch file.
  SimpleCamera.cpp
  URDF2Bullet.cpp
  GraphicsClientExample.cpp
  GraphicsServerExample.cpp
  IKTrajectoryHelper.cpp
  HSVColorPicker.cpp
  UrdfParser.cpp
  InProcessMemory.cpp
  urdfStringSplit.cpp
  HelloWorld.cpp
  PhysicsClient.cpp
  b3ThreadSupportInterface.cpp
  PhysicsClientC_API.cpp
  b3Win32ThreadSupport.cpp
  Bullet3OpenCL_clew.vcxproj -> C:\Users\jpfau\Desktop\Genesis\Build\lib\Debug\Bullet3OpenCL_clew_Debug.lib
  HorizontalScrollBar.cpp
  PhysicsClientExample.cpp
  Engine.cpp
C:\Users\jpfau\Desktop\Genesis\Engine\include\Engine\Engine.h(12,23): error C2065: 'SDL_Window': undeclared identifier [C:\Users\jpfau\Desktop\Genesis\Build\Engine\Engine.vcxproj]
  (compiling source file '../../Engine/src/Engine.cpp')
  
C:\Users\jpfau\Desktop\Genesis\Engine\include\Engine\Engine.h(12,35): error C2065: 'sdlWindow': undeclared identifier [C:\Users\jpfau\Desktop\Genesis\Build\Engine\Engine.vcxproj]
  (compiling source file '../../Engine/src/Engine.cpp')
  
  SimpleCamera.cpp
  GraphicsClientExample.cpp
  GraphicsServerExample.cpp
  IKTrajectoryHelper.cpp
  Generating Code...
  Physics.cpp
  HorizontalSlider.cpp
  Compiling...
  PhysicsClientSharedMemory.cpp
LINK : warning LNK4075: ignoring '/INCREMENTAL' due to '/OPT:ICF' specification [C:\Users\jpfau\Desktop\Genesis\Build\External\Bullet\examples\HelloWorld\App_HelloWorld.vcxproj]
  InProcessMemory.cpp
  App_HelloWorld.vcxproj -> C:\Users\jpfau\Desktop\Genesis\Build\External\Bullet\examples\HelloWorld\Debug\App_HelloWorld.exe
  SDLWindow.cpp
  Generating Code...
  PhysicsClientSharedMemory2.cpp
  PhysicsClientSharedMemory2_C_API.cpp
  PhysicsClientSharedMemory_C_API.cpp
  PhysicsDirect.cpp
  Generating Code...
  Compiling...
  PhysicsClient.cpp
  PhysicsClientC_API.cpp
C:\Users\jpfau\Desktop\Genesis\Engine\src\SDLWindow.cpp(15,21): warning C4804: '<': unsafe use of type 'bool' in operation [C:\Users\jpfau\Desktop\Genesis\Build\Engine\Engine.vcxproj]
  Generating Code...
  Compiling...
  ImagePanel.cpp
  PhysicsDirectC_API.cpp
  PhysicsClientExample.cpp
  PhysicsLoopBack.cpp
  gtest-all.cc
  'pwsh.exe' is not recognized as an internal or external command,
  operable program or batch file.
  RBDModel.cpp
  PhysicsClientSharedMemory.cpp
  PhysicsLoopBackC_API.cpp
  PhysicsServer.cpp
  PhysicsServerCommandProcessor.cpp
  Label.cpp
  PhysicsClientSharedMemory2.cpp
  PhysicsClientSharedMemory2_C_API.cpp
  PhysicsClientSharedMemory_C_API.cpp
  PhysicsDirect.cpp
  PhysicsDirectC_API.cpp
  RBDUtil.cpp
  LabelClickable.cpp
  PhysicsLoopBack.cpp
  PhysicsServerExample.cpp
  gtest.vcxproj -> C:\Users\jpfau\Desktop\Genesis\Build\lib\Debug\gtest_Debug.lib
  PhysicsLoopBackC_API.cpp
  PhysicsServer.cpp
  PhysicsServerCommandProcessor.cpp
  ListBox.cpp
  PhysicsServerExampleBullet2.cpp
  PhysicsServerSharedMemory.cpp
  Menu.cpp
  Pendulum.cpp
  PhysicsServerExample.cpp
  PosixSharedMemory.cpp
  SharedMemoryCommandProcessor.cpp
  Win32SharedMemory.cpp
  MenuItem.cpp
  b3PluginManager.cpp
  PhysicsServerExampleBullet2.cpp
  LoadMeshFromCollada.cpp
  PhysicsServerSharedMemory.cpp
  b3RobotSimulatorClientAPI_NoDirect.cpp
  BulletMJCFImporter.cpp
  main.cpp
  MenuStrip.cpp
  PosixSharedMemory.cpp
  SharedMemoryCommandProcessor.cpp
  Win32SharedMemory.cpp
C:\Users\jpfau\Desktop\Genesis\External\Bullet\examples\Importers\ImportMJCFDemo\BulletMJCFImporter.cpp(1450,54): warning C4804: '>': unsafe use of type 'bool' in operation [C:\Users\jpfau\Desktop\Genesis\Build\External\Bullet\test\SharedMemory\Test_PhysicsClientServer.vcxproj]
  b3ImportMeshUtility.cpp
  collisionFilterPlugin.cpp
  b3PluginManager.cpp
LINK : warning LNK4075: ignoring '/INCREMENTAL' due to '/OPT:ICF' specification [C:\Users\jpfau\Desktop\Genesis\Build\External\Bullet\test\BulletDynamics\pendulum\Test_BulletDynamics.vcxproj]
  LoadMeshFromObj.cpp
  NumericUpDown.cpp
  Generating Code...
  Generating Code...
  Wavefront2GLInstanceGraphicsShape.cpp
  Test_BulletDynamics.vcxproj -> C:\Users\jpfau\Desktop\Genesis\Build\External\Bullet\test\BulletDynamics\pendulum\Debug\Test_BulletDynamics.exe
  Shape.cpp
  Compiling...
  pdControlPlugin.cpp
  BulletUrdfImporter.cpp
  SpAlg.cpp
  Compiling...
  b3RobotSimulatorClientAPI_NoDirect.cpp
  TinyRendererVisualShapeConverter.cpp
  PanelListPanel.cpp
  collisionFilterPlugin.cpp
  'pwsh.exe' is not recognized as an internal or external command,
  operable program or batch file.
  pdControlPlugin.cpp
  MyMultiBodyCreator.cpp
  tinyRendererPlugin.cpp
  TinyRendererVisualShapeConverter.cpp
  tiny_obj_loader.cpp
  ProgressBar.cpp
  URDF2Bullet.cpp
  stb_image.cpp
C:\Users\jpfau\Desktop\Genesis\External\Bullet\examples\ThirdPartyLibs\stb_image\stb_image.cpp(220,9): warning C4312: 'type cast': conversion from 'int' to 'unsigned char *' of greater size [C:\Users\jpfau\Desktop\Genesis\Build\External\Bullet\examples\SharedMemory\App_PhysicsServer_SharedMemory.vcxproj]
C:\Users\jpfau\Desktop\Genesis\External\Bullet\examples\ThirdPartyLibs\stb_image\stb_image.cpp(228,17): warning C4312: 'type cast': conversion from 'int' to 'unsigned char *' of greater size [C:\Users\jpfau\Desktop\Genesis\Build\External\Bullet\examples\SharedMemory\App_PhysicsServer_SharedMemory.vcxproj]
C:\Users\jpfau\Desktop\Genesis\External\Bullet\examples\ThirdPartyLibs\stb_image\stb_image.cpp(268,9): warning C4312: 'type cast': conversion from 'int' to 'float *' of greater size [C:\Users\jpfau\Desktop\Genesis\Build\External\Bullet\examples\SharedMemory\App_PhysicsServer_SharedMemory.vcxproj]
C:\Users\jpfau\Desktop\Genesis\External\Bullet\examples\ThirdPartyLibs\stb_image\stb_image.cpp(290,17): warning C4312: 'type cast': conversion from 'int' to 'float *' of greater size [C:\Users\jpfau\Desktop\Genesis\Build\External\Bullet\examples\SharedMemory\App_PhysicsServer_SharedMemory.vcxproj]
C:\Users\jpfau\Desktop\Genesis\External\Bullet\examples\ThirdPartyLibs\stb_image\stb_image.cpp(524,10): warning C4312: 'type cast': conversion from 'int' to 'unsigned char *' of greater size [C:\Users\jpfau\Desktop\Genesis\Build\External\Bullet\examples\SharedMemory\App_PhysicsServer_SharedMemory.vcxproj]
C:\Users\jpfau\Desktop\Genesis\External\Bullet\examples\ThirdPartyLibs\stb_image\stb_image.cpp(601,10): warning C4312: 'type cast': conversion from 'int' to 'float *' of greater size [C:\Users\jpfau\Desktop\Genesis\Build\External\Bullet\examples\SharedMemory\App_PhysicsServer_SharedMemory.vcxproj]
C:\Users\jpfau\Desktop\Genesis\External\Bullet\examples\ThirdPartyLibs\stb_image\stb_image.cpp(628,10): warning C4312: 'type cast': conversion from 'int' to 'unsigned char *' of greater size [C:\Users\jpfau\Desktop\Genesis\Build\External\Bullet\examples\SharedMemory\App_PhysicsServer_SharedMemory.vcxproj]
C:\Users\jpfau\Desktop\Genesis\External\Bullet\examples\ThirdPartyLibs\stb_image\stb_image.cpp(1643,43): warning C4312: 'type cast': conversion from 'int' to 'unsigned char *' of greater size [C:\Users\jpfau\Desktop\Genesis\Build\External\Bullet\examples\SharedMemory\App_PhysicsServer_SharedMemory.vcxproj]
C:\Users\jpfau\Desktop\Genesis\External\Bullet\examples\ThirdPartyLibs\stb_image\stb_image.cpp(1680,12): warning C4312: 'type cast': conversion from 'int' to 'unsigned char *' of greater size [C:\Users\jpfau\Desktop\Genesis\Build\External\Bullet\examples\SharedMemory\App_PhysicsServer_SharedMemory.vcxproj]
C:\Users\jpfau\Desktop\Genesis\External\Bullet\examples\ThirdPartyLibs\stb_image\stb_image.cpp(1707,11): warning C4312: 'type cast': conversion from 'int' to 'unsigned char *' of greater size [C:\Users\jpfau\Desktop\Genesis\Build\External\Bullet\examples\SharedMemory\App_PhysicsServer_SharedMemory.vcxproj]
C:\Users\jpfau\Desktop\Genesis\External\Bullet\examples\ThirdPartyLibs\stb_image\stb_image.cpp(2851,43): warning C4312: 'type cast': conversion from 'int' to 'unsigned char *' of greater size [C:\Users\jpfau\Desktop\Genesis\Build\External\Bullet\examples\SharedMemory\App_PhysicsServer_SharedMemory.vcxproj]
  UrdfParser.cpp
C:\Users\jpfau\Desktop\Genesis\External\Bullet\examples\ThirdPartyLibs\stb_image\stb_image.cpp(2984,47): warning C4312: 'type cast': conversion from 'int' to 'unsigned char *' of greater size [C:\Users\jpfau\Desktop\Genesis\Build\External\Bullet\examples\SharedMemory\App_PhysicsServer_SharedMemory.vcxproj]
C:\Users\jpfau\Desktop\Genesis\External\Bullet\examples\ThirdPartyLibs\stb_image\stb_image.cpp(2990,64): warning C4312: 'type cast': conversion from 'int' to 'unsigned char *' of greater size [C:\Users\jpfau\Desktop\Genesis\Build\External\Bullet\examples\SharedMemory\App_PhysicsServer_SharedMemory.vcxproj]
C:\Users\jpfau\Desktop\Genesis\External\Bullet\examples\ThirdPartyLibs\stb_image\stb_image.cpp(3001,30): warning C4312: 'type cast': conversion from 'int' to 'unsigned char *' of greater size [C:\Users\jpfau\Desktop\Genesis\Build\External\Bullet\examples\SharedMemory\App_PhysicsServer_SharedMemory.vcxproj]
C:\Users\jpfau\Desktop\Genesis\External\Bullet\examples\ThirdPartyLibs\stb_image\stb_image.cpp(3003,23): warning C4312: 'type cast': conversion from 'int' to 'unsigned char *' of greater size [C:\Users\jpfau\Desktop\Genesis\Build\External\Bullet\examples\SharedMemory\App_PhysicsServer_SharedMemory.vcxproj]
C:\Users\jpfau\Desktop\Genesis\External\Bullet\examples\ThirdPartyLibs\stb_image\stb_image.cpp(3014,46): warning C4312: 'type cast': conversion from 'int' to 'unsigned char *' of greater size [C:\Users\jpfau\Desktop\Genesis\Build\External\Bullet\examples\SharedMemory\App_PhysicsServer_SharedMemory.vcxproj]
C:\Users\jpfau\Desktop\Genesis\External\Bullet\examples\ThirdPartyLibs\stb_image\stb_image.cpp(3058,14): warning C4312: 'type cast': conversion from 'int' to 'unsigned char *' of greater size [C:\Users\jpfau\Desktop\Genesis\Build\External\Bullet\examples\SharedMemory\App_PhysicsServer_SharedMemory.vcxproj]
C:\Users\jpfau\Desktop\Genesis\External\Bullet\examples\ThirdPartyLibs\stb_image\stb_image.cpp(3062,13): warning C4312: 'type cast': conversion from 'int' to 'unsigned char *' of greater size [C:\Users\jpfau\Desktop\Genesis\Build\External\Bullet\examples\SharedMemory\App_PhysicsServer_SharedMemory.vcxproj]
C:\Users\jpfau\Desktop\Genesis\External\Bullet\examples\ThirdPartyLibs\stb_image\stb_image.cpp(3085,19): warning C4312: 'type cast': conversion from 'int' to 'unsigned char *' of greater size [C:\Users\jpfau\Desktop\Genesis\Build\External\Bullet\examples\SharedMemory\App_PhysicsServer_SharedMemory.vcxproj]
  tinyRendererPlugin.cpp
C:\Users\jpfau\Desktop\Genesis\External\Bullet\examples\ThirdPartyLibs\stb_image\stb_image.cpp(3092,11): warning C4312: 'type cast': conversion from 'int' to 'unsigned char *' of greater size [C:\Users\jpfau\Desktop\Genesis\Build\External\Bullet\examples\SharedMemory\App_PhysicsServer_SharedMemory.vcxproj]
C:\Users\jpfau\Desktop\Genesis\External\Bullet\examples\ThirdPartyLibs\stb_image\stb_image.cpp(3110,11): warning C4312: 'type cast': conversion from 'int' to 'unsigned char *' of greater size [C:\Users\jpfau\Desktop\Genesis\Build\External\Bullet\examples\SharedMemory\App_PhysicsServer_SharedMemory.vcxproj]
C:\Users\jpfau\Desktop\Genesis\External\Bullet\examples\ThirdPartyLibs\stb_image\stb_image.cpp(3164,12): warning C4312: 'type cast': conversion from 'int' to 'unsigned char *' of greater size [C:\Users\jpfau\Desktop\Genesis\Build\External\Bullet\examples\SharedMemory\App_PhysicsServer_SharedMemory.vcxproj]
C:\Users\jpfau\Desktop\Genesis\External\Bullet\examples\ThirdPartyLibs\stb_image\stb_image.cpp(3380,24): warning C4312: 'type cast': conversion from 'int' to 'unsigned char *' of greater size [C:\Users\jpfau\Desktop\Genesis\Build\External\Bullet\examples\SharedMemory\App_PhysicsServer_SharedMemory.vcxproj]
C:\Users\jpfau\Desktop\Genesis\External\Bullet\examples\ThirdPartyLibs\stb_image\stb_image.cpp(3391,28): warning C4312: 'type cast': conversion from 'int' to 'unsigned char *' of greater size [C:\Users\jpfau\Desktop\Genesis\Build\External\Bullet\examples\SharedMemory\App_PhysicsServer_SharedMemory.vcxproj]
C:\Users\jpfau\Desktop\Genesis\External\Bullet\examples\ThirdPartyLibs\stb_image\stb_image.cpp(3396,11): warning C4312: 'type cast': conversion from 'int' to 'unsigned char *' of greater size [C:\Users\jpfau\Desktop\Genesis\Build\External\Bullet\examples\SharedMemory\App_PhysicsServer_SharedMemory.vcxproj]
C:\Users\jpfau\Desktop\Genesis\External\Bullet\examples\ThirdPartyLibs\stb_image\stb_image.cpp(3577,10): warning C4312: 'type cast': conversion from 'int' to 'unsigned char *' of greater size [C:\Users\jpfau\Desktop\Genesis\Build\External\Bullet\examples\SharedMemory\App_PhysicsServer_SharedMemory.vcxproj]
C:\Users\jpfau\Desktop\Genesis\External\Bullet\examples\ThirdPartyLibs\stb_image\stb_image.cpp(3581,10): warning C4312: 'type cast': conversion from 'int' to 'unsigned char *' of greater size [C:\Users\jpfau\Desktop\Genesis\Build\External\Bullet\examples\SharedMemory\App_PhysicsServer_SharedMemory.vcxproj]
C:\Users\jpfau\Desktop\Genesis\External\Bullet\examples\ThirdPartyLibs\stb_image\stb_image.cpp(3589,10): warning C4312: 'type cast': conversion from 'int' to 'unsigned char *' of greater size [C:\Users\jpfau\Desktop\Genesis\Build\External\Bullet\examples\SharedMemory\App_PhysicsServer_SharedMemory.vcxproj]
C:\Users\jpfau\Desktop\Genesis\External\Bullet\examples\ThirdPartyLibs\stb_image\stb_image.cpp(3597,10): warning C4312: 'type cast': conversion from 'int' to 'unsigned char *' of greater size [C:\Users\jpfau\Desktop\Genesis\Build\External\Bullet\examples\SharedMemory\App_PhysicsServer_SharedMemory.vcxproj]
  main_opengl_single_example.cpp
C:\Users\jpfau\Desktop\Genesis\External\Bullet\examples\ThirdPartyLibs\stb_image\stb_image.cpp(3610,10): warning C4312: 'type cast': conversion from 'int' to 'unsigned char *' of greater size [C:\Users\jpfau\Desktop\Genesis\Build\External\Bullet\examples\SharedMemory\App_PhysicsServer_SharedMemory.vcxproj]
C:\Users\jpfau\Desktop\Genesis\External\Bullet\examples\ThirdPartyLibs\stb_image\stb_image.cpp(3627,10): warning C4312: 'type cast': conversion from 'int' to 'unsigned char *' of greater size [C:\Users\jpfau\Desktop\Genesis\Build\External\Bullet\examples\SharedMemory\App_PhysicsServer_SharedMemory.vcxproj]
C:\Users\jpfau\Desktop\Genesis\External\Bullet\examples\ThirdPartyLibs\stb_image\stb_image.cpp(3631,19): warning C4312: 'type cast': conversion from 'int' to 'unsigned char *' of greater size [C:\Users\jpfau\Desktop\Genesis\Build\External\Bullet\examples\SharedMemory\App_PhysicsServer_SharedMemory.vcxproj]
C:\Users\jpfau\Desktop\Genesis\External\Bullet\examples\ThirdPartyLibs\stb_image\stb_image.cpp(3795,26): warning C4312: 'type cast': conversion from 'int' to 'unsigned char *' of greater size [C:\Users\jpfau\Desktop\Genesis\Build\External\Bullet\examples\SharedMemory\App_PhysicsServer_SharedMemory.vcxproj]
C:\Users\jpfau\Desktop\Genesis\External\Bullet\examples\ThirdPartyLibs\stb_image\stb_image.cpp(3824,11): warning C4312: 'type cast': conversion from 'int' to 'unsigned char *' of greater size [C:\Users\jpfau\Desktop\Genesis\Build\External\Bullet\examples\SharedMemory\App_PhysicsServer_SharedMemory.vcxproj]
C:\Users\jpfau\Desktop\Genesis\External\Bullet\examples\ThirdPartyLibs\stb_image\stb_image.cpp(3835,25): warning C4312: 'type cast': conversion from 'int' to 'unsigned char *' of greater size [C:\Users\jpfau\Desktop\Genesis\Build\External\Bullet\examples\SharedMemory\App_PhysicsServer_SharedMemory.vcxproj]
C:\Users\jpfau\Desktop\Genesis\External\Bullet\examples\ThirdPartyLibs\stb_image\stb_image.cpp(3836,33): warning C4312: 'type cast': conversion from 'int' to 'unsigned char *' of greater size [C:\Users\jpfau\Desktop\Genesis\Build\External\Bullet\examples\SharedMemory\App_PhysicsServer_SharedMemory.vcxproj]
C:\Users\jpfau\Desktop\Genesis\External\Bullet\examples\ThirdPartyLibs\stb_image\stb_image.cpp(3853,13): warning C4312: 'type cast': conversion from 'int' to 'unsigned char *' of greater size [C:\Users\jpfau\Desktop\Genesis\Build\External\Bullet\examples\SharedMemory\App_PhysicsServer_SharedMemory.vcxproj]
C:\Users\jpfau\Desktop\Genesis\External\Bullet\examples\ThirdPartyLibs\stb_image\stb_image.cpp(3874,29): warning C4312: 'type cast': conversion from 'int' to 'unsigned char *' of greater size [C:\Users\jpfau\Desktop\Genesis\Build\External\Bullet\examples\SharedMemory\App_PhysicsServer_SharedMemory.vcxproj]
  Properties.cpp
C:\Users\jpfau\Desktop\Genesis\External\Bullet\examples\ThirdPartyLibs\stb_image\stb_image.cpp(3894,29): warning C4312: 'type cast': conversion from 'int' to 'unsigned char *' of greater size [C:\Users\jpfau\Desktop\Genesis\Build\External\Bullet\examples\SharedMemory\App_PhysicsServer_SharedMemory.vcxproj]
C:\Users\jpfau\Desktop\Genesis\External\Bullet\examples\ThirdPartyLibs\stb_image\stb_image.cpp(3906,16): warning C4312: 'type cast': conversion from 'int' to 'unsigned char *' of greater size [C:\Users\jpfau\Desktop\Genesis\Build\External\Bullet\examples\SharedMemory\App_PhysicsServer_SharedMemory.vcxproj]
C:\Users\jpfau\Desktop\Genesis\External\Bullet\examples\ThirdPartyLibs\stb_image\stb_image.cpp(3917,33): warning C4312: 'type cast': conversion from 'int' to 'unsigned char *' of greater size [C:\Users\jpfau\Desktop\Genesis\Build\External\Bullet\examples\SharedMemory\App_PhysicsServer_SharedMemory.vcxproj]
C:\Users\jpfau\Desktop\Genesis\External\Bullet\examples\ThirdPartyLibs\stb_image\stb_image.cpp(3944,24): warning C4312: 'type cast': conversion from 'int' to 'unsigned char *' of greater size [C:\Users\jpfau\Desktop\Genesis\Build\External\Bullet\examples\SharedMemory\App_PhysicsServer_SharedMemory.vcxproj]
C:\Users\jpfau\Desktop\Genesis\External\Bullet\examples\ThirdPartyLibs\stb_image\stb_image.cpp(3945,32): warning C4312: 'type cast': conversion from 'int' to 'unsigned char *' of greater size [C:\Users\jpfau\Desktop\Genesis\Build\External\Bullet\examples\SharedMemory\App_PhysicsServer_SharedMemory.vcxproj]
C:\Users\jpfau\Desktop\Genesis\External\Bullet\examples\ThirdPartyLibs\stb_image\stb_image.cpp(4177,23): warning C4312: 'type cast': conversion from 'int' to 'unsigned char *' of greater size [C:\Users\jpfau\Desktop\Genesis\Build\External\Bullet\examples\SharedMemory\App_PhysicsServer_SharedMemory.vcxproj]
C:\Users\jpfau\Desktop\Genesis\External\Bullet\examples\ThirdPartyLibs\stb_image\stb_image.cpp(4182,31): warning C4312: 'type cast': conversion from 'int' to 'unsigned char *' of greater size [C:\Users\jpfau\Desktop\Genesis\Build\External\Bullet\examples\SharedMemory\App_PhysicsServer_SharedMemory.vcxproj]
C:\Users\jpfau\Desktop\Genesis\External\Bullet\examples\ThirdPartyLibs\stb_image\stb_image.cpp(4188,13): warning C4312: 'type cast': conversion from 'int' to 'unsigned char *' of greater size [C:\Users\jpfau\Desktop\Genesis\Build\External\Bullet\examples\SharedMemory\App_PhysicsServer_SharedMemory.vcxproj]
C:\Users\jpfau\Desktop\Genesis\External\Bullet\examples\ThirdPartyLibs\stb_image\stb_image.cpp(4202,12): warning C4312: 'type cast': conversion from 'int' to 'unsigned char *' of greater size [C:\Users\jpfau\Desktop\Genesis\Build\External\Bullet\examples\SharedMemory\App_PhysicsServer_SharedMemory.vcxproj]
  tiny_obj_loader.cpp
C:\Users\jpfau\Desktop\Genesis\External\Bullet\examples\ThirdPartyLibs\stb_image\stb_image.cpp(4233,27): warning C4312: 'type cast': conversion from 'int' to 'unsigned char *' of greater size [C:\Users\jpfau\Desktop\Genesis\Build\External\Bullet\examples\SharedMemory\App_PhysicsServer_SharedMemory.vcxproj]
C:\Users\jpfau\Desktop\Genesis\External\Bullet\examples\ThirdPartyLibs\stb_image\stb_image.cpp(4243,28): warning C4312: 'type cast': conversion from 'int' to 'unsigned char *' of greater size [C:\Users\jpfau\Desktop\Genesis\Build\External\Bullet\examples\SharedMemory\App_PhysicsServer_SharedMemory.vcxproj]
C:\Users\jpfau\Desktop\Genesis\External\Bullet\examples\ThirdPartyLibs\stb_image\stb_image.cpp(4262,13): warning C4312: 'type cast': conversion from 'int' to 'unsigned char *' of greater size [C:\Users\jpfau\Desktop\Genesis\Build\External\Bullet\examples\SharedMemory\App_PhysicsServer_SharedMemory.vcxproj]
C:\Users\jpfau\Desktop\Genesis\External\Bullet\examples\ThirdPartyLibs\stb_image\stb_image.cpp(4299,13): warning C4312: 'type cast': conversion from 'int' to 'unsigned char *' of greater size [C:\Users\jpfau\Desktop\Genesis\Build\External\Bullet\examples\SharedMemory\App_PhysicsServer_SharedMemory.vcxproj]
C:\Users\jpfau\Desktop\Genesis\External\Bullet\examples\ThirdPartyLibs\stb_image\stb_image.cpp(4336,12): warning C4312: 'type cast': conversion from 'int' to 'unsigned char *' of greater size [C:\Users\jpfau\Desktop\Genesis\Build\External\Bullet\examples\SharedMemory\App_PhysicsServer_SharedMemory.vcxproj]
C:\Users\jpfau\Desktop\Genesis\External\Bullet\examples\ThirdPartyLibs\stb_image\stb_image.cpp(4458,10): warning C4312: 'type cast': conversion from 'int' to 'float *' of greater size [C:\Users\jpfau\Desktop\Genesis\Build\External\Bullet\examples\SharedMemory\App_PhysicsServer_SharedMemory.vcxproj]
C:\Users\jpfau\Desktop\Genesis\External\Bullet\examples\ThirdPartyLibs\stb_image\stb_image.cpp(4468,21): warning C4312: 'type cast': conversion from 'int' to 'float *' of greater size [C:\Users\jpfau\Desktop\Genesis\Build\External\Bullet\examples\SharedMemory\App_PhysicsServer_SharedMemory.vcxproj]
C:\Users\jpfau\Desktop\Genesis\External\Bullet\examples\ThirdPartyLibs\stb_image\stb_image.cpp(4473,39): warning C4312: 'type cast': conversion from 'int' to 'float *' of greater size [C:\Users\jpfau\Desktop\Genesis\Build\External\Bullet\examples\SharedMemory\App_PhysicsServer_SharedMemory.vcxproj]
C:\Users\jpfau\Desktop\Genesis\External\Bullet\examples\ThirdPartyLibs\stb_image\stb_image.cpp(4477,39): warning C4312: 'type cast': conversion from 'int' to 'float *' of greater size [C:\Users\jpfau\Desktop\Genesis\Build\External\Bullet\examples\SharedMemory\App_PhysicsServer_SharedMemory.vcxproj]
C:\Users\jpfau\Desktop\Genesis\External\Bullet\examples\ThirdPartyLibs\stb_image\stb_image.cpp(4537,12): warning C4312: 'type cast': conversion from 'int' to 'float *' of greater size [C:\Users\jpfau\Desktop\Genesis\Build\External\Bullet\examples\SharedMemory\App_PhysicsServer_SharedMemory.vcxproj]
  tinyxml2.cpp
  TinyRenderer.cpp
  TinyRendererVisualShapeConverter.cpp
  urdfStringSplit.cpp
  SimpleCamera.cpp
  geometry.cpp
  model.cpp
  IKTrajectoryHelper.cpp
  stb_image.cpp
C:\Users\jpfau\Desktop\Genesis\External\Bullet\examples\ThirdPartyLibs\stb_image\stb_image.cpp(220,9): warning C4312: 'type cast': conversion from 'int' to 'unsigned char *' of greater size [C:\Users\jpfau\Desktop\Genesis\Build\External\Bullet\examples\SharedMemory\App_PhysicsServer_SharedMemory_GUI.vcxproj]
C:\Users\jpfau\Desktop\Genesis\External\Bullet\examples\ThirdPartyLibs\stb_image\stb_image.cpp(228,17): warning C4312: 'type cast': conversion from 'int' to 'unsigned char *' of greater size [C:\Users\jpfau\Desktop\Genesis\Build\External\Bullet\examples\SharedMemory\App_PhysicsServer_SharedMemory_GUI.vcxproj]
C:\Users\jpfau\Desktop\Genesis\External\Bullet\examples\ThirdPartyLibs\stb_image\stb_image.cpp(268,9): warning C4312: 'type cast': conversion from 'int' to 'float *' of greater size [C:\Users\jpfau\Desktop\Genesis\Build\External\Bullet\examples\SharedMemory\App_PhysicsServer_SharedMemory_GUI.vcxproj]
C:\Users\jpfau\Desktop\Genesis\External\Bullet\examples\ThirdPartyLibs\stb_image\stb_image.cpp(290,17): warning C4312: 'type cast': conversion from 'int' to 'float *' of greater size [C:\Users\jpfau\Desktop\Genesis\Build\External\Bullet\examples\SharedMemory\App_PhysicsServer_SharedMemory_GUI.vcxproj]
C:\Users\jpfau\Desktop\Genesis\External\Bullet\examples\ThirdPartyLibs\stb_image\stb_image.cpp(524,10): warning C4312: 'type cast': conversion from 'int' to 'unsigned char *' of greater size [C:\Users\jpfau\Desktop\Genesis\Build\External\Bullet\examples\SharedMemory\App_PhysicsServer_SharedMemory_GUI.vcxproj]
C:\Users\jpfau\Desktop\Genesis\External\Bullet\examples\ThirdPartyLibs\stb_image\stb_image.cpp(601,10): warning C4312: 'type cast': conversion from 'int' to 'float *' of greater size [C:\Users\jpfau\Desktop\Genesis\Build\External\Bullet\examples\SharedMemory\App_PhysicsServer_SharedMemory_GUI.vcxproj]
C:\Users\jpfau\Desktop\Genesis\External\Bullet\examples\ThirdPartyLibs\stb_image\stb_image.cpp(628,10): warning C4312: 'type cast': conversion from 'int' to 'unsigned char *' of greater size [C:\Users\jpfau\Desktop\Genesis\Build\External\Bullet\examples\SharedMemory\App_PhysicsServer_SharedMemory_GUI.vcxproj]
C:\Users\jpfau\Desktop\Genesis\External\Bullet\examples\ThirdPartyLibs\stb_image\stb_image.cpp(1643,43): warning C4312: 'type cast': conversion from 'int' to 'unsigned char *' of greater size [C:\Users\jpfau\Desktop\Genesis\Build\External\Bullet\examples\SharedMemory\App_PhysicsServer_SharedMemory_GUI.vcxproj]
C:\Users\jpfau\Desktop\Genesis\External\Bullet\examples\ThirdPartyLibs\stb_image\stb_image.cpp(1680,12): warning C4312: 'type cast': conversion from 'int' to 'unsigned char *' of greater size [C:\Users\jpfau\Desktop\Genesis\Build\External\Bullet\examples\SharedMemory\App_PhysicsServer_SharedMemory_GUI.vcxproj]
C:\Users\jpfau\Desktop\Genesis\External\Bullet\examples\ThirdPartyLibs\stb_image\stb_image.cpp(1707,11): warning C4312: 'type cast': conversion from 'int' to 'unsigned char *' of greater size [C:\Users\jpfau\Desktop\Genesis\Build\External\Bullet\examples\SharedMemory\App_PhysicsServer_SharedMemory_GUI.vcxproj]
C:\Users\jpfau\Desktop\Genesis\External\Bullet\examples\ThirdPartyLibs\stb_image\stb_image.cpp(2851,43): warning C4312: 'type cast': conversion from 'int' to 'unsigned char *' of greater size [C:\Users\jpfau\Desktop\Genesis\Build\External\Bullet\examples\SharedMemory\App_PhysicsServer_SharedMemory_GUI.vcxproj]
C:\Users\jpfau\Desktop\Genesis\External\Bullet\examples\ThirdPartyLibs\stb_image\stb_image.cpp(2984,47): warning C4312: 'type cast': conversion from 'int' to 'unsigned char *' of greater size [C:\Users\jpfau\Desktop\Genesis\Build\External\Bullet\examples\SharedMemory\App_PhysicsServer_SharedMemory_GUI.vcxproj]
C:\Users\jpfau\Desktop\Genesis\External\Bullet\examples\ThirdPartyLibs\stb_image\stb_image.cpp(2990,64): warning C4312: 'type cast': conversion from 'int' to 'unsigned char *' of greater size [C:\Users\jpfau\Desktop\Genesis\Build\External\Bullet\examples\SharedMemory\App_PhysicsServer_SharedMemory_GUI.vcxproj]
C:\Users\jpfau\Desktop\Genesis\External\Bullet\examples\ThirdPartyLibs\stb_image\stb_image.cpp(3001,30): warning C4312: 'type cast': conversion from 'int' to 'unsigned char *' of greater size [C:\Users\jpfau\Desktop\Genesis\Build\External\Bullet\examples\SharedMemory\App_PhysicsServer_SharedMemory_GUI.vcxproj]
C:\Users\jpfau\Desktop\Genesis\External\Bullet\examples\ThirdPartyLibs\stb_image\stb_image.cpp(3003,23): warning C4312: 'type cast': conversion from 'int' to 'unsigned char *' of greater size [C:\Users\jpfau\Desktop\Genesis\Build\External\Bullet\examples\SharedMemory\App_PhysicsServer_SharedMemory_GUI.vcxproj]
C:\Users\jpfau\Desktop\Genesis\External\Bullet\examples\ThirdPartyLibs\stb_image\stb_image.cpp(3014,46): warning C4312: 'type cast': conversion from 'int' to 'unsigned char *' of greater size [C:\Users\jpfau\Desktop\Genesis\Build\External\Bullet\examples\SharedMemory\App_PhysicsServer_SharedMemory_GUI.vcxproj]
C:\Users\jpfau\Desktop\Genesis\External\Bullet\examples\ThirdPartyLibs\stb_image\stb_image.cpp(3058,14): warning C4312: 'type cast': conversion from 'int' to 'unsigned char *' of greater size [C:\Users\jpfau\Desktop\Genesis\Build\External\Bullet\examples\SharedMemory\App_PhysicsServer_SharedMemory_GUI.vcxproj]
C:\Users\jpfau\Desktop\Genesis\External\Bullet\examples\ThirdPartyLibs\stb_image\stb_image.cpp(3062,13): warning C4312: 'type cast': conversion from 'int' to 'unsigned char *' of greater size [C:\Users\jpfau\Desktop\Genesis\Build\External\Bullet\examples\SharedMemory\App_PhysicsServer_SharedMemory_GUI.vcxproj]
C:\Users\jpfau\Desktop\Genesis\External\Bullet\examples\ThirdPartyLibs\stb_image\stb_image.cpp(3085,19): warning C4312: 'type cast': conversion from 'int' to 'unsigned char *' of greater size [C:\Users\jpfau\Desktop\Genesis\Build\External\Bullet\examples\SharedMemory\App_PhysicsServer_SharedMemory_GUI.vcxproj]
C:\Users\jpfau\Desktop\Genesis\External\Bullet\examples\ThirdPartyLibs\stb_image\stb_image.cpp(3092,11): warning C4312: 'type cast': conversion from 'int' to 'unsigned char *' of greater size [C:\Users\jpfau\Desktop\Genesis\Build\External\Bullet\examples\SharedMemory\App_PhysicsServer_SharedMemory_GUI.vcxproj]
C:\Users\jpfau\Desktop\Genesis\External\Bullet\examples\ThirdPartyLibs\stb_image\stb_image.cpp(3110,11): warning C4312: 'type cast': conversion from 'int' to 'unsigned char *' of greater size [C:\Users\jpfau\Desktop\Genesis\Build\External\Bullet\examples\SharedMemory\App_PhysicsServer_SharedMemory_GUI.vcxproj]
C:\Users\jpfau\Desktop\Genesis\External\Bullet\examples\ThirdPartyLibs\stb_image\stb_image.cpp(3164,12): warning C4312: 'type cast': conversion from 'int' to 'unsigned char *' of greater size [C:\Users\jpfau\Desktop\Genesis\Build\External\Bullet\examples\SharedMemory\App_PhysicsServer_SharedMemory_GUI.vcxproj]
C:\Users\jpfau\Desktop\Genesis\External\Bullet\examples\ThirdPartyLibs\stb_image\stb_image.cpp(3380,24): warning C4312: 'type cast': conversion from 'int' to 'unsigned char *' of greater size [C:\Users\jpfau\Desktop\Genesis\Build\External\Bullet\examples\SharedMemory\App_PhysicsServer_SharedMemory_GUI.vcxproj]
C:\Users\jpfau\Desktop\Genesis\External\Bullet\examples\ThirdPartyLibs\stb_image\stb_image.cpp(3391,28): warning C4312: 'type cast': conversion from 'int' to 'unsigned char *' of greater size [C:\Users\jpfau\Desktop\Genesis\Build\External\Bullet\examples\SharedMemory\App_PhysicsServer_SharedMemory_GUI.vcxproj]
C:\Users\jpfau\Desktop\Genesis\External\Bullet\examples\ThirdPartyLibs\stb_image\stb_image.cpp(3396,11): warning C4312: 'type cast': conversion from 'int' to 'unsigned char *' of greater size [C:\Users\jpfau\Desktop\Genesis\Build\External\Bullet\examples\SharedMemory\App_PhysicsServer_SharedMemory_GUI.vcxproj]
  RadioButton.cpp
C:\Users\jpfau\Desktop\Genesis\External\Bullet\examples\ThirdPartyLibs\stb_image\stb_image.cpp(3577,10): warning C4312: 'type cast': conversion from 'int' to 'unsigned char *' of greater size [C:\Users\jpfau\Desktop\Genesis\Build\External\Bullet\examples\SharedMemory\App_PhysicsServer_SharedMemory_GUI.vcxproj]
C:\Users\jpfau\Desktop\Genesis\External\Bullet\examples\ThirdPartyLibs\stb_image\stb_image.cpp(3581,10): warning C4312: 'type cast': conversion from 'int' to 'unsigned char *' of greater size [C:\Users\jpfau\Desktop\Genesis\Build\External\Bullet\examples\SharedMemory\App_PhysicsServer_SharedMemory_GUI.vcxproj]
C:\Users\jpfau\Desktop\Genesis\External\Bullet\examples\ThirdPartyLibs\stb_image\stb_image.cpp(3589,10): warning C4312: 'type cast': conversion from 'int' to 'unsigned char *' of greater size [C:\Users\jpfau\Desktop\Genesis\Build\External\Bullet\examples\SharedMemory\App_PhysicsServer_SharedMemory_GUI.vcxproj]
C:\Users\jpfau\Desktop\Genesis\External\Bullet\examples\ThirdPartyLibs\stb_image\stb_image.cpp(3597,10): warning C4312: 'type cast': conversion from 'int' to 'unsigned char *' of greater size [C:\Users\jpfau\Desktop\Genesis\Build\External\Bullet\examples\SharedMemory\App_PhysicsServer_SharedMemory_GUI.vcxproj]
C:\Users\jpfau\Desktop\Genesis\External\Bullet\examples\ThirdPartyLibs\stb_image\stb_image.cpp(3610,10): warning C4312: 'type cast': conversion from 'int' to 'unsigned char *' of greater size [C:\Users\jpfau\Desktop\Genesis\Build\External\Bullet\examples\SharedMemory\App_PhysicsServer_SharedMemory_GUI.vcxproj]
C:\Users\jpfau\Desktop\Genesis\External\Bullet\examples\ThirdPartyLibs\stb_image\stb_image.cpp(3627,10): warning C4312: 'type cast': conversion from 'int' to 'unsigned char *' of greater size [C:\Users\jpfau\Desktop\Genesis\Build\External\Bullet\examples\SharedMemory\App_PhysicsServer_SharedMemory_GUI.vcxproj]
C:\Users\jpfau\Desktop\Genesis\External\Bullet\examples\ThirdPartyLibs\stb_image\stb_image.cpp(3631,19): warning C4312: 'type cast': conversion from 'int' to 'unsigned char *' of greater size [C:\Users\jpfau\Desktop\Genesis\Build\External\Bullet\examples\SharedMemory\App_PhysicsServer_SharedMemory_GUI.vcxproj]
C:\Users\jpfau\Desktop\Genesis\External\Bullet\examples\ThirdPartyLibs\stb_image\stb_image.cpp(3795,26): warning C4312: 'type cast': conversion from 'int' to 'unsigned char *' of greater size [C:\Users\jpfau\Desktop\Genesis\Build\External\Bullet\examples\SharedMemory\App_PhysicsServer_SharedMemory_GUI.vcxproj]
C:\Users\jpfau\Desktop\Genesis\External\Bullet\examples\ThirdPartyLibs\stb_image\stb_image.cpp(3824,11): warning C4312: 'type cast': conversion from 'int' to 'unsigned char *' of greater size [C:\Users\jpfau\Desktop\Genesis\Build\External\Bullet\examples\SharedMemory\App_PhysicsServer_SharedMemory_GUI.vcxproj]
C:\Users\jpfau\Desktop\Genesis\External\Bullet\examples\ThirdPartyLibs\stb_image\stb_image.cpp(3835,25): warning C4312: 'type cast': conversion from 'int' to 'unsigned char *' of greater size [C:\Users\jpfau\Desktop\Genesis\Build\External\Bullet\examples\SharedMemory\App_PhysicsServer_SharedMemory_GUI.vcxproj]
C:\Users\jpfau\Desktop\Genesis\External\Bullet\examples\ThirdPartyLibs\stb_image\stb_image.cpp(3836,33): warning C4312: 'type cast': conversion from 'int' to 'unsigned char *' of greater size [C:\Users\jpfau\Desktop\Genesis\Build\External\Bullet\examples\SharedMemory\App_PhysicsServer_SharedMemory_GUI.vcxproj]
C:\Users\jpfau\Desktop\Genesis\External\Bullet\examples\ThirdPartyLibs\stb_image\stb_image.cpp(3853,13): warning C4312: 'type cast': conversion from 'int' to 'unsigned char *' of greater size [C:\Users\jpfau\Desktop\Genesis\Build\External\Bullet\examples\SharedMemory\App_PhysicsServer_SharedMemory_GUI.vcxproj]
C:\Users\jpfau\Desktop\Genesis\External\Bullet\examples\ThirdPartyLibs\stb_image\stb_image.cpp(3874,29): warning C4312: 'type cast': conversion from 'int' to 'unsigned char *' of greater size [C:\Users\jpfau\Desktop\Genesis\Build\External\Bullet\examples\SharedMemory\App_PhysicsServer_SharedMemory_GUI.vcxproj]
  tinyRendererPlugin.cpp
C:\Users\jpfau\Desktop\Genesis\External\Bullet\examples\ThirdPartyLibs\stb_image\stb_image.cpp(3894,29): warning C4312: 'type cast': conversion from 'int' to 'unsigned char *' of greater size [C:\Users\jpfau\Desktop\Genesis\Build\External\Bullet\examples\SharedMemory\App_PhysicsServer_SharedMemory_GUI.vcxproj]
C:\Users\jpfau\Desktop\Genesis\External\Bullet\examples\ThirdPartyLibs\stb_image\stb_image.cpp(3906,16): warning C4312: 'type cast': conversion from 'int' to 'unsigned char *' of greater size [C:\Users\jpfau\Desktop\Genesis\Build\External\Bullet\examples\SharedMemory\App_PhysicsServer_SharedMemory_GUI.vcxproj]
C:\Users\jpfau\Desktop\Genesis\External\Bullet\examples\ThirdPartyLibs\stb_image\stb_image.cpp(3917,33): warning C4312: 'type cast': conversion from 'int' to 'unsigned char *' of greater size [C:\Users\jpfau\Desktop\Genesis\Build\External\Bullet\examples\SharedMemory\App_PhysicsServer_SharedMemory_GUI.vcxproj]
C:\Users\jpfau\Desktop\Genesis\External\Bullet\examples\ThirdPartyLibs\stb_image\stb_image.cpp(3944,24): warning C4312: 'type cast': conversion from 'int' to 'unsigned char *' of greater size [C:\Users\jpfau\Desktop\Genesis\Build\External\Bullet\examples\SharedMemory\App_PhysicsServer_SharedMemory_GUI.vcxproj]
C:\Users\jpfau\Desktop\Genesis\External\Bullet\examples\ThirdPartyLibs\stb_image\stb_image.cpp(3945,32): warning C4312: 'type cast': conversion from 'int' to 'unsigned char *' of greater size [C:\Users\jpfau\Desktop\Genesis\Build\External\Bullet\examples\SharedMemory\App_PhysicsServer_SharedMemory_GUI.vcxproj]
C:\Users\jpfau\Desktop\Genesis\External\Bullet\examples\ThirdPartyLibs\stb_image\stb_image.cpp(4177,23): warning C4312: 'type cast': conversion from 'int' to 'unsigned char *' of greater size [C:\Users\jpfau\Desktop\Genesis\Build\External\Bullet\examples\SharedMemory\App_PhysicsServer_SharedMemory_GUI.vcxproj]
C:\Users\jpfau\Desktop\Genesis\External\Bullet\examples\ThirdPartyLibs\stb_image\stb_image.cpp(4182,31): warning C4312: 'type cast': conversion from 'int' to 'unsigned char *' of greater size [C:\Users\jpfau\Desktop\Genesis\Build\External\Bullet\examples\SharedMemory\App_PhysicsServer_SharedMemory_GUI.vcxproj]
  Jacobian.cpp
C:\Users\jpfau\Desktop\Genesis\External\Bullet\examples\ThirdPartyLibs\stb_image\stb_image.cpp(4188,13): warning C4312: 'type cast': conversion from 'int' to 'unsigned char *' of greater size [C:\Users\jpfau\Desktop\Genesis\Build\External\Bullet\examples\SharedMemory\App_PhysicsServer_SharedMemory_GUI.vcxproj]
C:\Users\jpfau\Desktop\Genesis\External\Bullet\examples\ThirdPartyLibs\stb_image\stb_image.cpp(4202,12): warning C4312: 'type cast': conversion from 'int' to 'unsigned char *' of greater size [C:\Users\jpfau\Desktop\Genesis\Build\External\Bullet\examples\SharedMemory\App_PhysicsServer_SharedMemory_GUI.vcxproj]
C:\Users\jpfau\Desktop\Genesis\External\Bullet\examples\ThirdPartyLibs\stb_image\stb_image.cpp(4233,27): warning C4312: 'type cast': conversion from 'int' to 'unsigned char *' of greater size [C:\Users\jpfau\Desktop\Genesis\Build\External\Bullet\examples\SharedMemory\App_PhysicsServer_SharedMemory_GUI.vcxproj]
C:\Users\jpfau\Desktop\Genesis\External\Bullet\examples\ThirdPartyLibs\stb_image\stb_image.cpp(4243,28): warning C4312: 'type cast': conversion from 'int' to 'unsigned char *' of greater size [C:\Users\jpfau\Desktop\Genesis\Build\External\Bullet\examples\SharedMemory\App_PhysicsServer_SharedMemory_GUI.vcxproj]
C:\Users\jpfau\Desktop\Genesis\External\Bullet\examples\ThirdPartyLibs\stb_image\stb_image.cpp(4262,13): warning C4312: 'type cast': conversion from 'int' to 'unsigned char *' of greater size [C:\Users\jpfau\Desktop\Genesis\Build\External\Bullet\examples\SharedMemory\App_PhysicsServer_SharedMemory_GUI.vcxproj]
C:\Users\jpfau\Desktop\Genesis\External\Bullet\examples\ThirdPartyLibs\stb_image\stb_image.cpp(4299,13): warning C4312: 'type cast': conversion from 'int' to 'unsigned char *' of greater size [C:\Users\jpfau\Desktop\Genesis\Build\External\Bullet\examples\SharedMemory\App_PhysicsServer_SharedMemory_GUI.vcxproj]
  PhysicsClient.cpp
C:\Users\jpfau\Desktop\Genesis\External\Bullet\examples\ThirdPartyLibs\stb_image\stb_image.cpp(4336,12): warning C4312: 'type cast': conversion from 'int' to 'unsigned char *' of greater size [C:\Users\jpfau\Desktop\Genesis\Build\External\Bullet\examples\SharedMemory\App_PhysicsServer_SharedMemory_GUI.vcxproj]
  our_gl.cpp
C:\Users\jpfau\Desktop\Genesis\External\Bullet\examples\ThirdPartyLibs\stb_image\stb_image.cpp(4458,10): warning C4312: 'type cast': conversion from 'int' to 'float *' of greater size [C:\Users\jpfau\Desktop\Genesis\Build\External\Bullet\examples\SharedMemory\App_PhysicsServer_SharedMemory_GUI.vcxproj]
C:\Users\jpfau\Desktop\Genesis\External\Bullet\examples\ThirdPartyLibs\stb_image\stb_image.cpp(4468,21): warning C4312: 'type cast': conversion from 'int' to 'float *' of greater size [C:\Users\jpfau\Desktop\Genesis\Build\External\Bullet\examples\SharedMemory\App_PhysicsServer_SharedMemory_GUI.vcxproj]
C:\Users\jpfau\Desktop\Genesis\External\Bullet\examples\ThirdPartyLibs\stb_image\stb_image.cpp(4473,39): warning C4312: 'type cast': conversion from 'int' to 'float *' of greater size [C:\Users\jpfau\Desktop\Genesis\Build\External\Bullet\examples\SharedMemory\App_PhysicsServer_SharedMemory_GUI.vcxproj]
C:\Users\jpfau\Desktop\Genesis\External\Bullet\examples\ThirdPartyLibs\stb_image\stb_image.cpp(4477,39): warning C4312: 'type cast': conversion from 'int' to 'float *' of greater size [C:\Users\jpfau\Desktop\Genesis\Build\External\Bullet\examples\SharedMemory\App_PhysicsServer_SharedMemory_GUI.vcxproj]
C:\Users\jpfau\Desktop\Genesis\External\Bullet\examples\ThirdPartyLibs\stb_image\stb_image.cpp(4537,12): warning C4312: 'type cast': conversion from 'int' to 'float *' of greater size [C:\Users\jpfau\Desktop\Genesis\Build\External\Bullet\examples\SharedMemory\App_PhysicsServer_SharedMemory_GUI.vcxproj]
  tinyxml2.cpp
  TinyRenderer.cpp
  PhysicsClientC_API.cpp
  PhysicsClientSharedMemory.cpp
  LinearR2.cpp
  geometry.cpp
  tgaimage.cpp
  model.cpp
  PhysicsClientSharedMemory_C_API.cpp
  RadioButtonController.cpp
  PhysicsDirect.cpp
  LinearR3.cpp
  ChromeTraceUtil.cpp
  our_gl.cpp
  RobotLoggingUtil.cpp
  PhysicsDirectC_API.cpp
  LinearR4.cpp
  b3Clock.cpp
  tgaimage.cpp
  PhysicsLoopBack.cpp
  b3ResourcePath.cpp
  ResizableControl.cpp
  MatrixRmn.cpp
  PhysicsLoopBackC_API.cpp
  ChromeTraceUtil.cpp
  Generating Code...
  RobotLoggingUtil.cpp
  Generating Code...
  Misc.cpp
  b3Clock.cpp
  Compiling...
  PhysicsServer.cpp
  PhysicsServerCommandProcessor.cpp
  b3ResourcePath.cpp
  Resizer.cpp
  Node.cpp
LINK : warning LNK4075: ignoring '/INCREMENTAL' due to '/OPT:ICF' specification [C:\Users\jpfau\Desktop\Genesis\Build\External\Bullet\examples\SharedMemory\App_PhysicsServer_SharedMemory.vcxproj]
  Tree.cpp
  Generating Code...
     Creating library C:/Users/jpfau/Desktop/Genesis/Build/External/Bullet/examples/SharedMemory/Debug/App_PhysicsServer_SharedMemory.lib and object C:/Users/jpfau/Desktop/Genesis/Build/External/Bullet/examples/SharedMemory/Debug/App_PhysicsServer_SharedMemory.exp
  RichLabel.cpp
  btCollisionShape.cpp
  btConcaveShape.cpp
  btConvexInternalShape.cpp
  btConvexPolyhedron.cpp
  btConvexShape.cpp
  btHeightfieldTerrainShape.cpp
  btMultiSphereShape.cpp
  btPolyhedralConvexShape.cpp
  btSphereShape.cpp
  btTriangleCallback.cpp
  btVoronoiSimplexSolver.cpp
  main.cpp
  Generating Code...
  VectorRn.cpp
  App_PhysicsServer_SharedMemory.vcxproj -> C:\Users\jpfau\Desktop\Genesis\Build\External\Bullet\examples\SharedMemory\Debug\App_PhysicsServer_SharedMemory.exe
LINK : warning LNK4075: ignoring '/INCREMENTAL' due to '/OPT:ICF' specification [C:\Users\jpfau\Desktop\Genesis\Build\External\Bullet\test\collision\Test_Collision.vcxproj]
  PhysicsServerSharedMemory.cpp
  Generating Code...
  test_invdyn_kinematics.cpp
  Test_Collision.vcxproj -> C:\Users\jpfau\Desktop\Genesis\Build\External\Bullet\test\collision\Debug\Test_Collision.exe
  ScrollBar.cpp
  PosixSharedMemory.cpp
  'pwsh.exe' is not recognized as an internal or external command,
  operable program or batch file.
  Win32SharedMemory.cpp
  'pwsh.exe' is not recognized as an internal or external command,
  operable program or batch file.
  b3PluginManager.cpp
  ScrollBarBar.cpp
LINK : warning LNK4075: ignoring '/INCREMENTAL' due to '/OPT:ICF' specification [C:\Users\jpfau\Desktop\Genesis\Build\External\Bullet\test\InverseDynamics\Test_BulletInverseDynamics.vcxproj]
  Test_BulletInverseDynamics.vcxproj -> C:\Users\jpfau\Desktop\Genesis\Build\External\Bullet\test\InverseDynamics\Debug\Test_BulletInverseDynamics.exe
  b3RobotSimulatorClientAPI_NoDirect.cpp
  Compiling...
  tiny_obj_loader.cpp
  'pwsh.exe' is not recognized as an internal or external command,
  operable program or batch file.
  collisionFilterPlugin.cpp
  test_invdyn_jacobian.cpp
  pdControlPlugin.cpp
  ScrollBarButton.cpp
  ActiveSocket.cpp
  TinyRendererVisualShapeConverter.cpp
  PassiveSocket.cpp
  SimpleSocket.cpp
  ScrollControl.cpp
  tinyRendererPlugin.cpp
  tiny_obj_loader.cpp
  stb_image.cpp
C:\Users\jpfau\Desktop\Genesis\External\Bullet\examples\ThirdPartyLibs\stb_image\stb_image.cpp(220,9): warning C4312: 'type cast': conversion from 'int' to 'unsigned char *' of greater size [C:\Users\jpfau\Desktop\Genesis\Build\External\Bullet\Extras\BulletRobotics\BulletRobotics.vcxproj]
C:\Users\jpfau\Desktop\Genesis\External\Bullet\examples\ThirdPartyLibs\stb_image\stb_image.cpp(228,17): warning C4312: 'type cast': conversion from 'int' to 'unsigned char *' of greater size [C:\Users\jpfau\Desktop\Genesis\Build\External\Bullet\Extras\BulletRobotics\BulletRobotics.vcxproj]
C:\Users\jpfau\Desktop\Genesis\External\Bullet\examples\ThirdPartyLibs\stb_image\stb_image.cpp(268,9): warning C4312: 'type cast': conversion from 'int' to 'float *' of greater size [C:\Users\jpfau\Desktop\Genesis\Build\External\Bullet\Extras\BulletRobotics\BulletRobotics.vcxproj]
C:\Users\jpfau\Desktop\Genesis\External\Bullet\examples\ThirdPartyLibs\stb_image\stb_image.cpp(290,17): warning C4312: 'type cast': conversion from 'int' to 'float *' of greater size [C:\Users\jpfau\Desktop\Genesis\Build\External\Bullet\Extras\BulletRobotics\BulletRobotics.vcxproj]
C:\Users\jpfau\Desktop\Genesis\External\Bullet\examples\ThirdPartyLibs\stb_image\stb_image.cpp(524,10): warning C4312: 'type cast': conversion from 'int' to 'unsigned char *' of greater size [C:\Users\jpfau\Desktop\Genesis\Build\External\Bullet\Extras\BulletRobotics\BulletRobotics.vcxproj]
C:\Users\jpfau\Desktop\Genesis\External\Bullet\examples\ThirdPartyLibs\stb_image\stb_image.cpp(601,10): warning C4312: 'type cast': conversion from 'int' to 'float *' of greater size [C:\Users\jpfau\Desktop\Genesis\Build\External\Bullet\Extras\BulletRobotics\BulletRobotics.vcxproj]
C:\Users\jpfau\Desktop\Genesis\External\Bullet\examples\ThirdPartyLibs\stb_image\stb_image.cpp(628,10): warning C4312: 'type cast': conversion from 'int' to 'unsigned char *' of greater size [C:\Users\jpfau\Desktop\Genesis\Build\External\Bullet\Extras\BulletRobotics\BulletRobotics.vcxproj]
C:\Users\jpfau\Desktop\Genesis\External\Bullet\examples\ThirdPartyLibs\stb_image\stb_image.cpp(1643,43): warning C4312: 'type cast': conversion from 'int' to 'unsigned char *' of greater size [C:\Users\jpfau\Desktop\Genesis\Build\External\Bullet\Extras\BulletRobotics\BulletRobotics.vcxproj]
C:\Users\jpfau\Desktop\Genesis\External\Bullet\examples\ThirdPartyLibs\stb_image\stb_image.cpp(1680,12): warning C4312: 'type cast': conversion from 'int' to 'unsigned char *' of greater size [C:\Users\jpfau\Desktop\Genesis\Build\External\Bullet\Extras\BulletRobotics\BulletRobotics.vcxproj]
C:\Users\jpfau\Desktop\Genesis\External\Bullet\examples\ThirdPartyLibs\stb_image\stb_image.cpp(1707,11): warning C4312: 'type cast': conversion from 'int' to 'unsigned char *' of greater size [C:\Users\jpfau\Desktop\Genesis\Build\External\Bullet\Extras\BulletRobotics\BulletRobotics.vcxproj]
C:\Users\jpfau\Desktop\Genesis\External\Bullet\examples\ThirdPartyLibs\stb_image\stb_image.cpp(2851,43): warning C4312: 'type cast': conversion from 'int' to 'unsigned char *' of greater size [C:\Users\jpfau\Desktop\Genesis\Build\External\Bullet\Extras\BulletRobotics\BulletRobotics.vcxproj]
C:\Users\jpfau\Desktop\Genesis\External\Bullet\examples\ThirdPartyLibs\stb_image\stb_image.cpp(2984,47): warning C4312: 'type cast': conversion from 'int' to 'unsigned char *' of greater size [C:\Users\jpfau\Desktop\Genesis\Build\External\Bullet\Extras\BulletRobotics\BulletRobotics.vcxproj]
C:\Users\jpfau\Desktop\Genesis\External\Bullet\examples\ThirdPartyLibs\stb_image\stb_image.cpp(2990,64): warning C4312: 'type cast': conversion from 'int' to 'unsigned char *' of greater size [C:\Users\jpfau\Desktop\Genesis\Build\External\Bullet\Extras\BulletRobotics\BulletRobotics.vcxproj]
C:\Users\jpfau\Desktop\Genesis\External\Bullet\examples\ThirdPartyLibs\stb_image\stb_image.cpp(3001,30): warning C4312: 'type cast': conversion from 'int' to 'unsigned char *' of greater size [C:\Users\jpfau\Desktop\Genesis\Build\External\Bullet\Extras\BulletRobotics\BulletRobotics.vcxproj]
C:\Users\jpfau\Desktop\Genesis\External\Bullet\examples\ThirdPartyLibs\stb_image\stb_image.cpp(3003,23): warning C4312: 'type cast': conversion from 'int' to 'unsigned char *' of greater size [C:\Users\jpfau\Desktop\Genesis\Build\External\Bullet\Extras\BulletRobotics\BulletRobotics.vcxproj]
C:\Users\jpfau\Desktop\Genesis\External\Bullet\examples\ThirdPartyLibs\stb_image\stb_image.cpp(3014,46): warning C4312: 'type cast': conversion from 'int' to 'unsigned char *' of greater size [C:\Users\jpfau\Desktop\Genesis\Build\External\Bullet\Extras\BulletRobotics\BulletRobotics.vcxproj]
C:\Users\jpfau\Desktop\Genesis\External\Bullet\examples\ThirdPartyLibs\stb_image\stb_image.cpp(3058,14): warning C4312: 'type cast': conversion from 'int' to 'unsigned char *' of greater size [C:\Users\jpfau\Desktop\Genesis\Build\External\Bullet\Extras\BulletRobotics\BulletRobotics.vcxproj]
C:\Users\jpfau\Desktop\Genesis\External\Bullet\examples\ThirdPartyLibs\stb_image\stb_image.cpp(3062,13): warning C4312: 'type cast': conversion from 'int' to 'unsigned char *' of greater size [C:\Users\jpfau\Desktop\Genesis\Build\External\Bullet\Extras\BulletRobotics\BulletRobotics.vcxproj]
C:\Users\jpfau\Desktop\Genesis\External\Bullet\examples\ThirdPartyLibs\stb_image\stb_image.cpp(3085,19): warning C4312: 'type cast': conversion from 'int' to 'unsigned char *' of greater size [C:\Users\jpfau\Desktop\Genesis\Build\External\Bullet\Extras\BulletRobotics\BulletRobotics.vcxproj]
C:\Users\jpfau\Desktop\Genesis\External\Bullet\examples\ThirdPartyLibs\stb_image\stb_image.cpp(3092,11): warning C4312: 'type cast': conversion from 'int' to 'unsigned char *' of greater size [C:\Users\jpfau\Desktop\Genesis\Build\External\Bullet\Extras\BulletRobotics\BulletRobotics.vcxproj]
C:\Users\jpfau\Desktop\Genesis\External\Bullet\examples\ThirdPartyLibs\stb_image\stb_image.cpp(3110,11): warning C4312: 'type cast': conversion from 'int' to 'unsigned char *' of greater size [C:\Users\jpfau\Desktop\Genesis\Build\External\Bullet\Extras\BulletRobotics\BulletRobotics.vcxproj]
C:\Users\jpfau\Desktop\Genesis\External\Bullet\examples\ThirdPartyLibs\stb_image\stb_image.cpp(3164,12): warning C4312: 'type cast': conversion from 'int' to 'unsigned char *' of greater size [C:\Users\jpfau\Desktop\Genesis\Build\External\Bullet\Extras\BulletRobotics\BulletRobotics.vcxproj]
C:\Users\jpfau\Desktop\Genesis\External\Bullet\examples\ThirdPartyLibs\stb_image\stb_image.cpp(3380,24): warning C4312: 'type cast': conversion from 'int' to 'unsigned char *' of greater size [C:\Users\jpfau\Desktop\Genesis\Build\External\Bullet\Extras\BulletRobotics\BulletRobotics.vcxproj]
C:\Users\jpfau\Desktop\Genesis\External\Bullet\examples\ThirdPartyLibs\stb_image\stb_image.cpp(3391,28): warning C4312: 'type cast': conversion from 'int' to 'unsigned char *' of greater size [C:\Users\jpfau\Desktop\Genesis\Build\External\Bullet\Extras\BulletRobotics\BulletRobotics.vcxproj]
C:\Users\jpfau\Desktop\Genesis\External\Bullet\examples\ThirdPartyLibs\stb_image\stb_image.cpp(3396,11): warning C4312: 'type cast': conversion from 'int' to 'unsigned char *' of greater size [C:\Users\jpfau\Desktop\Genesis\Build\External\Bullet\Extras\BulletRobotics\BulletRobotics.vcxproj]
C:\Users\jpfau\Desktop\Genesis\External\Bullet\examples\ThirdPartyLibs\stb_image\stb_image.cpp(3577,10): warning C4312: 'type cast': conversion from 'int' to 'unsigned char *' of greater size [C:\Users\jpfau\Desktop\Genesis\Build\External\Bullet\Extras\BulletRobotics\BulletRobotics.vcxproj]
C:\Users\jpfau\Desktop\Genesis\External\Bullet\examples\ThirdPartyLibs\stb_image\stb_image.cpp(3581,10): warning C4312: 'type cast': conversion from 'int' to 'unsigned char *' of greater size [C:\Users\jpfau\Desktop\Genesis\Build\External\Bullet\Extras\BulletRobotics\BulletRobotics.vcxproj]
C:\Users\jpfau\Desktop\Genesis\External\Bullet\examples\ThirdPartyLibs\stb_image\stb_image.cpp(3589,10): warning C4312: 'type cast': conversion from 'int' to 'unsigned char *' of greater size [C:\Users\jpfau\Desktop\Genesis\Build\External\Bullet\Extras\BulletRobotics\BulletRobotics.vcxproj]
C:\Users\jpfau\Desktop\Genesis\External\Bullet\examples\ThirdPartyLibs\stb_image\stb_image.cpp(3597,10): warning C4312: 'type cast': conversion from 'int' to 'unsigned char *' of greater size [C:\Users\jpfau\Desktop\Genesis\Build\External\Bullet\Extras\BulletRobotics\BulletRobotics.vcxproj]
C:\Users\jpfau\Desktop\Genesis\External\Bullet\examples\ThirdPartyLibs\stb_image\stb_image.cpp(3610,10): warning C4312: 'type cast': conversion from 'int' to 'unsigned char *' of greater size [C:\Users\jpfau\Desktop\Genesis\Build\External\Bullet\Extras\BulletRobotics\BulletRobotics.vcxproj]
C:\Users\jpfau\Desktop\Genesis\External\Bullet\examples\ThirdPartyLibs\stb_image\stb_image.cpp(3627,10): warning C4312: 'type cast': conversion from 'int' to 'unsigned char *' of greater size [C:\Users\jpfau\Desktop\Genesis\Build\External\Bullet\Extras\BulletRobotics\BulletRobotics.vcxproj]
C:\Users\jpfau\Desktop\Genesis\External\Bullet\examples\ThirdPartyLibs\stb_image\stb_image.cpp(3631,19): warning C4312: 'type cast': conversion from 'int' to 'unsigned char *' of greater size [C:\Users\jpfau\Desktop\Genesis\Build\External\Bullet\Extras\BulletRobotics\BulletRobotics.vcxproj]
C:\Users\jpfau\Desktop\Genesis\External\Bullet\examples\ThirdPartyLibs\stb_image\stb_image.cpp(3795,26): warning C4312: 'type cast': conversion from 'int' to 'unsigned char *' of greater size [C:\Users\jpfau\Desktop\Genesis\Build\External\Bullet\Extras\BulletRobotics\BulletRobotics.vcxproj]
C:\Users\jpfau\Desktop\Genesis\External\Bullet\examples\ThirdPartyLibs\stb_image\stb_image.cpp(3824,11): warning C4312: 'type cast': conversion from 'int' to 'unsigned char *' of greater size [C:\Users\jpfau\Desktop\Genesis\Build\External\Bullet\Extras\BulletRobotics\BulletRobotics.vcxproj]
C:\Users\jpfau\Desktop\Genesis\External\Bullet\examples\ThirdPartyLibs\stb_image\stb_image.cpp(3835,25): warning C4312: 'type cast': conversion from 'int' to 'unsigned char *' of greater size [C:\Users\jpfau\Desktop\Genesis\Build\External\Bullet\Extras\BulletRobotics\BulletRobotics.vcxproj]
C:\Users\jpfau\Desktop\Genesis\External\Bullet\examples\ThirdPartyLibs\stb_image\stb_image.cpp(3836,33): warning C4312: 'type cast': conversion from 'int' to 'unsigned char *' of greater size [C:\Users\jpfau\Desktop\Genesis\Build\External\Bullet\Extras\BulletRobotics\BulletRobotics.vcxproj]
C:\Users\jpfau\Desktop\Genesis\External\Bullet\examples\ThirdPartyLibs\stb_image\stb_image.cpp(3853,13): warning C4312: 'type cast': conversion from 'int' to 'unsigned char *' of greater size [C:\Users\jpfau\Desktop\Genesis\Build\External\Bullet\Extras\BulletRobotics\BulletRobotics.vcxproj]
C:\Users\jpfau\Desktop\Genesis\External\Bullet\examples\ThirdPartyLibs\stb_image\stb_image.cpp(3874,29): warning C4312: 'type cast': conversion from 'int' to 'unsigned char *' of greater size [C:\Users\jpfau\Desktop\Genesis\Build\External\Bullet\Extras\BulletRobotics\BulletRobotics.vcxproj]
C:\Users\jpfau\Desktop\Genesis\External\Bullet\examples\ThirdPartyLibs\stb_image\stb_image.cpp(3894,29): warning C4312: 'type cast': conversion from 'int' to 'unsigned char *' of greater size [C:\Users\jpfau\Desktop\Genesis\Build\External\Bullet\Extras\BulletRobotics\BulletRobotics.vcxproj]
C:\Users\jpfau\Desktop\Genesis\External\Bullet\examples\ThirdPartyLibs\stb_image\stb_image.cpp(3906,16): warning C4312: 'type cast': conversion from 'int' to 'unsigned char *' of greater size [C:\Users\jpfau\Desktop\Genesis\Build\External\Bullet\Extras\BulletRobotics\BulletRobotics.vcxproj]
C:\Users\jpfau\Desktop\Genesis\External\Bullet\examples\ThirdPartyLibs\stb_image\stb_image.cpp(3917,33): warning C4312: 'type cast': conversion from 'int' to 'unsigned char *' of greater size [C:\Users\jpfau\Desktop\Genesis\Build\External\Bullet\Extras\BulletRobotics\BulletRobotics.vcxproj]
C:\Users\jpfau\Desktop\Genesis\External\Bullet\examples\ThirdPartyLibs\stb_image\stb_image.cpp(3944,24): warning C4312: 'type cast': conversion from 'int' to 'unsigned char *' of greater size [C:\Users\jpfau\Desktop\Genesis\Build\External\Bullet\Extras\BulletRobotics\BulletRobotics.vcxproj]
C:\Users\jpfau\Desktop\Genesis\External\Bullet\examples\ThirdPartyLibs\stb_image\stb_image.cpp(3945,32): warning C4312: 'type cast': conversion from 'int' to 'unsigned char *' of greater size [C:\Users\jpfau\Desktop\Genesis\Build\External\Bullet\Extras\BulletRobotics\BulletRobotics.vcxproj]
C:\Users\jpfau\Desktop\Genesis\External\Bullet\examples\ThirdPartyLibs\stb_image\stb_image.cpp(4177,23): warning C4312: 'type cast': conversion from 'int' to 'unsigned char *' of greater size [C:\Users\jpfau\Desktop\Genesis\Build\External\Bullet\Extras\BulletRobotics\BulletRobotics.vcxproj]
C:\Users\jpfau\Desktop\Genesis\External\Bullet\examples\ThirdPartyLibs\stb_image\stb_image.cpp(4182,31): warning C4312: 'type cast': conversion from 'int' to 'unsigned char *' of greater size [C:\Users\jpfau\Desktop\Genesis\Build\External\Bullet\Extras\BulletRobotics\BulletRobotics.vcxproj]
C:\Users\jpfau\Desktop\Genesis\External\Bullet\examples\ThirdPartyLibs\stb_image\stb_image.cpp(4188,13): warning C4312: 'type cast': conversion from 'int' to 'unsigned char *' of greater size [C:\Users\jpfau\Desktop\Genesis\Build\External\Bullet\Extras\BulletRobotics\BulletRobotics.vcxproj]
C:\Users\jpfau\Desktop\Genesis\External\Bullet\examples\ThirdPartyLibs\stb_image\stb_image.cpp(4202,12): warning C4312: 'type cast': conversion from 'int' to 'unsigned char *' of greater size [C:\Users\jpfau\Desktop\Genesis\Build\External\Bullet\Extras\BulletRobotics\BulletRobotics.vcxproj]
C:\Users\jpfau\Desktop\Genesis\External\Bullet\examples\ThirdPartyLibs\stb_image\stb_image.cpp(4233,27): warning C4312: 'type cast': conversion from 'int' to 'unsigned char *' of greater size [C:\Users\jpfau\Desktop\Genesis\Build\External\Bullet\Extras\BulletRobotics\BulletRobotics.vcxproj]
C:\Users\jpfau\Desktop\Genesis\External\Bullet\examples\ThirdPartyLibs\stb_image\stb_image.cpp(4243,28): warning C4312: 'type cast': conversion from 'int' to 'unsigned char *' of greater size [C:\Users\jpfau\Desktop\Genesis\Build\External\Bullet\Extras\BulletRobotics\BulletRobotics.vcxproj]
C:\Users\jpfau\Desktop\Genesis\External\Bullet\examples\ThirdPartyLibs\stb_image\stb_image.cpp(4262,13): warning C4312: 'type cast': conversion from 'int' to 'unsigned char *' of greater size [C:\Users\jpfau\Desktop\Genesis\Build\External\Bullet\Extras\BulletRobotics\BulletRobotics.vcxproj]
C:\Users\jpfau\Desktop\Genesis\External\Bullet\examples\ThirdPartyLibs\stb_image\stb_image.cpp(4299,13): warning C4312: 'type cast': conversion from 'int' to 'unsigned char *' of greater size [C:\Users\jpfau\Desktop\Genesis\Build\External\Bullet\Extras\BulletRobotics\BulletRobotics.vcxproj]
C:\Users\jpfau\Desktop\Genesis\External\Bullet\examples\ThirdPartyLibs\stb_image\stb_image.cpp(4336,12): warning C4312: 'type cast': conversion from 'int' to 'unsigned char *' of greater size [C:\Users\jpfau\Desktop\Genesis\Build\External\Bullet\Extras\BulletRobotics\BulletRobotics.vcxproj]
C:\Users\jpfau\Desktop\Genesis\External\Bullet\examples\ThirdPartyLibs\stb_image\stb_image.cpp(4458,10): warning C4312: 'type cast': conversion from 'int' to 'float *' of greater size [C:\Users\jpfau\Desktop\Genesis\Build\External\Bullet\Extras\BulletRobotics\BulletRobotics.vcxproj]
C:\Users\jpfau\Desktop\Genesis\External\Bullet\examples\ThirdPartyLibs\stb_image\stb_image.cpp(4468,21): warning C4312: 'type cast': conversion from 'int' to 'float *' of greater size [C:\Users\jpfau\Desktop\Genesis\Build\External\Bullet\Extras\BulletRobotics\BulletRobotics.vcxproj]
C:\Users\jpfau\Desktop\Genesis\External\Bullet\examples\ThirdPartyLibs\stb_image\stb_image.cpp(4473,39): warning C4312: 'type cast': conversion from 'int' to 'float *' of greater size [C:\Users\jpfau\Desktop\Genesis\Build\External\Bullet\Extras\BulletRobotics\BulletRobotics.vcxproj]
C:\Users\jpfau\Desktop\Genesis\External\Bullet\examples\ThirdPartyLibs\stb_image\stb_image.cpp(4477,39): warning C4312: 'type cast': conversion from 'int' to 'float *' of greater size [C:\Users\jpfau\Desktop\Genesis\Build\External\Bullet\Extras\BulletRobotics\BulletRobotics.vcxproj]
C:\Users\jpfau\Desktop\Genesis\External\Bullet\examples\ThirdPartyLibs\stb_image\stb_image.cpp(4537,12): warning C4312: 'type cast': conversion from 'int' to 'float *' of greater size [C:\Users\jpfau\Desktop\Genesis\Build\External\Bullet\Extras\BulletRobotics\BulletRobotics.vcxproj]
  tinyxml2.cpp
  TinyRenderer.cpp
  stb_image.cpp
C:\Users\jpfau\Desktop\Genesis\External\Bullet\examples\ThirdPartyLibs\stb_image\stb_image.cpp(220,9): warning C4312: 'type cast': conversion from 'int' to 'unsigned char *' of greater size [C:\Users\jpfau\Desktop\Genesis\Build\External\Bullet\test\SharedMemory\Test_PhysicsClientServer.vcxproj]
C:\Users\jpfau\Desktop\Genesis\External\Bullet\examples\ThirdPartyLibs\stb_image\stb_image.cpp(228,17): warning C4312: 'type cast': conversion from 'int' to 'unsigned char *' of greater size [C:\Users\jpfau\Desktop\Genesis\Build\External\Bullet\test\SharedMemory\Test_PhysicsClientServer.vcxproj]
LINK : warning LNK4075: ignoring '/INCREMENTAL' due to '/OPT:ICF' specification [C:\Users\jpfau\Desktop\Genesis\Build\External\Bullet\test\InverseDynamics\Test_BulletInverseDynamicsJacobian.vcxproj]
C:\Users\jpfau\Desktop\Genesis\External\Bullet\examples\ThirdPartyLibs\stb_image\stb_image.cpp(268,9): warning C4312: 'type cast': conversion from 'int' to 'float *' of greater size [C:\Users\jpfau\Desktop\Genesis\Build\External\Bullet\test\SharedMemory\Test_PhysicsClientServer.vcxproj]
C:\Users\jpfau\Desktop\Genesis\External\Bullet\examples\ThirdPartyLibs\stb_image\stb_image.cpp(290,17): warning C4312: 'type cast': conversion from 'int' to 'float *' of greater size [C:\Users\jpfau\Desktop\Genesis\Build\External\Bullet\test\SharedMemory\Test_PhysicsClientServer.vcxproj]
C:\Users\jpfau\Desktop\Genesis\External\Bullet\examples\ThirdPartyLibs\stb_image\stb_image.cpp(524,10): warning C4312: 'type cast': conversion from 'int' to 'unsigned char *' of greater size [C:\Users\jpfau\Desktop\Genesis\Build\External\Bullet\test\SharedMemory\Test_PhysicsClientServer.vcxproj]
C:\Users\jpfau\Desktop\Genesis\External\Bullet\examples\ThirdPartyLibs\stb_image\stb_image.cpp(601,10): warning C4312: 'type cast': conversion from 'int' to 'float *' of greater size [C:\Users\jpfau\Desktop\Genesis\Build\External\Bullet\test\SharedMemory\Test_PhysicsClientServer.vcxproj]
C:\Users\jpfau\Desktop\Genesis\External\Bullet\examples\ThirdPartyLibs\stb_image\stb_image.cpp(628,10): warning C4312: 'type cast': conversion from 'int' to 'unsigned char *' of greater size [C:\Users\jpfau\Desktop\Genesis\Build\External\Bullet\test\SharedMemory\Test_PhysicsClientServer.vcxproj]
  Generating Code...
C:\Users\jpfau\Desktop\Genesis\External\Bullet\examples\ThirdPartyLibs\stb_image\stb_image.cpp(1643,43): warning C4312: 'type cast': conversion from 'int' to 'unsigned char *' of greater size [C:\Users\jpfau\Desktop\Genesis\Build\External\Bullet\test\SharedMemory\Test_PhysicsClientServer.vcxproj]
C:\Users\jpfau\Desktop\Genesis\External\Bullet\examples\ThirdPartyLibs\stb_image\stb_image.cpp(1680,12): warning C4312: 'type cast': conversion from 'int' to 'unsigned char *' of greater size [C:\Users\jpfau\Desktop\Genesis\Build\External\Bullet\test\SharedMemory\Test_PhysicsClientServer.vcxproj]
C:\Users\jpfau\Desktop\Genesis\External\Bullet\examples\ThirdPartyLibs\stb_image\stb_image.cpp(1707,11): warning C4312: 'type cast': conversion from 'int' to 'unsigned char *' of greater size [C:\Users\jpfau\Desktop\Genesis\Build\External\Bullet\test\SharedMemory\Test_PhysicsClientServer.vcxproj]
C:\Users\jpfau\Desktop\Genesis\External\Bullet\examples\ThirdPartyLibs\stb_image\stb_image.cpp(2851,43): warning C4312: 'type cast': conversion from 'int' to 'unsigned char *' of greater size [C:\Users\jpfau\Desktop\Genesis\Build\External\Bullet\test\SharedMemory\Test_PhysicsClientServer.vcxproj]
C:\Users\jpfau\Desktop\Genesis\External\Bullet\examples\ThirdPartyLibs\stb_image\stb_image.cpp(2984,47): warning C4312: 'type cast': conversion from 'int' to 'unsigned char *' of greater size [C:\Users\jpfau\Desktop\Genesis\Build\External\Bullet\test\SharedMemory\Test_PhysicsClientServer.vcxproj]
C:\Users\jpfau\Desktop\Genesis\External\Bullet\examples\ThirdPartyLibs\stb_image\stb_image.cpp(2990,64): warning C4312: 'type cast': conversion from 'int' to 'unsigned char *' of greater size [C:\Users\jpfau\Desktop\Genesis\Build\External\Bullet\test\SharedMemory\Test_PhysicsClientServer.vcxproj]
C:\Users\jpfau\Desktop\Genesis\External\Bullet\examples\ThirdPartyLibs\stb_image\stb_image.cpp(3001,30): warning C4312: 'type cast': conversion from 'int' to 'unsigned char *' of greater size [C:\Users\jpfau\Desktop\Genesis\Build\External\Bullet\test\SharedMemory\Test_PhysicsClientServer.vcxproj]
C:\Users\jpfau\Desktop\Genesis\External\Bullet\examples\ThirdPartyLibs\stb_image\stb_image.cpp(3003,23): warning C4312: 'type cast': conversion from 'int' to 'unsigned char *' of greater size [C:\Users\jpfau\Desktop\Genesis\Build\External\Bullet\test\SharedMemory\Test_PhysicsClientServer.vcxproj]
C:\Users\jpfau\Desktop\Genesis\External\Bullet\examples\ThirdPartyLibs\stb_image\stb_image.cpp(3014,46): warning C4312: 'type cast': conversion from 'int' to 'unsigned char *' of greater size [C:\Users\jpfau\Desktop\Genesis\Build\External\Bullet\test\SharedMemory\Test_PhysicsClientServer.vcxproj]
C:\Users\jpfau\Desktop\Genesis\External\Bullet\examples\ThirdPartyLibs\stb_image\stb_image.cpp(3058,14): warning C4312: 'type cast': conversion from 'int' to 'unsigned char *' of greater size [C:\Users\jpfau\Desktop\Genesis\Build\External\Bullet\test\SharedMemory\Test_PhysicsClientServer.vcxproj]
C:\Users\jpfau\Desktop\Genesis\External\Bullet\examples\ThirdPartyLibs\stb_image\stb_image.cpp(3062,13): warning C4312: 'type cast': conversion from 'int' to 'unsigned char *' of greater size [C:\Users\jpfau\Desktop\Genesis\Build\External\Bullet\test\SharedMemory\Test_PhysicsClientServer.vcxproj]
C:\Users\jpfau\Desktop\Genesis\External\Bullet\examples\ThirdPartyLibs\stb_image\stb_image.cpp(3085,19): warning C4312: 'type cast': conversion from 'int' to 'unsigned char *' of greater size [C:\Users\jpfau\Desktop\Genesis\Build\External\Bullet\test\SharedMemory\Test_PhysicsClientServer.vcxproj]
C:\Users\jpfau\Desktop\Genesis\External\Bullet\examples\ThirdPartyLibs\stb_image\stb_image.cpp(3092,11): warning C4312: 'type cast': conversion from 'int' to 'unsigned char *' of greater size [C:\Users\jpfau\Desktop\Genesis\Build\External\Bullet\test\SharedMemory\Test_PhysicsClientServer.vcxproj]
C:\Users\jpfau\Desktop\Genesis\External\Bullet\examples\ThirdPartyLibs\stb_image\stb_image.cpp(3110,11): warning C4312: 'type cast': conversion from 'int' to 'unsigned char *' of greater size [C:\Users\jpfau\Desktop\Genesis\Build\External\Bullet\test\SharedMemory\Test_PhysicsClientServer.vcxproj]
C:\Users\jpfau\Desktop\Genesis\External\Bullet\examples\ThirdPartyLibs\stb_image\stb_image.cpp(3164,12): warning C4312: 'type cast': conversion from 'int' to 'unsigned char *' of greater size [C:\Users\jpfau\Desktop\Genesis\Build\External\Bullet\test\SharedMemory\Test_PhysicsClientServer.vcxproj]
C:\Users\jpfau\Desktop\Genesis\External\Bullet\examples\ThirdPartyLibs\stb_image\stb_image.cpp(3380,24): warning C4312: 'type cast': conversion from 'int' to 'unsigned char *' of greater size [C:\Users\jpfau\Desktop\Genesis\Build\External\Bullet\test\SharedMemory\Test_PhysicsClientServer.vcxproj]
C:\Users\jpfau\Desktop\Genesis\External\Bullet\examples\ThirdPartyLibs\stb_image\stb_image.cpp(3391,28): warning C4312: 'type cast': conversion from 'int' to 'unsigned char *' of greater size [C:\Users\jpfau\Desktop\Genesis\Build\External\Bullet\test\SharedMemory\Test_PhysicsClientServer.vcxproj]
C:\Users\jpfau\Desktop\Genesis\External\Bullet\examples\ThirdPartyLibs\stb_image\stb_image.cpp(3396,11): warning C4312: 'type cast': conversion from 'int' to 'unsigned char *' of greater size [C:\Users\jpfau\Desktop\Genesis\Build\External\Bullet\test\SharedMemory\Test_PhysicsClientServer.vcxproj]
C:\Users\jpfau\Desktop\Genesis\External\Bullet\examples\ThirdPartyLibs\stb_image\stb_image.cpp(3577,10): warning C4312: 'type cast': conversion from 'int' to 'unsigned char *' of greater size [C:\Users\jpfau\Desktop\Genesis\Build\External\Bullet\test\SharedMemory\Test_PhysicsClientServer.vcxproj]
C:\Users\jpfau\Desktop\Genesis\External\Bullet\examples\ThirdPartyLibs\stb_image\stb_image.cpp(3581,10): warning C4312: 'type cast': conversion from 'int' to 'unsigned char *' of greater size [C:\Users\jpfau\Desktop\Genesis\Build\External\Bullet\test\SharedMemory\Test_PhysicsClientServer.vcxproj]
C:\Users\jpfau\Desktop\Genesis\External\Bullet\examples\ThirdPartyLibs\stb_image\stb_image.cpp(3589,10): warning C4312: 'type cast': conversion from 'int' to 'unsigned char *' of greater size [C:\Users\jpfau\Desktop\Genesis\Build\External\Bullet\test\SharedMemory\Test_PhysicsClientServer.vcxproj]
C:\Users\jpfau\Desktop\Genesis\External\Bullet\examples\ThirdPartyLibs\stb_image\stb_image.cpp(3597,10): warning C4312: 'type cast': conversion from 'int' to 'unsigned char *' of greater size [C:\Users\jpfau\Desktop\Genesis\Build\External\Bullet\test\SharedMemory\Test_PhysicsClientServer.vcxproj]
C:\Users\jpfau\Desktop\Genesis\External\Bullet\examples\ThirdPartyLibs\stb_image\stb_image.cpp(3610,10): warning C4312: 'type cast': conversion from 'int' to 'unsigned char *' of greater size [C:\Users\jpfau\Desktop\Genesis\Build\External\Bullet\test\SharedMemory\Test_PhysicsClientServer.vcxproj]
C:\Users\jpfau\Desktop\Genesis\External\Bullet\examples\ThirdPartyLibs\stb_image\stb_image.cpp(3627,10): warning C4312: 'type cast': conversion from 'int' to 'unsigned char *' of greater size [C:\Users\jpfau\Desktop\Genesis\Build\External\Bullet\test\SharedMemory\Test_PhysicsClientServer.vcxproj]
C:\Users\jpfau\Desktop\Genesis\External\Bullet\examples\ThirdPartyLibs\stb_image\stb_image.cpp(3631,19): warning C4312: 'type cast': conversion from 'int' to 'unsigned char *' of greater size [C:\Users\jpfau\Desktop\Genesis\Build\External\Bullet\test\SharedMemory\Test_PhysicsClientServer.vcxproj]
C:\Users\jpfau\Desktop\Genesis\External\Bullet\examples\ThirdPartyLibs\stb_image\stb_image.cpp(3795,26): warning C4312: 'type cast': conversion from 'int' to 'unsigned char *' of greater size [C:\Users\jpfau\Desktop\Genesis\Build\External\Bullet\test\SharedMemory\Test_PhysicsClientServer.vcxproj]
C:\Users\jpfau\Desktop\Genesis\External\Bullet\examples\ThirdPartyLibs\stb_image\stb_image.cpp(3824,11): warning C4312: 'type cast': conversion from 'int' to 'unsigned char *' of greater size [C:\Users\jpfau\Desktop\Genesis\Build\External\Bullet\test\SharedMemory\Test_PhysicsClientServer.vcxproj]
C:\Users\jpfau\Desktop\Genesis\External\Bullet\examples\ThirdPartyLibs\stb_image\stb_image.cpp(3835,25): warning C4312: 'type cast': conversion from 'int' to 'unsigned char *' of greater size [C:\Users\jpfau\Desktop\Genesis\Build\External\Bullet\test\SharedMemory\Test_PhysicsClientServer.vcxproj]
C:\Users\jpfau\Desktop\Genesis\External\Bullet\examples\ThirdPartyLibs\stb_image\stb_image.cpp(3836,33): warning C4312: 'type cast': conversion from 'int' to 'unsigned char *' of greater size [C:\Users\jpfau\Desktop\Genesis\Build\External\Bullet\test\SharedMemory\Test_PhysicsClientServer.vcxproj]
C:\Users\jpfau\Desktop\Genesis\External\Bullet\examples\ThirdPartyLibs\stb_image\stb_image.cpp(3853,13): warning C4312: 'type cast': conversion from 'int' to 'unsigned char *' of greater size [C:\Users\jpfau\Desktop\Genesis\Build\External\Bullet\test\SharedMemory\Test_PhysicsClientServer.vcxproj]
C:\Users\jpfau\Desktop\Genesis\External\Bullet\examples\ThirdPartyLibs\stb_image\stb_image.cpp(3874,29): warning C4312: 'type cast': conversion from 'int' to 'unsigned char *' of greater size [C:\Users\jpfau\Desktop\Genesis\Build\External\Bullet\test\SharedMemory\Test_PhysicsClientServer.vcxproj]
C:\Users\jpfau\Desktop\Genesis\External\Bullet\examples\ThirdPartyLibs\stb_image\stb_image.cpp(3894,29): warning C4312: 'type cast': conversion from 'int' to 'unsigned char *' of greater size [C:\Users\jpfau\Desktop\Genesis\Build\External\Bullet\test\SharedMemory\Test_PhysicsClientServer.vcxproj]
C:\Users\jpfau\Desktop\Genesis\External\Bullet\examples\ThirdPartyLibs\stb_image\stb_image.cpp(3906,16): warning C4312: 'type cast': conversion from 'int' to 'unsigned char *' of greater size [C:\Users\jpfau\Desktop\Genesis\Build\External\Bullet\test\SharedMemory\Test_PhysicsClientServer.vcxproj]
C:\Users\jpfau\Desktop\Genesis\External\Bullet\examples\ThirdPartyLibs\stb_image\stb_image.cpp(3917,33): warning C4312: 'type cast': conversion from 'int' to 'unsigned char *' of greater size [C:\Users\jpfau\Desktop\Genesis\Build\External\Bullet\test\SharedMemory\Test_PhysicsClientServer.vcxproj]
C:\Users\jpfau\Desktop\Genesis\External\Bullet\examples\ThirdPartyLibs\stb_image\stb_image.cpp(3944,24): warning C4312: 'type cast': conversion from 'int' to 'unsigned char *' of greater size [C:\Users\jpfau\Desktop\Genesis\Build\External\Bullet\test\SharedMemory\Test_PhysicsClientServer.vcxproj]
C:\Users\jpfau\Desktop\Genesis\External\Bullet\examples\ThirdPartyLibs\stb_image\stb_image.cpp(3945,32): warning C4312: 'type cast': conversion from 'int' to 'unsigned char *' of greater size [C:\Users\jpfau\Desktop\Genesis\Build\External\Bullet\test\SharedMemory\Test_PhysicsClientServer.vcxproj]
C:\Users\jpfau\Desktop\Genesis\External\Bullet\examples\ThirdPartyLibs\stb_image\stb_image.cpp(4177,23): warning C4312: 'type cast': conversion from 'int' to 'unsigned char *' of greater size [C:\Users\jpfau\Desktop\Genesis\Build\External\Bullet\test\SharedMemory\Test_PhysicsClientServer.vcxproj]
C:\Users\jpfau\Desktop\Genesis\External\Bullet\examples\ThirdPartyLibs\stb_image\stb_image.cpp(4182,31): warning C4312: 'type cast': conversion from 'int' to 'unsigned char *' of greater size [C:\Users\jpfau\Desktop\Genesis\Build\External\Bullet\test\SharedMemory\Test_PhysicsClientServer.vcxproj]
C:\Users\jpfau\Desktop\Genesis\External\Bullet\examples\ThirdPartyLibs\stb_image\stb_image.cpp(4188,13): warning C4312: 'type cast': conversion from 'int' to 'unsigned char *' of greater size [C:\Users\jpfau\Desktop\Genesis\Build\External\Bullet\test\SharedMemory\Test_PhysicsClientServer.vcxproj]
C:\Users\jpfau\Desktop\Genesis\External\Bullet\examples\ThirdPartyLibs\stb_image\stb_image.cpp(4202,12): warning C4312: 'type cast': conversion from 'int' to 'unsigned char *' of greater size [C:\Users\jpfau\Desktop\Genesis\Build\External\Bullet\test\SharedMemory\Test_PhysicsClientServer.vcxproj]
C:\Users\jpfau\Desktop\Genesis\External\Bullet\examples\ThirdPartyLibs\stb_image\stb_image.cpp(4233,27): warning C4312: 'type cast': conversion from 'int' to 'unsigned char *' of greater size [C:\Users\jpfau\Desktop\Genesis\Build\External\Bullet\test\SharedMemory\Test_PhysicsClientServer.vcxproj]
C:\Users\jpfau\Desktop\Genesis\External\Bullet\examples\ThirdPartyLibs\stb_image\stb_image.cpp(4243,28): warning C4312: 'type cast': conversion from 'int' to 'unsigned char *' of greater size [C:\Users\jpfau\Desktop\Genesis\Build\External\Bullet\test\SharedMemory\Test_PhysicsClientServer.vcxproj]
C:\Users\jpfau\Desktop\Genesis\External\Bullet\examples\ThirdPartyLibs\stb_image\stb_image.cpp(4262,13): warning C4312: 'type cast': conversion from 'int' to 'unsigned char *' of greater size [C:\Users\jpfau\Desktop\Genesis\Build\External\Bullet\test\SharedMemory\Test_PhysicsClientServer.vcxproj]
C:\Users\jpfau\Desktop\Genesis\External\Bullet\examples\ThirdPartyLibs\stb_image\stb_image.cpp(4299,13): warning C4312: 'type cast': conversion from 'int' to 'unsigned char *' of greater size [C:\Users\jpfau\Desktop\Genesis\Build\External\Bullet\test\SharedMemory\Test_PhysicsClientServer.vcxproj]
C:\Users\jpfau\Desktop\Genesis\External\Bullet\examples\ThirdPartyLibs\stb_image\stb_image.cpp(4336,12): warning C4312: 'type cast': conversion from 'int' to 'unsigned char *' of greater size [C:\Users\jpfau\Desktop\Genesis\Build\External\Bullet\test\SharedMemory\Test_PhysicsClientServer.vcxproj]
C:\Users\jpfau\Desktop\Genesis\External\Bullet\examples\ThirdPartyLibs\stb_image\stb_image.cpp(4458,10): warning C4312: 'type cast': conversion from 'int' to 'float *' of greater size [C:\Users\jpfau\Desktop\Genesis\Build\External\Bullet\test\SharedMemory\Test_PhysicsClientServer.vcxproj]
C:\Users\jpfau\Desktop\Genesis\External\Bullet\examples\ThirdPartyLibs\stb_image\stb_image.cpp(4468,21): warning C4312: 'type cast': conversion from 'int' to 'float *' of greater size [C:\Users\jpfau\Desktop\Genesis\Build\External\Bullet\test\SharedMemory\Test_PhysicsClientServer.vcxproj]
C:\Users\jpfau\Desktop\Genesis\External\Bullet\examples\ThirdPartyLibs\stb_image\stb_image.cpp(4473,39): warning C4312: 'type cast': conversion from 'int' to 'float *' of greater size [C:\Users\jpfau\Desktop\Genesis\Build\External\Bullet\test\SharedMemory\Test_PhysicsClientServer.vcxproj]
C:\Users\jpfau\Desktop\Genesis\External\Bullet\examples\ThirdPartyLibs\stb_image\stb_image.cpp(4477,39): warning C4312: 'type cast': conversion from 'int' to 'float *' of greater size [C:\Users\jpfau\Desktop\Genesis\Build\External\Bullet\test\SharedMemory\Test_PhysicsClientServer.vcxproj]
  Test_BulletInverseDynamicsJacobian.vcxproj -> C:\Users\jpfau\Desktop\Genesis\Build\External\Bullet\test\InverseDynamics\Debug\Test_BulletInverseDynamicsJacobian.exe
C:\Users\jpfau\Desktop\Genesis\External\Bullet\examples\ThirdPartyLibs\stb_image\stb_image.cpp(4537,12): warning C4312: 'type cast': conversion from 'int' to 'float *' of greater size [C:\Users\jpfau\Desktop\Genesis\Build\External\Bullet\test\SharedMemory\Test_PhysicsClientServer.vcxproj]
  tinyxml2.cpp
  TinyRenderer.cpp
  Compiling...
  Slider.cpp
  geometry.cpp
  'pwsh.exe' is not recognized as an internal or external command,
  operable program or batch file.
  model.cpp
  geometry.cpp
  ActiveSocket.cpp
  model.cpp
  our_gl.cpp
  SplitterBar.cpp
  PassiveSocket.cpp
  our_gl.cpp
  tgaimage.cpp
  SimpleSocket.cpp
  tgaimage.cpp
  ChromeTraceUtil.cpp
  RobotLoggingUtil.cpp
  TabButton.cpp
  Generating Code...
  b3Clock.cpp
  ChromeTraceUtil.cpp
  Generating Code...
  test_btKinematicCharacterController.cpp
  b3ResourcePath.cpp
  Compiling...
  RobotLoggingUtil.cpp
  bChunk.cpp
LINK : warning LNK4075: ignoring '/INCREMENTAL' due to '/OPT:ICF' specification [C:\Users\jpfau\Desktop\Genesis\Build\External\Bullet\test\BulletDynamics\Test_btKinematicCharacterController.vcxproj]
  TabControl.cpp
  Generating Code...
  b3Clock.cpp
  bDNA.cpp
  clsocket.vcxproj -> C:\Users\jpfau\Desktop\Genesis\Build\lib\Debug\clsocket_Debug.lib
  Test_btKinematicCharacterController.vcxproj -> C:\Users\jpfau\Desktop\Genesis\Build\External\Bullet\test\BulletDynamics\Debug\Test_btKinematicCharacterController.exe
  b3ResourcePath.cpp
  bFile.cpp
  'pwsh.exe' is not recognized as an internal or external command,
  operable program or batch file.
LINK : warning LNK4075: ignoring '/INCREMENTAL' due to '/OPT:ICF' specification [C:\Users\jpfau\Desktop\Genesis\Build\External\Bullet\examples\SharedMemory\App_PhysicsServer_SharedMemory_GUI.vcxproj]
  btBulletFile.cpp
  TabStrip.cpp
  gtestwrap.cpp
  btBulletWorldImporter.cpp
  btWorldImporter.cpp
  Generating Code...
  Text.cpp
     Creating library C:/Users/jpfau/Desktop/Genesis/Build/External/Bullet/examples/SharedMemory/Debug/App_PhysicsServer_SharedMemory_GUI.lib and object C:/Users/jpfau/Desktop/Genesis/Build/External/Bullet/examples/SharedMemory/Debug/App_PhysicsServer_SharedMemory_GUI.exp
  LoadMeshFromCollada.cpp
  callbacks.c
  compress.c
  App_PhysicsServer_SharedMemory_GUI.vcxproj -> C:\Users\jpfau\Desktop\Genesis\Build\External\Bullet\examples\SharedMemory\Debug\App_PhysicsServer_SharedMemory_GUI.exe
  b3ImportMeshUtility.cpp
  host.c
  TextBox.cpp
LINK : warning LNK4075: ignoring '/INCREMENTAL' due to '/OPT:ICF' specification [C:\Users\jpfau\Desktop\Genesis\Build\External\Bullet\test\SharedMemory\Test_PhysicsClientServer.vcxproj]
     Creating library C:/Users/jpfau/Desktop/Genesis/Build/External/Bullet/test/SharedMemory/Debug/Test_PhysicsClientServer.lib and object C:/Users/jpfau/Desktop/Genesis/Build/External/Bullet/test/SharedMemory/Debug/Test_PhysicsClientServer.exp
  Test_PhysicsClientServer.vcxproj -> C:\Users\jpfau\Desktop\Genesis\Build\External\Bullet\test\SharedMemory\Debug\Test_PhysicsClientServer.exe
  'pwsh.exe' is not recognized as an internal or external command,
  operable program or batch file.
  LoadMeshFromObj.cpp
C:\Users\jpfau\Desktop\Genesis\External\Bullet\examples\ThirdPartyLibs\enet\host.c(229,57): warning C5287: operands are different enum types '_ENetProtocolCommand' and '_ENetProtocolFlag'; use an explicit cast to silence this warning [C:\Users\jpfau\Desktop\Genesis\Build\External\Bullet\Extras\BulletRobotics\BulletRobotics.vcxproj]
C:\Users\jpfau\Desktop\Genesis\External\Bullet\examples\ThirdPartyLibs\enet\host.c(456,67): warning C5287: operands are different enum types '_ENetProtocolCommand' and '_ENetProtocolFlag'; use an explicit cast to silence this warning [C:\Users\jpfau\Desktop\Genesis\Build\External\Bullet\Extras\BulletRobotics\BulletRobotics.vcxproj]
  list.c
  packet.c
  Wavefront2GLInstanceGraphicsShape.cpp
  peer.c
  'pwsh.exe' is not recognized as an internal or external command,
  operable program or batch file.
  BulletUrdfImporter.cpp
  TextBoxNumeric.cpp
C:\Users\jpfau\Desktop\Genesis\External\Bullet\examples\ThirdPartyLibs\enet\peer.c(50,68): warning C5287: operands are different enum types '_ENetProtocolCommand' and '_ENetProtocolFlag'; use an explicit cast to silence this warning [C:\Users\jpfau\Desktop\Genesis\Build\External\Bullet\Extras\BulletRobotics\BulletRobotics.vcxproj]
C:\Users\jpfau\Desktop\Genesis\External\Bullet\examples\ThirdPartyLibs\enet\peer.c(131,56): warning C5287: operands are different enum types '_ENetProtocolCommand' and '_ENetProtocolFlag'; use an explicit cast to silence this warning [C:\Users\jpfau\Desktop\Genesis\Build\External\Bullet\Extras\BulletRobotics\BulletRobotics.vcxproj]
C:\Users\jpfau\Desktop\Genesis\External\Bullet\examples\ThirdPartyLibs\enet\peer.c(190,67): warning C5287: operands are different enum types '_ENetProtocolCommand' and '_ENetProtocolFlag'; use an explicit cast to silence this warning [C:\Users\jpfau\Desktop\Genesis\Build\External\Bullet\Extras\BulletRobotics\BulletRobotics.vcxproj]
C:\Users\jpfau\Desktop\Genesis\External\Bullet\examples\ThirdPartyLibs\enet\peer.c(195,64): warning C5287: operands are different enum types '_ENetProtocolCommand' and '_ENetProtocolFlag'; use an explicit cast to silence this warning [C:\Users\jpfau\Desktop\Genesis\Build\External\Bullet\Extras\BulletRobotics\BulletRobotics.vcxproj]
C:\Users\jpfau\Desktop\Genesis\External\Bullet\examples\ThirdPartyLibs\enet\peer.c(404,54): warning C5287: operands are different enum types '_ENetProtocolCommand' and '_ENetProtocolFlag'; use an explicit cast to silence this warning [C:\Users\jpfau\Desktop\Genesis\Build\External\Bullet\Extras\BulletRobotics\BulletRobotics.vcxproj]
C:\Users\jpfau\Desktop\Genesis\External\Bullet\examples\ThirdPartyLibs\enet\peer.c(467,61): warning C5287: operands are different enum types '_ENetProtocolCommand' and '_ENetProtocolFlag'; use an explicit cast to silence this warning [C:\Users\jpfau\Desktop\Genesis\Build\External\Bullet\Extras\BulletRobotics\BulletRobotics.vcxproj]
  protocol.c
C:\Users\jpfau\Desktop\Genesis\External\Bullet\examples\ThirdPartyLibs\enet\protocol.c(385,70): warning C5287: operands are different enum types '_ENetProtocolCommand' and '_ENetProtocolFlag'; use an explicit cast to silence this warning [C:\Users\jpfau\Desktop\Genesis\Build\External\Bullet\Extras\BulletRobotics\BulletRobotics.vcxproj]
  unix.c
  win32.c
  Generating Code...
  MyMultiBodyCreator.cpp
  TreeControl.cpp
  BulletRobotics.vcxproj -> C:\Users\jpfau\Desktop\Genesis\Build\lib\Debug\BulletRobotics_Debug.lib
  MinitaurSetup.cpp
  HelloBulletRobotics.cpp
  URDF2Bullet.cpp
  RobotSimulatorMain.cpp
LINK : warning LNK4075: ignoring '/INCREMENTAL' due to '/OPT:ICF' specification [C:\Users\jpfau\Desktop\Genesis\Build\External\Bullet\examples\RobotSimulator\App_HelloBulletRobotics.vcxproj]
  Generating Code...
  UrdfParser.cpp
  TreeNode.cpp
LINK : warning LNK4075: ignoring '/INCREMENTAL' due to '/OPT:ICF' specification [C:\Users\jpfau\Desktop\Genesis\Build\External\Bullet\examples\RobotSimulator\App_RobotSimulator_NoGUI.vcxproj]
     Creating library C:/Users/jpfau/Desktop/Genesis/Build/External/Bullet/examples/RobotSimulator/Debug/App_HelloBulletRobotics_d.lib and object C:/Users/jpfau/Desktop/Genesis/Build/External/Bullet/examples/RobotSimulator/Debug/App_HelloBulletRobotics_d.exp
  urdfStringSplit.cpp
     Creating library C:/Users/jpfau/Desktop/Genesis/Build/External/Bullet/examples/RobotSimulator/Debug/App_RobotSimulator_NoGUI_d.lib and object C:/Users/jpfau/Desktop/Genesis/Build/External/Bullet/examples/RobotSimulator/Debug/App_RobotSimulator_NoGUI_d.exp
  App_HelloBulletRobotics.vcxproj -> C:\Users\jpfau\Desktop\Genesis\Build\External\Bullet\examples\RobotSimulator\Debug\App_HelloBulletRobotics_d.exe
  tiny_obj_loader.cpp
  VerticalScrollBar.cpp
  App_RobotSimulator_NoGUI.vcxproj -> C:\Users\jpfau\Desktop\Genesis\Build\External\Bullet\examples\RobotSimulator\Debug\App_RobotSimulator_NoGUI_d.exe
  'pwsh.exe' is not recognized as an internal or external command,
  operable program or batch file.
  stb_image.cpp
C:\Users\jpfau\Desktop\Genesis\External\Bullet\examples\ThirdPartyLibs\stb_image\stb_image.cpp(220,9): warning C4312: 'type cast': conversion from 'int' to 'unsigned char *' of greater size [C:\Users\jpfau\Desktop\Genesis\Build\External\Bullet\test\InverseDynamics\Test_BulletInverseForwardDynamics.vcxproj]
C:\Users\jpfau\Desktop\Genesis\External\Bullet\examples\ThirdPartyLibs\stb_image\stb_image.cpp(228,17): warning C4312: 'type cast': conversion from 'int' to 'unsigned char *' of greater size [C:\Users\jpfau\Desktop\Genesis\Build\External\Bullet\test\InverseDynamics\Test_BulletInverseForwardDynamics.vcxproj]
C:\Users\jpfau\Desktop\Genesis\External\Bullet\examples\ThirdPartyLibs\stb_image\stb_image.cpp(268,9): warning C4312: 'type cast': conversion from 'int' to 'float *' of greater size [C:\Users\jpfau\Desktop\Genesis\Build\External\Bullet\test\InverseDynamics\Test_BulletInverseForwardDynamics.vcxproj]
C:\Users\jpfau\Desktop\Genesis\External\Bullet\examples\ThirdPartyLibs\stb_image\stb_image.cpp(290,17): warning C4312: 'type cast': conversion from 'int' to 'float *' of greater size [C:\Users\jpfau\Desktop\Genesis\Build\External\Bullet\test\InverseDynamics\Test_BulletInverseForwardDynamics.vcxproj]
C:\Users\jpfau\Desktop\Genesis\External\Bullet\examples\ThirdPartyLibs\stb_image\stb_image.cpp(524,10): warning C4312: 'type cast': conversion from 'int' to 'unsigned char *' of greater size [C:\Users\jpfau\Desktop\Genesis\Build\External\Bullet\test\InverseDynamics\Test_BulletInverseForwardDynamics.vcxproj]
C:\Users\jpfau\Desktop\Genesis\External\Bullet\examples\ThirdPartyLibs\stb_image\stb_image.cpp(601,10): warning C4312: 'type cast': conversion from 'int' to 'float *' of greater size [C:\Users\jpfau\Desktop\Genesis\Build\External\Bullet\test\InverseDynamics\Test_BulletInverseForwardDynamics.vcxproj]
C:\Users\jpfau\Desktop\Genesis\External\Bullet\examples\ThirdPartyLibs\stb_image\stb_image.cpp(628,10): warning C4312: 'type cast': conversion from 'int' to 'unsigned char *' of greater size [C:\Users\jpfau\Desktop\Genesis\Build\External\Bullet\test\InverseDynamics\Test_BulletInverseForwardDynamics.vcxproj]
C:\Users\jpfau\Desktop\Genesis\External\Bullet\examples\ThirdPartyLibs\stb_image\stb_image.cpp(1643,43): warning C4312: 'type cast': conversion from 'int' to 'unsigned char *' of greater size [C:\Users\jpfau\Desktop\Genesis\Build\External\Bullet\test\InverseDynamics\Test_BulletInverseForwardDynamics.vcxproj]
C:\Users\jpfau\Desktop\Genesis\External\Bullet\examples\ThirdPartyLibs\stb_image\stb_image.cpp(1680,12): warning C4312: 'type cast': conversion from 'int' to 'unsigned char *' of greater size [C:\Users\jpfau\Desktop\Genesis\Build\External\Bullet\test\InverseDynamics\Test_BulletInverseForwardDynamics.vcxproj]
C:\Users\jpfau\Desktop\Genesis\External\Bullet\examples\ThirdPartyLibs\stb_image\stb_image.cpp(1707,11): warning C4312: 'type cast': conversion from 'int' to 'unsigned char *' of greater size [C:\Users\jpfau\Desktop\Genesis\Build\External\Bullet\test\InverseDynamics\Test_BulletInverseForwardDynamics.vcxproj]
C:\Users\jpfau\Desktop\Genesis\External\Bullet\examples\ThirdPartyLibs\stb_image\stb_image.cpp(2851,43): warning C4312: 'type cast': conversion from 'int' to 'unsigned char *' of greater size [C:\Users\jpfau\Desktop\Genesis\Build\External\Bullet\test\InverseDynamics\Test_BulletInverseForwardDynamics.vcxproj]
C:\Users\jpfau\Desktop\Genesis\External\Bullet\examples\ThirdPartyLibs\stb_image\stb_image.cpp(2984,47): warning C4312: 'type cast': conversion from 'int' to 'unsigned char *' of greater size [C:\Users\jpfau\Desktop\Genesis\Build\External\Bullet\test\InverseDynamics\Test_BulletInverseForwardDynamics.vcxproj]
C:\Users\jpfau\Desktop\Genesis\External\Bullet\examples\ThirdPartyLibs\stb_image\stb_image.cpp(2990,64): warning C4312: 'type cast': conversion from 'int' to 'unsigned char *' of greater size [C:\Users\jpfau\Desktop\Genesis\Build\External\Bullet\test\InverseDynamics\Test_BulletInverseForwardDynamics.vcxproj]
C:\Users\jpfau\Desktop\Genesis\External\Bullet\examples\ThirdPartyLibs\stb_image\stb_image.cpp(3001,30): warning C4312: 'type cast': conversion from 'int' to 'unsigned char *' of greater size [C:\Users\jpfau\Desktop\Genesis\Build\External\Bullet\test\InverseDynamics\Test_BulletInverseForwardDynamics.vcxproj]
C:\Users\jpfau\Desktop\Genesis\External\Bullet\examples\ThirdPartyLibs\stb_image\stb_image.cpp(3003,23): warning C4312: 'type cast': conversion from 'int' to 'unsigned char *' of greater size [C:\Users\jpfau\Desktop\Genesis\Build\External\Bullet\test\InverseDynamics\Test_BulletInverseForwardDynamics.vcxproj]
C:\Users\jpfau\Desktop\Genesis\External\Bullet\examples\ThirdPartyLibs\stb_image\stb_image.cpp(3014,46): warning C4312: 'type cast': conversion from 'int' to 'unsigned char *' of greater size [C:\Users\jpfau\Desktop\Genesis\Build\External\Bullet\test\InverseDynamics\Test_BulletInverseForwardDynamics.vcxproj]
C:\Users\jpfau\Desktop\Genesis\External\Bullet\examples\ThirdPartyLibs\stb_image\stb_image.cpp(3058,14): warning C4312: 'type cast': conversion from 'int' to 'unsigned char *' of greater size [C:\Users\jpfau\Desktop\Genesis\Build\External\Bullet\test\InverseDynamics\Test_BulletInverseForwardDynamics.vcxproj]
C:\Users\jpfau\Desktop\Genesis\External\Bullet\examples\ThirdPartyLibs\stb_image\stb_image.cpp(3062,13): warning C4312: 'type cast': conversion from 'int' to 'unsigned char *' of greater size [C:\Users\jpfau\Desktop\Genesis\Build\External\Bullet\test\InverseDynamics\Test_BulletInverseForwardDynamics.vcxproj]
C:\Users\jpfau\Desktop\Genesis\External\Bullet\examples\ThirdPartyLibs\stb_image\stb_image.cpp(3085,19): warning C4312: 'type cast': conversion from 'int' to 'unsigned char *' of greater size [C:\Users\jpfau\Desktop\Genesis\Build\External\Bullet\test\InverseDynamics\Test_BulletInverseForwardDynamics.vcxproj]
C:\Users\jpfau\Desktop\Genesis\External\Bullet\examples\ThirdPartyLibs\stb_image\stb_image.cpp(3092,11): warning C4312: 'type cast': conversion from 'int' to 'unsigned char *' of greater size [C:\Users\jpfau\Desktop\Genesis\Build\External\Bullet\test\InverseDynamics\Test_BulletInverseForwardDynamics.vcxproj]
C:\Users\jpfau\Desktop\Genesis\External\Bullet\examples\ThirdPartyLibs\stb_image\stb_image.cpp(3110,11): warning C4312: 'type cast': conversion from 'int' to 'unsigned char *' of greater size [C:\Users\jpfau\Desktop\Genesis\Build\External\Bullet\test\InverseDynamics\Test_BulletInverseForwardDynamics.vcxproj]
C:\Users\jpfau\Desktop\Genesis\External\Bullet\examples\ThirdPartyLibs\stb_image\stb_image.cpp(3164,12): warning C4312: 'type cast': conversion from 'int' to 'unsigned char *' of greater size [C:\Users\jpfau\Desktop\Genesis\Build\External\Bullet\test\InverseDynamics\Test_BulletInverseForwardDynamics.vcxproj]
C:\Users\jpfau\Desktop\Genesis\External\Bullet\examples\ThirdPartyLibs\stb_image\stb_image.cpp(3380,24): warning C4312: 'type cast': conversion from 'int' to 'unsigned char *' of greater size [C:\Users\jpfau\Desktop\Genesis\Build\External\Bullet\test\InverseDynamics\Test_BulletInverseForwardDynamics.vcxproj]
C:\Users\jpfau\Desktop\Genesis\External\Bullet\examples\ThirdPartyLibs\stb_image\stb_image.cpp(3391,28): warning C4312: 'type cast': conversion from 'int' to 'unsigned char *' of greater size [C:\Users\jpfau\Desktop\Genesis\Build\External\Bullet\test\InverseDynamics\Test_BulletInverseForwardDynamics.vcxproj]
C:\Users\jpfau\Desktop\Genesis\External\Bullet\examples\ThirdPartyLibs\stb_image\stb_image.cpp(3396,11): warning C4312: 'type cast': conversion from 'int' to 'unsigned char *' of greater size [C:\Users\jpfau\Desktop\Genesis\Build\External\Bullet\test\InverseDynamics\Test_BulletInverseForwardDynamics.vcxproj]
C:\Users\jpfau\Desktop\Genesis\External\Bullet\examples\ThirdPartyLibs\stb_image\stb_image.cpp(3577,10): warning C4312: 'type cast': conversion from 'int' to 'unsigned char *' of greater size [C:\Users\jpfau\Desktop\Genesis\Build\External\Bullet\test\InverseDynamics\Test_BulletInverseForwardDynamics.vcxproj]
C:\Users\jpfau\Desktop\Genesis\External\Bullet\examples\ThirdPartyLibs\stb_image\stb_image.cpp(3581,10): warning C4312: 'type cast': conversion from 'int' to 'unsigned char *' of greater size [C:\Users\jpfau\Desktop\Genesis\Build\External\Bullet\test\InverseDynamics\Test_BulletInverseForwardDynamics.vcxproj]
C:\Users\jpfau\Desktop\Genesis\External\Bullet\examples\ThirdPartyLibs\stb_image\stb_image.cpp(3589,10): warning C4312: 'type cast': conversion from 'int' to 'unsigned char *' of greater size [C:\Users\jpfau\Desktop\Genesis\Build\External\Bullet\test\InverseDynamics\Test_BulletInverseForwardDynamics.vcxproj]
C:\Users\jpfau\Desktop\Genesis\External\Bullet\examples\ThirdPartyLibs\stb_image\stb_image.cpp(3597,10): warning C4312: 'type cast': conversion from 'int' to 'unsigned char *' of greater size [C:\Users\jpfau\Desktop\Genesis\Build\External\Bullet\test\InverseDynamics\Test_BulletInverseForwardDynamics.vcxproj]
C:\Users\jpfau\Desktop\Genesis\External\Bullet\examples\ThirdPartyLibs\stb_image\stb_image.cpp(3610,10): warning C4312: 'type cast': conversion from 'int' to 'unsigned char *' of greater size [C:\Users\jpfau\Desktop\Genesis\Build\External\Bullet\test\InverseDynamics\Test_BulletInverseForwardDynamics.vcxproj]
C:\Users\jpfau\Desktop\Genesis\External\Bullet\examples\ThirdPartyLibs\stb_image\stb_image.cpp(3627,10): warning C4312: 'type cast': conversion from 'int' to 'unsigned char *' of greater size [C:\Users\jpfau\Desktop\Genesis\Build\External\Bullet\test\InverseDynamics\Test_BulletInverseForwardDynamics.vcxproj]
C:\Users\jpfau\Desktop\Genesis\External\Bullet\examples\ThirdPartyLibs\stb_image\stb_image.cpp(3631,19): warning C4312: 'type cast': conversion from 'int' to 'unsigned char *' of greater size [C:\Users\jpfau\Desktop\Genesis\Build\External\Bullet\test\InverseDynamics\Test_BulletInverseForwardDynamics.vcxproj]
C:\Users\jpfau\Desktop\Genesis\External\Bullet\examples\ThirdPartyLibs\stb_image\stb_image.cpp(3795,26): warning C4312: 'type cast': conversion from 'int' to 'unsigned char *' of greater size [C:\Users\jpfau\Desktop\Genesis\Build\External\Bullet\test\InverseDynamics\Test_BulletInverseForwardDynamics.vcxproj]
C:\Users\jpfau\Desktop\Genesis\External\Bullet\examples\ThirdPartyLibs\stb_image\stb_image.cpp(3824,11): warning C4312: 'type cast': conversion from 'int' to 'unsigned char *' of greater size [C:\Users\jpfau\Desktop\Genesis\Build\External\Bullet\test\InverseDynamics\Test_BulletInverseForwardDynamics.vcxproj]
C:\Users\jpfau\Desktop\Genesis\External\Bullet\examples\ThirdPartyLibs\stb_image\stb_image.cpp(3835,25): warning C4312: 'type cast': conversion from 'int' to 'unsigned char *' of greater size [C:\Users\jpfau\Desktop\Genesis\Build\External\Bullet\test\InverseDynamics\Test_BulletInverseForwardDynamics.vcxproj]
C:\Users\jpfau\Desktop\Genesis\External\Bullet\examples\ThirdPartyLibs\stb_image\stb_image.cpp(3836,33): warning C4312: 'type cast': conversion from 'int' to 'unsigned char *' of greater size [C:\Users\jpfau\Desktop\Genesis\Build\External\Bullet\test\InverseDynamics\Test_BulletInverseForwardDynamics.vcxproj]
C:\Users\jpfau\Desktop\Genesis\External\Bullet\examples\ThirdPartyLibs\stb_image\stb_image.cpp(3853,13): warning C4312: 'type cast': conversion from 'int' to 'unsigned char *' of greater size [C:\Users\jpfau\Desktop\Genesis\Build\External\Bullet\test\InverseDynamics\Test_BulletInverseForwardDynamics.vcxproj]
C:\Users\jpfau\Desktop\Genesis\External\Bullet\examples\ThirdPartyLibs\stb_image\stb_image.cpp(3874,29): warning C4312: 'type cast': conversion from 'int' to 'unsigned char *' of greater size [C:\Users\jpfau\Desktop\Genesis\Build\External\Bullet\test\InverseDynamics\Test_BulletInverseForwardDynamics.vcxproj]
C:\Users\jpfau\Desktop\Genesis\External\Bullet\examples\ThirdPartyLibs\stb_image\stb_image.cpp(3894,29): warning C4312: 'type cast': conversion from 'int' to 'unsigned char *' of greater size [C:\Users\jpfau\Desktop\Genesis\Build\External\Bullet\test\InverseDynamics\Test_BulletInverseForwardDynamics.vcxproj]
C:\Users\jpfau\Desktop\Genesis\External\Bullet\examples\ThirdPartyLibs\stb_image\stb_image.cpp(3906,16): warning C4312: 'type cast': conversion from 'int' to 'unsigned char *' of greater size [C:\Users\jpfau\Desktop\Genesis\Build\External\Bullet\test\InverseDynamics\Test_BulletInverseForwardDynamics.vcxproj]
C:\Users\jpfau\Desktop\Genesis\External\Bullet\examples\ThirdPartyLibs\stb_image\stb_image.cpp(3917,33): warning C4312: 'type cast': conversion from 'int' to 'unsigned char *' of greater size [C:\Users\jpfau\Desktop\Genesis\Build\External\Bullet\test\InverseDynamics\Test_BulletInverseForwardDynamics.vcxproj]
C:\Users\jpfau\Desktop\Genesis\External\Bullet\examples\ThirdPartyLibs\stb_image\stb_image.cpp(3944,24): warning C4312: 'type cast': conversion from 'int' to 'unsigned char *' of greater size [C:\Users\jpfau\Desktop\Genesis\Build\External\Bullet\test\InverseDynamics\Test_BulletInverseForwardDynamics.vcxproj]
C:\Users\jpfau\Desktop\Genesis\External\Bullet\examples\ThirdPartyLibs\stb_image\stb_image.cpp(3945,32): warning C4312: 'type cast': conversion from 'int' to 'unsigned char *' of greater size [C:\Users\jpfau\Desktop\Genesis\Build\External\Bullet\test\InverseDynamics\Test_BulletInverseForwardDynamics.vcxproj]
C:\Users\jpfau\Desktop\Genesis\External\Bullet\examples\ThirdPartyLibs\stb_image\stb_image.cpp(4177,23): warning C4312: 'type cast': conversion from 'int' to 'unsigned char *' of greater size [C:\Users\jpfau\Desktop\Genesis\Build\External\Bullet\test\InverseDynamics\Test_BulletInverseForwardDynamics.vcxproj]
C:\Users\jpfau\Desktop\Genesis\External\Bullet\examples\ThirdPartyLibs\stb_image\stb_image.cpp(4182,31): warning C4312: 'type cast': conversion from 'int' to 'unsigned char *' of greater size [C:\Users\jpfau\Desktop\Genesis\Build\External\Bullet\test\InverseDynamics\Test_BulletInverseForwardDynamics.vcxproj]
C:\Users\jpfau\Desktop\Genesis\External\Bullet\examples\ThirdPartyLibs\stb_image\stb_image.cpp(4188,13): warning C4312: 'type cast': conversion from 'int' to 'unsigned char *' of greater size [C:\Users\jpfau\Desktop\Genesis\Build\External\Bullet\test\InverseDynamics\Test_BulletInverseForwardDynamics.vcxproj]
C:\Users\jpfau\Desktop\Genesis\External\Bullet\examples\ThirdPartyLibs\stb_image\stb_image.cpp(4202,12): warning C4312: 'type cast': conversion from 'int' to 'unsigned char *' of greater size [C:\Users\jpfau\Desktop\Genesis\Build\External\Bullet\test\InverseDynamics\Test_BulletInverseForwardDynamics.vcxproj]
C:\Users\jpfau\Desktop\Genesis\External\Bullet\examples\ThirdPartyLibs\stb_image\stb_image.cpp(4233,27): warning C4312: 'type cast': conversion from 'int' to 'unsigned char *' of greater size [C:\Users\jpfau\Desktop\Genesis\Build\External\Bullet\test\InverseDynamics\Test_BulletInverseForwardDynamics.vcxproj]
C:\Users\jpfau\Desktop\Genesis\External\Bullet\examples\ThirdPartyLibs\stb_image\stb_image.cpp(4243,28): warning C4312: 'type cast': conversion from 'int' to 'unsigned char *' of greater size [C:\Users\jpfau\Desktop\Genesis\Build\External\Bullet\test\InverseDynamics\Test_BulletInverseForwardDynamics.vcxproj]
C:\Users\jpfau\Desktop\Genesis\External\Bullet\examples\ThirdPartyLibs\stb_image\stb_image.cpp(4262,13): warning C4312: 'type cast': conversion from 'int' to 'unsigned char *' of greater size [C:\Users\jpfau\Desktop\Genesis\Build\External\Bullet\test\InverseDynamics\Test_BulletInverseForwardDynamics.vcxproj]
C:\Users\jpfau\Desktop\Genesis\External\Bullet\examples\ThirdPartyLibs\stb_image\stb_image.cpp(4299,13): warning C4312: 'type cast': conversion from 'int' to 'unsigned char *' of greater size [C:\Users\jpfau\Desktop\Genesis\Build\External\Bullet\test\InverseDynamics\Test_BulletInverseForwardDynamics.vcxproj]
C:\Users\jpfau\Desktop\Genesis\External\Bullet\examples\ThirdPartyLibs\stb_image\stb_image.cpp(4336,12): warning C4312: 'type cast': conversion from 'int' to 'unsigned char *' of greater size [C:\Users\jpfau\Desktop\Genesis\Build\External\Bullet\test\InverseDynamics\Test_BulletInverseForwardDynamics.vcxproj]
C:\Users\jpfau\Desktop\Genesis\External\Bullet\examples\ThirdPartyLibs\stb_image\stb_image.cpp(4458,10): warning C4312: 'type cast': conversion from 'int' to 'float *' of greater size [C:\Users\jpfau\Desktop\Genesis\Build\External\Bullet\test\InverseDynamics\Test_BulletInverseForwardDynamics.vcxproj]
C:\Users\jpfau\Desktop\Genesis\External\Bullet\examples\ThirdPartyLibs\stb_image\stb_image.cpp(4468,21): warning C4312: 'type cast': conversion from 'int' to 'float *' of greater size [C:\Users\jpfau\Desktop\Genesis\Build\External\Bullet\test\InverseDynamics\Test_BulletInverseForwardDynamics.vcxproj]
C:\Users\jpfau\Desktop\Genesis\External\Bullet\examples\ThirdPartyLibs\stb_image\stb_image.cpp(4473,39): warning C4312: 'type cast': conversion from 'int' to 'float *' of greater size [C:\Users\jpfau\Desktop\Genesis\Build\External\Bullet\test\InverseDynamics\Test_BulletInverseForwardDynamics.vcxproj]
C:\Users\jpfau\Desktop\Genesis\External\Bullet\examples\ThirdPartyLibs\stb_image\stb_image.cpp(4477,39): warning C4312: 'type cast': conversion from 'int' to 'float *' of greater size [C:\Users\jpfau\Desktop\Genesis\Build\External\Bullet\test\InverseDynamics\Test_BulletInverseForwardDynamics.vcxproj]
C:\Users\jpfau\Desktop\Genesis\External\Bullet\examples\ThirdPartyLibs\stb_image\stb_image.cpp(4537,12): warning C4312: 'type cast': conversion from 'int' to 'float *' of greater size [C:\Users\jpfau\Desktop\Genesis\Build\External\Bullet\test\InverseDynamics\Test_BulletInverseForwardDynamics.vcxproj]
  tinyxml2.cpp
  b3Clock.cpp
  'pwsh.exe' is not recognized as an internal or external command,
  operable program or batch file.
  b3ResourcePath.cpp
  VerticalSlider.cpp
  Generating Code...
  Compiling...
  test_invdyn_bullet.cpp
  WindowControl.cpp
  Generating Code...
  DragAndDrop.cpp
LINK : warning LNK4075: ignoring '/INCREMENTAL' due to '/OPT:ICF' specification [C:\Users\jpfau\Desktop\Genesis\Build\External\Bullet\test\InverseDynamics\Test_BulletInverseForwardDynamics.vcxproj]
  Test_BulletInverseForwardDynamics.vcxproj -> C:\Users\jpfau\Desktop\Genesis\Build\External\Bullet\test\InverseDynamics\Debug\Test_BulletInverseForwardDynamics.exe
  'pwsh.exe' is not recognized as an internal or external command,
  operable program or batch file.
  Gwen.cpp
  Hook.cpp
  Null.cpp
  Windows.cpp
  OpenGL_DebugFont.cpp
  Skin.cpp
  Generating Code...
  Compiling...
  ToolTip.cpp
  Utility.cpp
  events.cpp
  inputhandler.cpp
  Generating Code...
  gwen.vcxproj -> C:\Users\jpfau\Desktop\Genesis\Build\lib\Debug\gwen_Debug.lib
  InProcessExampleBrowser.cpp
  InProcessExampleBrowser.cpp
  bChunk.cpp
  bDNA.cpp
  MinitaurSetup.cpp
  LoadMeshFromCollada.cpp
  bFile.cpp
  RobotSimulatorMain.cpp
  BulletMJCFImporter.cpp
  btBulletFile.cpp
  b3RobotSimulatorClientAPI.cpp
  btBulletWorldImporter.cpp
  GraphicsClientExample.cpp
  GraphicsServerExample.cpp
C:\Users\jpfau\Desktop\Genesis\External\Bullet\examples\Importers\ImportMJCFDemo\BulletMJCFImporter.cpp(1450,54): warning C4804: '>': unsafe use of type 'bool' in operation [C:\Users\jpfau\Desktop\Genesis\Build\External\Bullet\examples\TwoJoint\App_TwoJoint.vcxproj]
  b3ImportMeshUtility.cpp
  btMultiBodyWorldImporter.cpp
  LoadMeshFromObj.cpp
  Wavefront2GLInstanceGraphicsShape.cpp
  PhysicsServerExample.cpp
  btWorldImporter.cpp
  BulletUrdfImporter.cpp
  BasicExample.cpp
  PhysicsServerExampleBullet2.cpp
  RemoteGUIHelper.cpp
  BenchmarkDemo.cpp
  MyMultiBodyCreator.cpp
  RemoteGUIHelperTCP.cpp
  URDF2Bullet.cpp
  BoxStack.cpp
  SharedMemoryInProcessPhysicsC_API.cpp
  Generating Code...
  UrdfParser.cpp
  FixJointBoxes.cpp
LINK : warning LNK4075: ignoring '/INCREMENTAL' due to '/OPT:ICF' specification [C:\Users\jpfau\Desktop\Genesis\Build\External\Bullet\examples\RobotSimulator\App_RobotSimulator.vcxproj]
  urdfStringSplit.cpp
  JointLimit.cpp
  b3PosixThreadSupport.cpp
  b3ThreadSupportInterface.cpp
  b3Win32ThreadSupport.cpp
  CollisionSdkC_Api.cpp
  CollisionTutorialBullet2.cpp
     Creating library C:/Users/jpfau/Desktop/Genesis/Build/External/Bullet/examples/RobotSimulator/Debug/App_RobotSimulator_d.lib and object C:/Users/jpfau/Desktop/Genesis/Build/External/Bullet/examples/RobotSimulator/Debug/App_RobotSimulator_d.exp
  Bullet2CollisionSdk.cpp
  GraphicsClientExample.cpp
  App_RobotSimulator.vcxproj -> C:\Users\jpfau\Desktop\Genesis\Build\External\Bullet\examples\RobotSimulator\Debug\App_RobotSimulator_d.exe
  GraphicsServerExample.cpp
  'pwsh.exe' is not recognized as an internal or external command,
  operable program or batch file.
  RealTimeBullet3CollisionSdk.cpp
  ConstraintDemo.cpp
  ConstraintPhysicsSetup.cpp
  IKTrajectoryHelper.cpp
  Dof6Spring2Setup.cpp
  InProcessMemory.cpp
  PhysicsClient.cpp
  PhysicsClientC_API.cpp
  TestHingeTorque.cpp
  Generating Code...
  Compiling...
  PhysicsClientSharedMemory.cpp
  Generating Code...
  Compiling...
  ClothFriction.cpp
  PhysicsClientSharedMemory_C_API.cpp
  PhysicsClientTCP.cpp
C:\Program Files\Microsoft Visual Studio\2022\Community\VC\Tools\MSVC\14.44.35207\include\stdint.h(57,9): warning C4005: 'UINT8_MAX': macro redefinition [C:\Users\jpfau\Desktop\Genesis\Build\External\Bullet\examples\TwoJoint\App_TwoJoint.vcxproj]
  (compiling source file '../../../../../External/Bullet/examples/SharedMemory/PhysicsClientTCP.cpp')
      C:\Users\jpfau\Desktop\Genesis\External\Bullet\examples\ThirdPartyLibs\clsocket\src\Host.h(107,9):
      see previous definition of 'UINT8_MAX'
  
C:\Program Files\Microsoft Visual Studio\2022\Community\VC\Tools\MSVC\14.44.35207\include\stdint.h(58,9): warning C4005: 'UINT16_MAX': macro redefinition [C:\Users\jpfau\Desktop\Genesis\Build\External\Bullet\examples\TwoJoint\App_TwoJoint.vcxproj]
  (compiling source file '../../../../../External/Bullet/examples/SharedMemory/PhysicsClientTCP.cpp')
      C:\Users\jpfau\Desktop\Genesis\External\Bullet\examples\ThirdPartyLibs\clsocket\src\Host.h(110,9):
      see previous definition of 'UINT16_MAX'
  
C:\Program Files\Microsoft Visual Studio\2022\Community\VC\Tools\MSVC\14.44.35207\include\stdint.h(59,9): warning C4005: 'UINT32_MAX': macro redefinition [C:\Users\jpfau\Desktop\Genesis\Build\External\Bullet\examples\TwoJoint\App_TwoJoint.vcxproj]
  (compiling source file '../../../../../External/Bullet/examples/SharedMemory/PhysicsClientTCP.cpp')
      C:\Users\jpfau\Desktop\Genesis\External\Bullet\examples\ThirdPartyLibs\clsocket\src\Host.h(113,9):
      see previous definition of 'UINT32_MAX'
  
  PhysicsClientTCP_C_API.cpp
  PhysicsClientUDP.cpp
  Collide.cpp
C:\Users\jpfau\Desktop\Genesis\External\Bullet\examples\SharedMemory\PhysicsClientUDP.cpp(167,8): warning C4477: 'printf' : format string '%lu' requires an argument of type 'unsigned long', but variadic argument 1 has type 'size_t' [C:\Users\jpfau\Desktop\Genesis\Build\External\Bullet\examples\TwoJoint\App_TwoJoint.vcxproj]
      C:\Users\jpfau\Desktop\Genesis\External\Bullet\examples\SharedMemory\PhysicsClientUDP.cpp(167,8):
      consider using '%zu' in the format string
  
C:\Users\jpfau\Desktop\Genesis\External\Bullet\examples\SharedMemory\PhysicsClientUDP.cpp(223,8): warning C4477: 'printf' : format string '%lu' requires an argument of type 'unsigned long', but variadic argument 1 has type 'size_t' [C:\Users\jpfau\Desktop\Genesis\Build\External\Bullet\examples\TwoJoint\App_TwoJoint.vcxproj]
      C:\Users\jpfau\Desktop\Genesis\External\Bullet\examples\SharedMemory\PhysicsClientUDP.cpp(223,8):
      consider using '%zu' in the format string
  
  PhysicsClientUDP_C_API.cpp
  PhysicsDirect.cpp
  PhysicsDirectC_API.cpp
  DeformableClothAnchor.cpp
  PhysicsServer.cpp
  PhysicsServerCommandProcessor.cpp
  DeformableContact.cpp
  PhysicsServerExample.cpp
  DeformableMultibody.cpp
  PhysicsServerExampleBullet2.cpp
  DeformableRigid.cpp
  PhysicsServerSharedMemory.cpp
  PosixSharedMemory.cpp
  RemoteGUIHelper.cpp
  RemoteGUIHelperTCP.cpp
  DeformableSelfCollision.cpp
  SharedMemoryInProcessPhysicsC_API.cpp
  Win32SharedMemory.cpp
  GraspDeformable.cpp
  b3PluginManager.cpp
  b3RobotSimulatorClientAPI_NoDirect.cpp
  LargeDeformation.cpp
  Generating Code...
  Compiling...
  collisionFilterPlugin.cpp
  pdControlPlugin.cpp
  LoadDeformed.cpp
  TinyRendererVisualShapeConverter.cpp
  tinyRendererPlugin.cpp
  MultibodyClothAnchor.cpp
  tiny_obj_loader.cpp
  ActiveSocket.cpp
  Pinch.cpp
  PassiveSocket.cpp
  SimpleSocket.cpp
  stb_image.cpp
  PinchFriction.cpp
C:\Users\jpfau\Desktop\Genesis\External\Bullet\examples\ThirdPartyLibs\stb_image\stb_image.cpp(220,9): warning C4312: 'type cast': conversion from 'int' to 'unsigned char *' of greater size [C:\Users\jpfau\Desktop\Genesis\Build\External\Bullet\examples\TwoJoint\App_TwoJoint.vcxproj]
C:\Users\jpfau\Desktop\Genesis\External\Bullet\examples\ThirdPartyLibs\stb_image\stb_image.cpp(228,17): warning C4312: 'type cast': conversion from 'int' to 'unsigned char *' of greater size [C:\Users\jpfau\Desktop\Genesis\Build\External\Bullet\examples\TwoJoint\App_TwoJoint.vcxproj]
C:\Users\jpfau\Desktop\Genesis\External\Bullet\examples\ThirdPartyLibs\stb_image\stb_image.cpp(268,9): warning C4312: 'type cast': conversion from 'int' to 'float *' of greater size [C:\Users\jpfau\Desktop\Genesis\Build\External\Bullet\examples\TwoJoint\App_TwoJoint.vcxproj]
C:\Users\jpfau\Desktop\Genesis\External\Bullet\examples\ThirdPartyLibs\stb_image\stb_image.cpp(290,17): warning C4312: 'type cast': conversion from 'int' to 'float *' of greater size [C:\Users\jpfau\Desktop\Genesis\Build\External\Bullet\examples\TwoJoint\App_TwoJoint.vcxproj]
C:\Users\jpfau\Desktop\Genesis\External\Bullet\examples\ThirdPartyLibs\stb_image\stb_image.cpp(524,10): warning C4312: 'type cast': conversion from 'int' to 'unsigned char *' of greater size [C:\Users\jpfau\Desktop\Genesis\Build\External\Bullet\examples\TwoJoint\App_TwoJoint.vcxproj]
C:\Users\jpfau\Desktop\Genesis\External\Bullet\examples\ThirdPartyLibs\stb_image\stb_image.cpp(601,10): warning C4312: 'type cast': conversion from 'int' to 'float *' of greater size [C:\Users\jpfau\Desktop\Genesis\Build\External\Bullet\examples\TwoJoint\App_TwoJoint.vcxproj]
C:\Users\jpfau\Desktop\Genesis\External\Bullet\examples\ThirdPartyLibs\stb_image\stb_image.cpp(628,10): warning C4312: 'type cast': conversion from 'int' to 'unsigned char *' of greater size [C:\Users\jpfau\Desktop\Genesis\Build\External\Bullet\examples\TwoJoint\App_TwoJoint.vcxproj]
C:\Users\jpfau\Desktop\Genesis\External\Bullet\examples\ThirdPartyLibs\stb_image\stb_image.cpp(1643,43): warning C4312: 'type cast': conversion from 'int' to 'unsigned char *' of greater size [C:\Users\jpfau\Desktop\Genesis\Build\External\Bullet\examples\TwoJoint\App_TwoJoint.vcxproj]
C:\Users\jpfau\Desktop\Genesis\External\Bullet\examples\ThirdPartyLibs\stb_image\stb_image.cpp(1680,12): warning C4312: 'type cast': conversion from 'int' to 'unsigned char *' of greater size [C:\Users\jpfau\Desktop\Genesis\Build\External\Bullet\examples\TwoJoint\App_TwoJoint.vcxproj]
C:\Users\jpfau\Desktop\Genesis\External\Bullet\examples\ThirdPartyLibs\stb_image\stb_image.cpp(1707,11): warning C4312: 'type cast': conversion from 'int' to 'unsigned char *' of greater size [C:\Users\jpfau\Desktop\Genesis\Build\External\Bullet\examples\TwoJoint\App_TwoJoint.vcxproj]
C:\Users\jpfau\Desktop\Genesis\External\Bullet\examples\ThirdPartyLibs\stb_image\stb_image.cpp(2851,43): warning C4312: 'type cast': conversion from 'int' to 'unsigned char *' of greater size [C:\Users\jpfau\Desktop\Genesis\Build\External\Bullet\examples\TwoJoint\App_TwoJoint.vcxproj]
C:\Users\jpfau\Desktop\Genesis\External\Bullet\examples\ThirdPartyLibs\stb_image\stb_image.cpp(2984,47): warning C4312: 'type cast': conversion from 'int' to 'unsigned char *' of greater size [C:\Users\jpfau\Desktop\Genesis\Build\External\Bullet\examples\TwoJoint\App_TwoJoint.vcxproj]
C:\Users\jpfau\Desktop\Genesis\External\Bullet\examples\ThirdPartyLibs\stb_image\stb_image.cpp(2990,64): warning C4312: 'type cast': conversion from 'int' to 'unsigned char *' of greater size [C:\Users\jpfau\Desktop\Genesis\Build\External\Bullet\examples\TwoJoint\App_TwoJoint.vcxproj]
C:\Users\jpfau\Desktop\Genesis\External\Bullet\examples\ThirdPartyLibs\stb_image\stb_image.cpp(3001,30): warning C4312: 'type cast': conversion from 'int' to 'unsigned char *' of greater size [C:\Users\jpfau\Desktop\Genesis\Build\External\Bullet\examples\TwoJoint\App_TwoJoint.vcxproj]
C:\Users\jpfau\Desktop\Genesis\External\Bullet\examples\ThirdPartyLibs\stb_image\stb_image.cpp(3003,23): warning C4312: 'type cast': conversion from 'int' to 'unsigned char *' of greater size [C:\Users\jpfau\Desktop\Genesis\Build\External\Bullet\examples\TwoJoint\App_TwoJoint.vcxproj]
C:\Users\jpfau\Desktop\Genesis\External\Bullet\examples\ThirdPartyLibs\stb_image\stb_image.cpp(3014,46): warning C4312: 'type cast': conversion from 'int' to 'unsigned char *' of greater size [C:\Users\jpfau\Desktop\Genesis\Build\External\Bullet\examples\TwoJoint\App_TwoJoint.vcxproj]
C:\Users\jpfau\Desktop\Genesis\External\Bullet\examples\ThirdPartyLibs\stb_image\stb_image.cpp(3058,14): warning C4312: 'type cast': conversion from 'int' to 'unsigned char *' of greater size [C:\Users\jpfau\Desktop\Genesis\Build\External\Bullet\examples\TwoJoint\App_TwoJoint.vcxproj]
C:\Users\jpfau\Desktop\Genesis\External\Bullet\examples\ThirdPartyLibs\stb_image\stb_image.cpp(3062,13): warning C4312: 'type cast': conversion from 'int' to 'unsigned char *' of greater size [C:\Users\jpfau\Desktop\Genesis\Build\External\Bullet\examples\TwoJoint\App_TwoJoint.vcxproj]
C:\Users\jpfau\Desktop\Genesis\External\Bullet\examples\ThirdPartyLibs\stb_image\stb_image.cpp(3085,19): warning C4312: 'type cast': conversion from 'int' to 'unsigned char *' of greater size [C:\Users\jpfau\Desktop\Genesis\Build\External\Bullet\examples\TwoJoint\App_TwoJoint.vcxproj]
C:\Users\jpfau\Desktop\Genesis\External\Bullet\examples\ThirdPartyLibs\stb_image\stb_image.cpp(3092,11): warning C4312: 'type cast': conversion from 'int' to 'unsigned char *' of greater size [C:\Users\jpfau\Desktop\Genesis\Build\External\Bullet\examples\TwoJoint\App_TwoJoint.vcxproj]
C:\Users\jpfau\Desktop\Genesis\External\Bullet\examples\ThirdPartyLibs\stb_image\stb_image.cpp(3110,11): warning C4312: 'type cast': conversion from 'int' to 'unsigned char *' of greater size [C:\Users\jpfau\Desktop\Genesis\Build\External\Bullet\examples\TwoJoint\App_TwoJoint.vcxproj]
C:\Users\jpfau\Desktop\Genesis\External\Bullet\examples\ThirdPartyLibs\stb_image\stb_image.cpp(3164,12): warning C4312: 'type cast': conversion from 'int' to 'unsigned char *' of greater size [C:\Users\jpfau\Desktop\Genesis\Build\External\Bullet\examples\TwoJoint\App_TwoJoint.vcxproj]
C:\Users\jpfau\Desktop\Genesis\External\Bullet\examples\ThirdPartyLibs\stb_image\stb_image.cpp(3380,24): warning C4312: 'type cast': conversion from 'int' to 'unsigned char *' of greater size [C:\Users\jpfau\Desktop\Genesis\Build\External\Bullet\examples\TwoJoint\App_TwoJoint.vcxproj]
C:\Users\jpfau\Desktop\Genesis\External\Bullet\examples\ThirdPartyLibs\stb_image\stb_image.cpp(3391,28): warning C4312: 'type cast': conversion from 'int' to 'unsigned char *' of greater size [C:\Users\jpfau\Desktop\Genesis\Build\External\Bullet\examples\TwoJoint\App_TwoJoint.vcxproj]
C:\Users\jpfau\Desktop\Genesis\External\Bullet\examples\ThirdPartyLibs\stb_image\stb_image.cpp(3396,11): warning C4312: 'type cast': conversion from 'int' to 'unsigned char *' of greater size [C:\Users\jpfau\Desktop\Genesis\Build\External\Bullet\examples\TwoJoint\App_TwoJoint.vcxproj]
C:\Users\jpfau\Desktop\Genesis\External\Bullet\examples\ThirdPartyLibs\stb_image\stb_image.cpp(3577,10): warning C4312: 'type cast': conversion from 'int' to 'unsigned char *' of greater size [C:\Users\jpfau\Desktop\Genesis\Build\External\Bullet\examples\TwoJoint\App_TwoJoint.vcxproj]
C:\Users\jpfau\Desktop\Genesis\External\Bullet\examples\ThirdPartyLibs\stb_image\stb_image.cpp(3581,10): warning C4312: 'type cast': conversion from 'int' to 'unsigned char *' of greater size [C:\Users\jpfau\Desktop\Genesis\Build\External\Bullet\examples\TwoJoint\App_TwoJoint.vcxproj]
C:\Users\jpfau\Desktop\Genesis\External\Bullet\examples\ThirdPartyLibs\stb_image\stb_image.cpp(3589,10): warning C4312: 'type cast': conversion from 'int' to 'unsigned char *' of greater size [C:\Users\jpfau\Desktop\Genesis\Build\External\Bullet\examples\TwoJoint\App_TwoJoint.vcxproj]
C:\Users\jpfau\Desktop\Genesis\External\Bullet\examples\ThirdPartyLibs\stb_image\stb_image.cpp(3597,10): warning C4312: 'type cast': conversion from 'int' to 'unsigned char *' of greater size [C:\Users\jpfau\Desktop\Genesis\Build\External\Bullet\examples\TwoJoint\App_TwoJoint.vcxproj]
C:\Users\jpfau\Desktop\Genesis\External\Bullet\examples\ThirdPartyLibs\stb_image\stb_image.cpp(3610,10): warning C4312: 'type cast': conversion from 'int' to 'unsigned char *' of greater size [C:\Users\jpfau\Desktop\Genesis\Build\External\Bullet\examples\TwoJoint\App_TwoJoint.vcxproj]
C:\Users\jpfau\Desktop\Genesis\External\Bullet\examples\ThirdPartyLibs\stb_image\stb_image.cpp(3627,10): warning C4312: 'type cast': conversion from 'int' to 'unsigned char *' of greater size [C:\Users\jpfau\Desktop\Genesis\Build\External\Bullet\examples\TwoJoint\App_TwoJoint.vcxproj]
C:\Users\jpfau\Desktop\Genesis\External\Bullet\examples\ThirdPartyLibs\stb_image\stb_image.cpp(3631,19): warning C4312: 'type cast': conversion from 'int' to 'unsigned char *' of greater size [C:\Users\jpfau\Desktop\Genesis\Build\External\Bullet\examples\TwoJoint\App_TwoJoint.vcxproj]
C:\Users\jpfau\Desktop\Genesis\External\Bullet\examples\ThirdPartyLibs\stb_image\stb_image.cpp(3795,26): warning C4312: 'type cast': conversion from 'int' to 'unsigned char *' of greater size [C:\Users\jpfau\Desktop\Genesis\Build\External\Bullet\examples\TwoJoint\App_TwoJoint.vcxproj]
C:\Users\jpfau\Desktop\Genesis\External\Bullet\examples\ThirdPartyLibs\stb_image\stb_image.cpp(3824,11): warning C4312: 'type cast': conversion from 'int' to 'unsigned char *' of greater size [C:\Users\jpfau\Desktop\Genesis\Build\External\Bullet\examples\TwoJoint\App_TwoJoint.vcxproj]
C:\Users\jpfau\Desktop\Genesis\External\Bullet\examples\ThirdPartyLibs\stb_image\stb_image.cpp(3835,25): warning C4312: 'type cast': conversion from 'int' to 'unsigned char *' of greater size [C:\Users\jpfau\Desktop\Genesis\Build\External\Bullet\examples\TwoJoint\App_TwoJoint.vcxproj]
C:\Users\jpfau\Desktop\Genesis\External\Bullet\examples\ThirdPartyLibs\stb_image\stb_image.cpp(3836,33): warning C4312: 'type cast': conversion from 'int' to 'unsigned char *' of greater size [C:\Users\jpfau\Desktop\Genesis\Build\External\Bullet\examples\TwoJoint\App_TwoJoint.vcxproj]
C:\Users\jpfau\Desktop\Genesis\External\Bullet\examples\ThirdPartyLibs\stb_image\stb_image.cpp(3853,13): warning C4312: 'type cast': conversion from 'int' to 'unsigned char *' of greater size [C:\Users\jpfau\Desktop\Genesis\Build\External\Bullet\examples\TwoJoint\App_TwoJoint.vcxproj]
C:\Users\jpfau\Desktop\Genesis\External\Bullet\examples\ThirdPartyLibs\stb_image\stb_image.cpp(3874,29): warning C4312: 'type cast': conversion from 'int' to 'unsigned char *' of greater size [C:\Users\jpfau\Desktop\Genesis\Build\External\Bullet\examples\TwoJoint\App_TwoJoint.vcxproj]
C:\Users\jpfau\Desktop\Genesis\External\Bullet\examples\ThirdPartyLibs\stb_image\stb_image.cpp(3894,29): warning C4312: 'type cast': conversion from 'int' to 'unsigned char *' of greater size [C:\Users\jpfau\Desktop\Genesis\Build\External\Bullet\examples\TwoJoint\App_TwoJoint.vcxproj]
C:\Users\jpfau\Desktop\Genesis\External\Bullet\examples\ThirdPartyLibs\stb_image\stb_image.cpp(3906,16): warning C4312: 'type cast': conversion from 'int' to 'unsigned char *' of greater size [C:\Users\jpfau\Desktop\Genesis\Build\External\Bullet\examples\TwoJoint\App_TwoJoint.vcxproj]
C:\Users\jpfau\Desktop\Genesis\External\Bullet\examples\ThirdPartyLibs\stb_image\stb_image.cpp(3917,33): warning C4312: 'type cast': conversion from 'int' to 'unsigned char *' of greater size [C:\Users\jpfau\Desktop\Genesis\Build\External\Bullet\examples\TwoJoint\App_TwoJoint.vcxproj]
C:\Users\jpfau\Desktop\Genesis\External\Bullet\examples\ThirdPartyLibs\stb_image\stb_image.cpp(3944,24): warning C4312: 'type cast': conversion from 'int' to 'unsigned char *' of greater size [C:\Users\jpfau\Desktop\Genesis\Build\External\Bullet\examples\TwoJoint\App_TwoJoint.vcxproj]
C:\Users\jpfau\Desktop\Genesis\External\Bullet\examples\ThirdPartyLibs\stb_image\stb_image.cpp(3945,32): warning C4312: 'type cast': conversion from 'int' to 'unsigned char *' of greater size [C:\Users\jpfau\Desktop\Genesis\Build\External\Bullet\examples\TwoJoint\App_TwoJoint.vcxproj]
C:\Users\jpfau\Desktop\Genesis\External\Bullet\examples\ThirdPartyLibs\stb_image\stb_image.cpp(4177,23): warning C4312: 'type cast': conversion from 'int' to 'unsigned char *' of greater size [C:\Users\jpfau\Desktop\Genesis\Build\External\Bullet\examples\TwoJoint\App_TwoJoint.vcxproj]
C:\Users\jpfau\Desktop\Genesis\External\Bullet\examples\ThirdPartyLibs\stb_image\stb_image.cpp(4182,31): warning C4312: 'type cast': conversion from 'int' to 'unsigned char *' of greater size [C:\Users\jpfau\Desktop\Genesis\Build\External\Bullet\examples\TwoJoint\App_TwoJoint.vcxproj]
C:\Users\jpfau\Desktop\Genesis\External\Bullet\examples\ThirdPartyLibs\stb_image\stb_image.cpp(4188,13): warning C4312: 'type cast': conversion from 'int' to 'unsigned char *' of greater size [C:\Users\jpfau\Desktop\Genesis\Build\External\Bullet\examples\TwoJoint\App_TwoJoint.vcxproj]
C:\Users\jpfau\Desktop\Genesis\External\Bullet\examples\ThirdPartyLibs\stb_image\stb_image.cpp(4202,12): warning C4312: 'type cast': conversion from 'int' to 'unsigned char *' of greater size [C:\Users\jpfau\Desktop\Genesis\Build\External\Bullet\examples\TwoJoint\App_TwoJoint.vcxproj]
C:\Users\jpfau\Desktop\Genesis\External\Bullet\examples\ThirdPartyLibs\stb_image\stb_image.cpp(4233,27): warning C4312: 'type cast': conversion from 'int' to 'unsigned char *' of greater size [C:\Users\jpfau\Desktop\Genesis\Build\External\Bullet\examples\TwoJoint\App_TwoJoint.vcxproj]
C:\Users\jpfau\Desktop\Genesis\External\Bullet\examples\ThirdPartyLibs\stb_image\stb_image.cpp(4243,28): warning C4312: 'type cast': conversion from 'int' to 'unsigned char *' of greater size [C:\Users\jpfau\Desktop\Genesis\Build\External\Bullet\examples\TwoJoint\App_TwoJoint.vcxproj]
C:\Users\jpfau\Desktop\Genesis\External\Bullet\examples\ThirdPartyLibs\stb_image\stb_image.cpp(4262,13): warning C4312: 'type cast': conversion from 'int' to 'unsigned char *' of greater size [C:\Users\jpfau\Desktop\Genesis\Build\External\Bullet\examples\TwoJoint\App_TwoJoint.vcxproj]
C:\Users\jpfau\Desktop\Genesis\External\Bullet\examples\ThirdPartyLibs\stb_image\stb_image.cpp(4299,13): warning C4312: 'type cast': conversion from 'int' to 'unsigned char *' of greater size [C:\Users\jpfau\Desktop\Genesis\Build\External\Bullet\examples\TwoJoint\App_TwoJoint.vcxproj]
C:\Users\jpfau\Desktop\Genesis\External\Bullet\examples\ThirdPartyLibs\stb_image\stb_image.cpp(4336,12): warning C4312: 'type cast': conversion from 'int' to 'unsigned char *' of greater size [C:\Users\jpfau\Desktop\Genesis\Build\External\Bullet\examples\TwoJoint\App_TwoJoint.vcxproj]
C:\Users\jpfau\Desktop\Genesis\External\Bullet\examples\ThirdPartyLibs\stb_image\stb_image.cpp(4458,10): warning C4312: 'type cast': conversion from 'int' to 'float *' of greater size [C:\Users\jpfau\Desktop\Genesis\Build\External\Bullet\examples\TwoJoint\App_TwoJoint.vcxproj]
C:\Users\jpfau\Desktop\Genesis\External\Bullet\examples\ThirdPartyLibs\stb_image\stb_image.cpp(4468,21): warning C4312: 'type cast': conversion from 'int' to 'float *' of greater size [C:\Users\jpfau\Desktop\Genesis\Build\External\Bullet\examples\TwoJoint\App_TwoJoint.vcxproj]
C:\Users\jpfau\Desktop\Genesis\External\Bullet\examples\ThirdPartyLibs\stb_image\stb_image.cpp(4473,39): warning C4312: 'type cast': conversion from 'int' to 'float *' of greater size [C:\Users\jpfau\Desktop\Genesis\Build\External\Bullet\examples\TwoJoint\App_TwoJoint.vcxproj]
C:\Users\jpfau\Desktop\Genesis\External\Bullet\examples\ThirdPartyLibs\stb_image\stb_image.cpp(4477,39): warning C4312: 'type cast': conversion from 'int' to 'float *' of greater size [C:\Users\jpfau\Desktop\Genesis\Build\External\Bullet\examples\TwoJoint\App_TwoJoint.vcxproj]
C:\Users\jpfau\Desktop\Genesis\External\Bullet\examples\ThirdPartyLibs\stb_image\stb_image.cpp(4537,12): warning C4312: 'type cast': conversion from 'int' to 'float *' of greater size [C:\Users\jpfau\Desktop\Genesis\Build\External\Bullet\examples\TwoJoint\App_TwoJoint.vcxproj]
  tinyxml2.cpp
  TinyRenderer.cpp
  geometry.cpp
  model.cpp
  SplitImpulse.cpp
  our_gl.cpp
  tgaimage.cpp
  VolumetricDeformable.cpp
  TwoJointMain.cpp
  RobotLoggingUtil.cpp
  b3ResourcePath.cpp
  MotorDemo.cpp
  NN3DWalkers.cpp
  Generating Code...
  ExampleEntries.cpp
  InProcessExampleBrowser.cpp
  callbacks.c
  compress.c
  main.cpp
  host.c
C:\Users\jpfau\Desktop\Genesis\External\Bullet\examples\ThirdPartyLibs\enet\host.c(229,57): warning C5287: operands are different enum types '_ENetProtocolCommand' and '_ENetProtocolFlag'; use an explicit cast to silence this warning [C:\Users\jpfau\Desktop\Genesis\Build\External\Bullet\examples\TwoJoint\App_TwoJoint.vcxproj]
C:\Users\jpfau\Desktop\Genesis\External\Bullet\examples\ThirdPartyLibs\enet\host.c(456,67): warning C5287: operands are different enum types '_ENetProtocolCommand' and '_ENetProtocolFlag'; use an explicit cast to silence this warning [C:\Users\jpfau\Desktop\Genesis\Build\External\Bullet\examples\TwoJoint\App_TwoJoint.vcxproj]
  list.c
  Generating Code...
  packet.c
  peer.c
C:\Users\jpfau\Desktop\Genesis\External\Bullet\examples\ThirdPartyLibs\enet\peer.c(50,68): warning C5287: operands are different enum types '_ENetProtocolCommand' and '_ENetProtocolFlag'; use an explicit cast to silence this warning [C:\Users\jpfau\Desktop\Genesis\Build\External\Bullet\examples\TwoJoint\App_TwoJoint.vcxproj]
C:\Users\jpfau\Desktop\Genesis\External\Bullet\examples\ThirdPartyLibs\enet\peer.c(131,56): warning C5287: operands are different enum types '_ENetProtocolCommand' and '_ENetProtocolFlag'; use an explicit cast to silence this warning [C:\Users\jpfau\Desktop\Genesis\Build\External\Bullet\examples\TwoJoint\App_TwoJoint.vcxproj]
C:\Users\jpfau\Desktop\Genesis\External\Bullet\examples\ThirdPartyLibs\enet\peer.c(190,67): warning C5287: operands are different enum types '_ENetProtocolCommand' and '_ENetProtocolFlag'; use an explicit cast to silence this warning [C:\Users\jpfau\Desktop\Genesis\Build\External\Bullet\examples\TwoJoint\App_TwoJoint.vcxproj]
C:\Users\jpfau\Desktop\Genesis\External\Bullet\examples\ThirdPartyLibs\enet\peer.c(195,64): warning C5287: operands are different enum types '_ENetProtocolCommand' and '_ENetProtocolFlag'; use an explicit cast to silence this warning [C:\Users\jpfau\Desktop\Genesis\Build\External\Bullet\examples\TwoJoint\App_TwoJoint.vcxproj]
C:\Users\jpfau\Desktop\Genesis\External\Bullet\examples\ThirdPartyLibs\enet\peer.c(404,54): warning C5287: operands are different enum types '_ENetProtocolCommand' and '_ENetProtocolFlag'; use an explicit cast to silence this warning [C:\Users\jpfau\Desktop\Genesis\Build\External\Bullet\examples\TwoJoint\App_TwoJoint.vcxproj]
C:\Users\jpfau\Desktop\Genesis\External\Bullet\examples\ThirdPartyLibs\enet\peer.c(467,61): warning C5287: operands are different enum types '_ENetProtocolCommand' and '_ENetProtocolFlag'; use an explicit cast to silence this warning [C:\Users\jpfau\Desktop\Genesis\Build\External\Bullet\examples\TwoJoint\App_TwoJoint.vcxproj]
  protocol.c
C:\Users\jpfau\Desktop\Genesis\External\Bullet\examples\ThirdPartyLibs\enet\protocol.c(385,70): warning C5287: operands are different enum types '_ENetProtocolCommand' and '_ENetProtocolFlag'; use an explicit cast to silence this warning [C:\Users\jpfau\Desktop\Genesis\Build\External\Bullet\examples\TwoJoint\App_TwoJoint.vcxproj]
  unix.c
  Compiling...
  Bridge.cpp
  win32.c
  Generating Code...
LINK : warning LNK4075: ignoring '/INCREMENTAL' due to '/OPT:ICF' specification [C:\Users\jpfau\Desktop\Genesis\Build\External\Bullet\examples\TwoJoint\App_TwoJoint.vcxproj]
  Chain.cpp
     Creating library C:/Users/jpfau/Desktop/Genesis/Build/External/Bullet/examples/TwoJoint/Debug/App_TwoJoint_d.lib and object C:/Users/jpfau/Desktop/Genesis/Build/External/Bullet/examples/TwoJoint/Debug/App_TwoJoint_d.exp
  CompoundBoxes.cpp
  App_TwoJoint.vcxproj -> C:\Users\jpfau\Desktop\Genesis\Build\External\Bullet\examples\TwoJoint\Debug\App_TwoJoint_d.exe
  'pwsh.exe' is not recognized as an internal or external command,
  operable program or batch file.
  InclinedPlane.cpp
  MultiPendulum.cpp
  MultipleBoxes.cpp
  NewtonsCradle.cpp
  NewtonsRopeCradle.cpp
  RigidBodyFromObj.cpp
  SimpleBox.cpp
  SimpleCloth.cpp
  SimpleJoint.cpp
  ForkLiftDemo.cpp
  FractureDemo.cpp
  btFractureBody.cpp
  btFractureDynamicsWorld.cpp
  GyroscopicSetup.cpp
  HeightfieldExample.cpp
  BspConverter.cpp
  BspLoader.cpp
  Generating Code...
  Compiling...
  ImportBspExample.cpp
  SerializeSetup.cpp
  ImportColladaSetup.cpp
  LoadMeshFromCollada.cpp
  BulletMJCFImporter.cpp
C:\Users\jpfau\Desktop\Genesis\External\Bullet\examples\Importers\ImportMJCFDemo\BulletMJCFImporter.cpp(1450,54): warning C4804: '>': unsafe use of type 'bool' in operation [C:\Users\jpfau\Desktop\Genesis\Build\External\Bullet\examples\ExampleBrowser\App_ExampleBrowser.vcxproj]
  ImportMJCFSetup.cpp
  b3ImportMeshUtility.cpp
  ImportObjExample.cpp
  LoadMeshFromObj.cpp
  Wavefront2GLInstanceGraphicsShape.cpp
  ImportSDFSetup.cpp
  ImportSTLSetup.cpp
  BulletUrdfImporter.cpp
  ImportURDFSetup.cpp
  MyMultiBodyCreator.cpp
  URDF2Bullet.cpp
  UrdfParser.cpp
  urdfStringSplit.cpp
  InverseDynamicsExample.cpp
C:\Users\jpfau\Desktop\Genesis\External\Bullet\examples\InverseDynamics\InverseDynamicsExample.cpp(227,18): warning C4477: 'sprintf' : format string '%lu' requires an argument of type 'unsigned long', but variadic argument 1 has type 'size_t' [C:\Users\jpfau\Desktop\Genesis\Build\External\Bullet\examples\ExampleBrowser\App_ExampleBrowser.vcxproj]
      C:\Users\jpfau\Desktop\Genesis\External\Bullet\examples\InverseDynamics\InverseDynamicsExample.cpp(227,18):
      consider using '%zu' in the format string
  
C:\Users\jpfau\Desktop\Genesis\External\Bullet\examples\InverseDynamics\InverseDynamicsExample.cpp(233,18): warning C4477: 'sprintf' : format string '%lu' requires an argument of type 'unsigned long', but variadic argument 1 has type 'size_t' [C:\Users\jpfau\Desktop\Genesis\Build\External\Bullet\examples\ExampleBrowser\App_ExampleBrowser.vcxproj]
      C:\Users\jpfau\Desktop\Genesis\External\Bullet\examples\InverseDynamics\InverseDynamicsExample.cpp(233,18):
      consider using '%zu' in the format string
  
  InverseKinematicsExample.cpp
  Generating Code...
  Compiling...
  InvertedPendulumPDControl.cpp
  KinematicMultiBodyExample.cpp
  MultiBodyConstraintFeedback.cpp
  MultiBodySoftContact.cpp
  MultiDofDemo.cpp
  Pendulum.cpp
  TestJointTorqueSetup.cpp
  CommonRigidBodyMTBase.cpp
  MultiThreadedDemo.cpp
  MultiThreadingExample.cpp
  b3PosixThreadSupport.cpp
  b3ThreadSupportInterface.cpp
  b3Win32ThreadSupport.cpp
  Planar2D.cpp
  RaytestDemo.cpp
  ConservationTest.cpp
  FreeFall.cpp
  FrictionSlope.cpp
  ModeVisualizer.cpp
  ReducedBenchmark.cpp
  Generating Code...
  Compiling...
  ReducedCollide.cpp
  ReducedGrasp.cpp
  ReducedMotorGrasp.cpp
  Springboard.cpp
  CoordinateSystemDemo.cpp
  DynamicTexturedCubeDemo.cpp
  RaytracerSetup.cpp
  RenderInstancingDemo.cpp
  TimeSeriesCanvas.cpp
  TimeSeriesExample.cpp
  TimeSeriesFontData.cpp
  TinyRendererSetup.cpp
  TinyVRGui.cpp
  KinematicRigidBodyExample.cpp
  RigidBodySoftContact.cpp
  b3RobotSimulatorClientAPI.cpp
  GripperGraspExample.cpp
  KukaGraspExample.cpp
  R2D2GraspExample.cpp
  RollingFrictionDemo.cpp
  Generating Code...
  Compiling...
  GraphicsClientExample.cpp
  GraphicsServerExample.cpp
  IKTrajectoryHelper.cpp
  InProcessMemory.cpp
  PhysicsClient.cpp
  PhysicsClientC_API.cpp
  PhysicsClientExample.cpp
  PhysicsClientSharedMemory.cpp
  PhysicsClientSharedMemory_C_API.cpp
  PhysicsDirect.cpp
  PhysicsDirectC_API.cpp
  PhysicsLoopBack.cpp
  PhysicsLoopBackC_API.cpp
  PhysicsServer.cpp
  PhysicsServerCommandProcessor.cpp
  PhysicsServerExample.cpp
  PhysicsServerExampleBullet2.cpp
  PhysicsServerSharedMemory.cpp
  PosixSharedMemory.cpp
  RemoteGUIHelper.cpp
  Generating Code...
  Compiling...
  SharedMemoryInProcessPhysicsC_API.cpp
  Win32SharedMemory.cpp
  b3PluginManager.cpp
  b3RobotSimulatorClientAPI_NoDirect.cpp
  b3RobotSimulatorClientAPI_NoGUI.cpp
  collisionFilterPlugin.cpp
  pdControlPlugin.cpp
  TinyRendererVisualShapeConverter.cpp
  tinyRendererPlugin.cpp
  SoftDemo.cpp
  tiny_obj_loader.cpp
  stb_image.cpp
C:\Users\jpfau\Desktop\Genesis\External\Bullet\examples\ThirdPartyLibs\stb_image\stb_image.cpp(220,9): warning C4312: 'type cast': conversion from 'int' to 'unsigned char *' of greater size [C:\Users\jpfau\Desktop\Genesis\Build\External\Bullet\examples\ExampleBrowser\App_ExampleBrowser.vcxproj]
C:\Users\jpfau\Desktop\Genesis\External\Bullet\examples\ThirdPartyLibs\stb_image\stb_image.cpp(228,17): warning C4312: 'type cast': conversion from 'int' to 'unsigned char *' of greater size [C:\Users\jpfau\Desktop\Genesis\Build\External\Bullet\examples\ExampleBrowser\App_ExampleBrowser.vcxproj]
C:\Users\jpfau\Desktop\Genesis\External\Bullet\examples\ThirdPartyLibs\stb_image\stb_image.cpp(268,9): warning C4312: 'type cast': conversion from 'int' to 'float *' of greater size [C:\Users\jpfau\Desktop\Genesis\Build\External\Bullet\examples\ExampleBrowser\App_ExampleBrowser.vcxproj]
C:\Users\jpfau\Desktop\Genesis\External\Bullet\examples\ThirdPartyLibs\stb_image\stb_image.cpp(290,17): warning C4312: 'type cast': conversion from 'int' to 'float *' of greater size [C:\Users\jpfau\Desktop\Genesis\Build\External\Bullet\examples\ExampleBrowser\App_ExampleBrowser.vcxproj]
C:\Users\jpfau\Desktop\Genesis\External\Bullet\examples\ThirdPartyLibs\stb_image\stb_image.cpp(524,10): warning C4312: 'type cast': conversion from 'int' to 'unsigned char *' of greater size [C:\Users\jpfau\Desktop\Genesis\Build\External\Bullet\examples\ExampleBrowser\App_ExampleBrowser.vcxproj]
C:\Users\jpfau\Desktop\Genesis\External\Bullet\examples\ThirdPartyLibs\stb_image\stb_image.cpp(601,10): warning C4312: 'type cast': conversion from 'int' to 'float *' of greater size [C:\Users\jpfau\Desktop\Genesis\Build\External\Bullet\examples\ExampleBrowser\App_ExampleBrowser.vcxproj]
C:\Users\jpfau\Desktop\Genesis\External\Bullet\examples\ThirdPartyLibs\stb_image\stb_image.cpp(628,10): warning C4312: 'type cast': conversion from 'int' to 'unsigned char *' of greater size [C:\Users\jpfau\Desktop\Genesis\Build\External\Bullet\examples\ExampleBrowser\App_ExampleBrowser.vcxproj]
C:\Users\jpfau\Desktop\Genesis\External\Bullet\examples\ThirdPartyLibs\stb_image\stb_image.cpp(1643,43): warning C4312: 'type cast': conversion from 'int' to 'unsigned char *' of greater size [C:\Users\jpfau\Desktop\Genesis\Build\External\Bullet\examples\ExampleBrowser\App_ExampleBrowser.vcxproj]
C:\Users\jpfau\Desktop\Genesis\External\Bullet\examples\ThirdPartyLibs\stb_image\stb_image.cpp(1680,12): warning C4312: 'type cast': conversion from 'int' to 'unsigned char *' of greater size [C:\Users\jpfau\Desktop\Genesis\Build\External\Bullet\examples\ExampleBrowser\App_ExampleBrowser.vcxproj]
C:\Users\jpfau\Desktop\Genesis\External\Bullet\examples\ThirdPartyLibs\stb_image\stb_image.cpp(1707,11): warning C4312: 'type cast': conversion from 'int' to 'unsigned char *' of greater size [C:\Users\jpfau\Desktop\Genesis\Build\External\Bullet\examples\ExampleBrowser\App_ExampleBrowser.vcxproj]
C:\Users\jpfau\Desktop\Genesis\External\Bullet\examples\ThirdPartyLibs\stb_image\stb_image.cpp(2851,43): warning C4312: 'type cast': conversion from 'int' to 'unsigned char *' of greater size [C:\Users\jpfau\Desktop\Genesis\Build\External\Bullet\examples\ExampleBrowser\App_ExampleBrowser.vcxproj]
C:\Users\jpfau\Desktop\Genesis\External\Bullet\examples\ThirdPartyLibs\stb_image\stb_image.cpp(2984,47): warning C4312: 'type cast': conversion from 'int' to 'unsigned char *' of greater size [C:\Users\jpfau\Desktop\Genesis\Build\External\Bullet\examples\ExampleBrowser\App_ExampleBrowser.vcxproj]
C:\Users\jpfau\Desktop\Genesis\External\Bullet\examples\ThirdPartyLibs\stb_image\stb_image.cpp(2990,64): warning C4312: 'type cast': conversion from 'int' to 'unsigned char *' of greater size [C:\Users\jpfau\Desktop\Genesis\Build\External\Bullet\examples\ExampleBrowser\App_ExampleBrowser.vcxproj]
C:\Users\jpfau\Desktop\Genesis\External\Bullet\examples\ThirdPartyLibs\stb_image\stb_image.cpp(3001,30): warning C4312: 'type cast': conversion from 'int' to 'unsigned char *' of greater size [C:\Users\jpfau\Desktop\Genesis\Build\External\Bullet\examples\ExampleBrowser\App_ExampleBrowser.vcxproj]
C:\Users\jpfau\Desktop\Genesis\External\Bullet\examples\ThirdPartyLibs\stb_image\stb_image.cpp(3003,23): warning C4312: 'type cast': conversion from 'int' to 'unsigned char *' of greater size [C:\Users\jpfau\Desktop\Genesis\Build\External\Bullet\examples\ExampleBrowser\App_ExampleBrowser.vcxproj]
C:\Users\jpfau\Desktop\Genesis\External\Bullet\examples\ThirdPartyLibs\stb_image\stb_image.cpp(3014,46): warning C4312: 'type cast': conversion from 'int' to 'unsigned char *' of greater size [C:\Users\jpfau\Desktop\Genesis\Build\External\Bullet\examples\ExampleBrowser\App_ExampleBrowser.vcxproj]
C:\Users\jpfau\Desktop\Genesis\External\Bullet\examples\ThirdPartyLibs\stb_image\stb_image.cpp(3058,14): warning C4312: 'type cast': conversion from 'int' to 'unsigned char *' of greater size [C:\Users\jpfau\Desktop\Genesis\Build\External\Bullet\examples\ExampleBrowser\App_ExampleBrowser.vcxproj]
C:\Users\jpfau\Desktop\Genesis\External\Bullet\examples\ThirdPartyLibs\stb_image\stb_image.cpp(3062,13): warning C4312: 'type cast': conversion from 'int' to 'unsigned char *' of greater size [C:\Users\jpfau\Desktop\Genesis\Build\External\Bullet\examples\ExampleBrowser\App_ExampleBrowser.vcxproj]
C:\Users\jpfau\Desktop\Genesis\External\Bullet\examples\ThirdPartyLibs\stb_image\stb_image.cpp(3085,19): warning C4312: 'type cast': conversion from 'int' to 'unsigned char *' of greater size [C:\Users\jpfau\Desktop\Genesis\Build\External\Bullet\examples\ExampleBrowser\App_ExampleBrowser.vcxproj]
C:\Users\jpfau\Desktop\Genesis\External\Bullet\examples\ThirdPartyLibs\stb_image\stb_image.cpp(3092,11): warning C4312: 'type cast': conversion from 'int' to 'unsigned char *' of greater size [C:\Users\jpfau\Desktop\Genesis\Build\External\Bullet\examples\ExampleBrowser\App_ExampleBrowser.vcxproj]
C:\Users\jpfau\Desktop\Genesis\External\Bullet\examples\ThirdPartyLibs\stb_image\stb_image.cpp(3110,11): warning C4312: 'type cast': conversion from 'int' to 'unsigned char *' of greater size [C:\Users\jpfau\Desktop\Genesis\Build\External\Bullet\examples\ExampleBrowser\App_ExampleBrowser.vcxproj]
C:\Users\jpfau\Desktop\Genesis\External\Bullet\examples\ThirdPartyLibs\stb_image\stb_image.cpp(3164,12): warning C4312: 'type cast': conversion from 'int' to 'unsigned char *' of greater size [C:\Users\jpfau\Desktop\Genesis\Build\External\Bullet\examples\ExampleBrowser\App_ExampleBrowser.vcxproj]
C:\Users\jpfau\Desktop\Genesis\External\Bullet\examples\ThirdPartyLibs\stb_image\stb_image.cpp(3380,24): warning C4312: 'type cast': conversion from 'int' to 'unsigned char *' of greater size [C:\Users\jpfau\Desktop\Genesis\Build\External\Bullet\examples\ExampleBrowser\App_ExampleBrowser.vcxproj]
C:\Users\jpfau\Desktop\Genesis\External\Bullet\examples\ThirdPartyLibs\stb_image\stb_image.cpp(3391,28): warning C4312: 'type cast': conversion from 'int' to 'unsigned char *' of greater size [C:\Users\jpfau\Desktop\Genesis\Build\External\Bullet\examples\ExampleBrowser\App_ExampleBrowser.vcxproj]
C:\Users\jpfau\Desktop\Genesis\External\Bullet\examples\ThirdPartyLibs\stb_image\stb_image.cpp(3396,11): warning C4312: 'type cast': conversion from 'int' to 'unsigned char *' of greater size [C:\Users\jpfau\Desktop\Genesis\Build\External\Bullet\examples\ExampleBrowser\App_ExampleBrowser.vcxproj]
C:\Users\jpfau\Desktop\Genesis\External\Bullet\examples\ThirdPartyLibs\stb_image\stb_image.cpp(3577,10): warning C4312: 'type cast': conversion from 'int' to 'unsigned char *' of greater size [C:\Users\jpfau\Desktop\Genesis\Build\External\Bullet\examples\ExampleBrowser\App_ExampleBrowser.vcxproj]
C:\Users\jpfau\Desktop\Genesis\External\Bullet\examples\ThirdPartyLibs\stb_image\stb_image.cpp(3581,10): warning C4312: 'type cast': conversion from 'int' to 'unsigned char *' of greater size [C:\Users\jpfau\Desktop\Genesis\Build\External\Bullet\examples\ExampleBrowser\App_ExampleBrowser.vcxproj]
C:\Users\jpfau\Desktop\Genesis\External\Bullet\examples\ThirdPartyLibs\stb_image\stb_image.cpp(3589,10): warning C4312: 'type cast': conversion from 'int' to 'unsigned char *' of greater size [C:\Users\jpfau\Desktop\Genesis\Build\External\Bullet\examples\ExampleBrowser\App_ExampleBrowser.vcxproj]
C:\Users\jpfau\Desktop\Genesis\External\Bullet\examples\ThirdPartyLibs\stb_image\stb_image.cpp(3597,10): warning C4312: 'type cast': conversion from 'int' to 'unsigned char *' of greater size [C:\Users\jpfau\Desktop\Genesis\Build\External\Bullet\examples\ExampleBrowser\App_ExampleBrowser.vcxproj]
C:\Users\jpfau\Desktop\Genesis\External\Bullet\examples\ThirdPartyLibs\stb_image\stb_image.cpp(3610,10): warning C4312: 'type cast': conversion from 'int' to 'unsigned char *' of greater size [C:\Users\jpfau\Desktop\Genesis\Build\External\Bullet\examples\ExampleBrowser\App_ExampleBrowser.vcxproj]
C:\Users\jpfau\Desktop\Genesis\External\Bullet\examples\ThirdPartyLibs\stb_image\stb_image.cpp(3627,10): warning C4312: 'type cast': conversion from 'int' to 'unsigned char *' of greater size [C:\Users\jpfau\Desktop\Genesis\Build\External\Bullet\examples\ExampleBrowser\App_ExampleBrowser.vcxproj]
C:\Users\jpfau\Desktop\Genesis\External\Bullet\examples\ThirdPartyLibs\stb_image\stb_image.cpp(3631,19): warning C4312: 'type cast': conversion from 'int' to 'unsigned char *' of greater size [C:\Users\jpfau\Desktop\Genesis\Build\External\Bullet\examples\ExampleBrowser\App_ExampleBrowser.vcxproj]
C:\Users\jpfau\Desktop\Genesis\External\Bullet\examples\ThirdPartyLibs\stb_image\stb_image.cpp(3795,26): warning C4312: 'type cast': conversion from 'int' to 'unsigned char *' of greater size [C:\Users\jpfau\Desktop\Genesis\Build\External\Bullet\examples\ExampleBrowser\App_ExampleBrowser.vcxproj]
C:\Users\jpfau\Desktop\Genesis\External\Bullet\examples\ThirdPartyLibs\stb_image\stb_image.cpp(3824,11): warning C4312: 'type cast': conversion from 'int' to 'unsigned char *' of greater size [C:\Users\jpfau\Desktop\Genesis\Build\External\Bullet\examples\ExampleBrowser\App_ExampleBrowser.vcxproj]
C:\Users\jpfau\Desktop\Genesis\External\Bullet\examples\ThirdPartyLibs\stb_image\stb_image.cpp(3835,25): warning C4312: 'type cast': conversion from 'int' to 'unsigned char *' of greater size [C:\Users\jpfau\Desktop\Genesis\Build\External\Bullet\examples\ExampleBrowser\App_ExampleBrowser.vcxproj]
C:\Users\jpfau\Desktop\Genesis\External\Bullet\examples\ThirdPartyLibs\stb_image\stb_image.cpp(3836,33): warning C4312: 'type cast': conversion from 'int' to 'unsigned char *' of greater size [C:\Users\jpfau\Desktop\Genesis\Build\External\Bullet\examples\ExampleBrowser\App_ExampleBrowser.vcxproj]
C:\Users\jpfau\Desktop\Genesis\External\Bullet\examples\ThirdPartyLibs\stb_image\stb_image.cpp(3853,13): warning C4312: 'type cast': conversion from 'int' to 'unsigned char *' of greater size [C:\Users\jpfau\Desktop\Genesis\Build\External\Bullet\examples\ExampleBrowser\App_ExampleBrowser.vcxproj]
C:\Users\jpfau\Desktop\Genesis\External\Bullet\examples\ThirdPartyLibs\stb_image\stb_image.cpp(3874,29): warning C4312: 'type cast': conversion from 'int' to 'unsigned char *' of greater size [C:\Users\jpfau\Desktop\Genesis\Build\External\Bullet\examples\ExampleBrowser\App_ExampleBrowser.vcxproj]
C:\Users\jpfau\Desktop\Genesis\External\Bullet\examples\ThirdPartyLibs\stb_image\stb_image.cpp(3894,29): warning C4312: 'type cast': conversion from 'int' to 'unsigned char *' of greater size [C:\Users\jpfau\Desktop\Genesis\Build\External\Bullet\examples\ExampleBrowser\App_ExampleBrowser.vcxproj]
C:\Users\jpfau\Desktop\Genesis\External\Bullet\examples\ThirdPartyLibs\stb_image\stb_image.cpp(3906,16): warning C4312: 'type cast': conversion from 'int' to 'unsigned char *' of greater size [C:\Users\jpfau\Desktop\Genesis\Build\External\Bullet\examples\ExampleBrowser\App_ExampleBrowser.vcxproj]
C:\Users\jpfau\Desktop\Genesis\External\Bullet\examples\ThirdPartyLibs\stb_image\stb_image.cpp(3917,33): warning C4312: 'type cast': conversion from 'int' to 'unsigned char *' of greater size [C:\Users\jpfau\Desktop\Genesis\Build\External\Bullet\examples\ExampleBrowser\App_ExampleBrowser.vcxproj]
C:\Users\jpfau\Desktop\Genesis\External\Bullet\examples\ThirdPartyLibs\stb_image\stb_image.cpp(3944,24): warning C4312: 'type cast': conversion from 'int' to 'unsigned char *' of greater size [C:\Users\jpfau\Desktop\Genesis\Build\External\Bullet\examples\ExampleBrowser\App_ExampleBrowser.vcxproj]
C:\Users\jpfau\Desktop\Genesis\External\Bullet\examples\ThirdPartyLibs\stb_image\stb_image.cpp(3945,32): warning C4312: 'type cast': conversion from 'int' to 'unsigned char *' of greater size [C:\Users\jpfau\Desktop\Genesis\Build\External\Bullet\examples\ExampleBrowser\App_ExampleBrowser.vcxproj]
C:\Users\jpfau\Desktop\Genesis\External\Bullet\examples\ThirdPartyLibs\stb_image\stb_image.cpp(4177,23): warning C4312: 'type cast': conversion from 'int' to 'unsigned char *' of greater size [C:\Users\jpfau\Desktop\Genesis\Build\External\Bullet\examples\ExampleBrowser\App_ExampleBrowser.vcxproj]
C:\Users\jpfau\Desktop\Genesis\External\Bullet\examples\ThirdPartyLibs\stb_image\stb_image.cpp(4182,31): warning C4312: 'type cast': conversion from 'int' to 'unsigned char *' of greater size [C:\Users\jpfau\Desktop\Genesis\Build\External\Bullet\examples\ExampleBrowser\App_ExampleBrowser.vcxproj]
C:\Users\jpfau\Desktop\Genesis\External\Bullet\examples\ThirdPartyLibs\stb_image\stb_image.cpp(4188,13): warning C4312: 'type cast': conversion from 'int' to 'unsigned char *' of greater size [C:\Users\jpfau\Desktop\Genesis\Build\External\Bullet\examples\ExampleBrowser\App_ExampleBrowser.vcxproj]
C:\Users\jpfau\Desktop\Genesis\External\Bullet\examples\ThirdPartyLibs\stb_image\stb_image.cpp(4202,12): warning C4312: 'type cast': conversion from 'int' to 'unsigned char *' of greater size [C:\Users\jpfau\Desktop\Genesis\Build\External\Bullet\examples\ExampleBrowser\App_ExampleBrowser.vcxproj]
C:\Users\jpfau\Desktop\Genesis\External\Bullet\examples\ThirdPartyLibs\stb_image\stb_image.cpp(4233,27): warning C4312: 'type cast': conversion from 'int' to 'unsigned char *' of greater size [C:\Users\jpfau\Desktop\Genesis\Build\External\Bullet\examples\ExampleBrowser\App_ExampleBrowser.vcxproj]
C:\Users\jpfau\Desktop\Genesis\External\Bullet\examples\ThirdPartyLibs\stb_image\stb_image.cpp(4243,28): warning C4312: 'type cast': conversion from 'int' to 'unsigned char *' of greater size [C:\Users\jpfau\Desktop\Genesis\Build\External\Bullet\examples\ExampleBrowser\App_ExampleBrowser.vcxproj]
C:\Users\jpfau\Desktop\Genesis\External\Bullet\examples\ThirdPartyLibs\stb_image\stb_image.cpp(4262,13): warning C4312: 'type cast': conversion from 'int' to 'unsigned char *' of greater size [C:\Users\jpfau\Desktop\Genesis\Build\External\Bullet\examples\ExampleBrowser\App_ExampleBrowser.vcxproj]
C:\Users\jpfau\Desktop\Genesis\External\Bullet\examples\ThirdPartyLibs\stb_image\stb_image.cpp(4299,13): warning C4312: 'type cast': conversion from 'int' to 'unsigned char *' of greater size [C:\Users\jpfau\Desktop\Genesis\Build\External\Bullet\examples\ExampleBrowser\App_ExampleBrowser.vcxproj]
C:\Users\jpfau\Desktop\Genesis\External\Bullet\examples\ThirdPartyLibs\stb_image\stb_image.cpp(4336,12): warning C4312: 'type cast': conversion from 'int' to 'unsigned char *' of greater size [C:\Users\jpfau\Desktop\Genesis\Build\External\Bullet\examples\ExampleBrowser\App_ExampleBrowser.vcxproj]
C:\Users\jpfau\Desktop\Genesis\External\Bullet\examples\ThirdPartyLibs\stb_image\stb_image.cpp(4458,10): warning C4312: 'type cast': conversion from 'int' to 'float *' of greater size [C:\Users\jpfau\Desktop\Genesis\Build\External\Bullet\examples\ExampleBrowser\App_ExampleBrowser.vcxproj]
C:\Users\jpfau\Desktop\Genesis\External\Bullet\examples\ThirdPartyLibs\stb_image\stb_image.cpp(4468,21): warning C4312: 'type cast': conversion from 'int' to 'float *' of greater size [C:\Users\jpfau\Desktop\Genesis\Build\External\Bullet\examples\ExampleBrowser\App_ExampleBrowser.vcxproj]
C:\Users\jpfau\Desktop\Genesis\External\Bullet\examples\ThirdPartyLibs\stb_image\stb_image.cpp(4473,39): warning C4312: 'type cast': conversion from 'int' to 'float *' of greater size [C:\Users\jpfau\Desktop\Genesis\Build\External\Bullet\examples\ExampleBrowser\App_ExampleBrowser.vcxproj]
C:\Users\jpfau\Desktop\Genesis\External\Bullet\examples\ThirdPartyLibs\stb_image\stb_image.cpp(4477,39): warning C4312: 'type cast': conversion from 'int' to 'float *' of greater size [C:\Users\jpfau\Desktop\Genesis\Build\External\Bullet\examples\ExampleBrowser\App_ExampleBrowser.vcxproj]
C:\Users\jpfau\Desktop\Genesis\External\Bullet\examples\ThirdPartyLibs\stb_image\stb_image.cpp(4537,12): warning C4312: 'type cast': conversion from 'int' to 'float *' of greater size [C:\Users\jpfau\Desktop\Genesis\Build\External\Bullet\examples\ExampleBrowser\App_ExampleBrowser.vcxproj]
  stb_image_write.cpp
  tinyxml2.cpp
  TinyRenderer.cpp
  geometry.cpp
  model.cpp
  our_gl.cpp
  tgaimage.cpp
  Dof6ConstraintTutorial.cpp
  Generating Code...
  Compiling...
  Tutorial.cpp
  RobotLoggingUtil.cpp
  Hinge2Vehicle.cpp
  VoronoiFractureDemo.cpp
  btConvexConvexMprAlgorithm.cpp
  Generating Code...
LINK : warning LNK4075: ignoring '/INCREMENTAL' due to '/OPT:ICF' specification [C:\Users\jpfau\Desktop\Genesis\Build\External\Bullet\examples\ExampleBrowser\App_ExampleBrowser.vcxproj]
     Creating library C:/Users/jpfau/Desktop/Genesis/Build/External/Bullet/examples/ExampleBrowser/Debug/App_ExampleBrowser.lib and object C:/Users/jpfau/Desktop/Genesis/Build/External/Bullet/examples/ExampleBrowser/Debug/App_ExampleBrowser.exp
  App_ExampleBrowser.vcxproj -> C:\Users\jpfau\Desktop\Genesis\Build\External\Bullet\examples\ExampleBrowser\Debug\App_ExampleBrowser.exe
  'pwsh.exe' is not recognized as an internal or external command,
  operable program or batch file.
MSBuild version 17.14.10+8b8e13593 for .NET Framework

  Bullet3Common.vcxproj -> C:\Users\jpfau\Desktop\Genesis\Build\lib\Debug\Bullet3Common_Debug.lib
  BulletDynamics.vcxproj -> C:\Users\jpfau\Desktop\Genesis\Build\lib\Debug\BulletDynamics_Debug.lib
  BulletCollision.vcxproj -> C:\Users\jpfau\Desktop\Genesis\Build\lib\Debug\BulletCollision_Debug.lib
  BulletExampleBrowserLib.vcxproj -> C:\Users\jpfau\Desktop\Genesis\Build\lib\Debug\BulletExampleBrowserLib_Debug.lib
  BulletInverseDynamics.vcxproj -> C:\Users\jpfau\Desktop\Genesis\Build\lib\Debug\BulletInverseDynamics_Debug.lib
  BulletInverseDynamicsUtils.vcxproj -> C:\Users\jpfau\Desktop\Genesis\Build\lib\Debug\BulletInverseDynamicsUtils_Debug.lib
  LinearMath.vcxproj -> C:\Users\jpfau\Desktop\Genesis\Build\lib\Debug\LinearMath_Debug.lib
  BussIK.vcxproj -> C:\Users\jpfau\Desktop\Genesis\Build\lib\Debug\BussIK_Debug.lib
  BulletSoftBody.vcxproj -> C:\Users\jpfau\Desktop\Genesis\Build\lib\Debug\BulletSoftBody_Debug.lib
  OpenGLWindow.vcxproj -> C:\Users\jpfau\Desktop\Genesis\Build\lib\Debug\OpenGLWindow_Debug.lib
  BulletFileLoader.vcxproj -> C:\Users\jpfau\Desktop\Genesis\Build\lib\Debug\BulletFileLoader_Debug.lib
  BulletWorldImporter.vcxproj -> C:\Users\jpfau\Desktop\Genesis\Build\lib\Debug\BulletWorldImporter_Debug.lib
  gwen.vcxproj -> C:\Users\jpfau\Desktop\Genesis\Build\lib\Debug\gwen_Debug.lib
  BulletRobotics.vcxproj -> C:\Users\jpfau\Desktop\Genesis\Build\lib\Debug\BulletRobotics_Debug.lib
  Bullet2FileLoader.vcxproj -> C:\Users\jpfau\Desktop\Genesis\Build\lib\Debug\Bullet2FileLoader_Debug.lib
  App_obj2sdf.vcxproj -> C:\Users\jpfau\Desktop\Genesis\Build\External\Bullet\Extras\obj2sdf\Debug\App_obj2sdf.exe
  App_BasicExample.vcxproj -> C:\Users\jpfau\Desktop\Genesis\Build\External\Bullet\examples\BasicDemo\Debug\App_BasicExample.exe
  Bullet3Collision.vcxproj -> C:\Users\jpfau\Desktop\Genesis\Build\lib\Debug\Bullet3Collision_Debug.lib
  Bullet3Dynamics.vcxproj -> C:\Users\jpfau\Desktop\Genesis\Build\lib\Debug\Bullet3Dynamics_Debug.lib
  AppBasicExampleGui.vcxproj -> C:\Users\jpfau\Desktop\Genesis\Build\External\Bullet\examples\BasicDemo\Debug\AppBasicExampleGui.exe
  App_HelloWorld.vcxproj -> C:\Users\jpfau\Desktop\Genesis\Build\External\Bullet\examples\HelloWorld\Debug\App_HelloWorld.exe
  Bullet3Geometry.vcxproj -> C:\Users\jpfau\Desktop\Genesis\Build\lib\Debug\Bullet3Geometry_Debug.lib
  Bullet3OpenCL_clew.vcxproj -> C:\Users\jpfau\Desktop\Genesis\Build\lib\Debug\Bullet3OpenCL_clew_Debug.lib
  BulletRoboticsGUI.vcxproj -> C:\Users\jpfau\Desktop\Genesis\Build\lib\Debug\BulletRoboticsGUI_Debug.lib
  BulletXmlWorldImporter.vcxproj -> C:\Users\jpfau\Desktop\Genesis\Build\lib\Debug\BulletXmlWorldImporter_Debug.lib
  GIMPACTUtils.vcxproj -> C:\Users\jpfau\Desktop\Genesis\Build\lib\Debug\GIMPACTUtils_Debug.lib
  ConvexDecomposition.vcxproj -> C:\Users\jpfau\Desktop\Genesis\Build\lib\Debug\ConvexDecomposition_Debug.lib
  HACD.vcxproj -> C:\Users\jpfau\Desktop\Genesis\Build\lib\Debug\HACD_Debug.lib
  Engine.cpp
  App_ExampleBrowser.vcxproj -> C:\Users\jpfau\Desktop\Genesis\Build\External\Bullet\examples\ExampleBrowser\Debug\App_ExampleBrowser.exe
  gtest.vcxproj -> C:\Users\jpfau\Desktop\Genesis\Build\lib\Debug\gtest_Debug.lib
C:\Users\jpfau\Desktop\Genesis\Engine\include\Engine\Engine.h(12,23): error C2065: 'SDL_Window': undeclared identifier [C:\Users\jpfau\Desktop\Genesis\Build\Engine\Engine.vcxproj]
  (compiling source file '../../../../../Engine/src/Engine.cpp')
  
C:\Users\jpfau\Desktop\Genesis\Engine\include\Engine\Engine.h(12,35): error C2065: 'sdlWindow': undeclared identifier [C:\Users\jpfau\Desktop\Genesis\Build\Engine\Engine.vcxproj]
  (compiling source file '../../../../../Engine/src/Engine.cpp')
  
  App_PhysicsServer_SharedMemory_GUI.vcxproj -> C:\Users\jpfau\Desktop\Genesis\Build\External\Bullet\examples\SharedMemory\Debug\App_PhysicsServer_SharedMemory_GUI.exe
  App_PhysicsServer_SharedMemory.vcxproj -> C:\Users\jpfau\Desktop\Genesis\Build\External\Bullet\examples\SharedMemory\Debug\App_PhysicsServer_SharedMemory.exe
  App_TwoJoint.vcxproj -> C:\Users\jpfau\Desktop\Genesis\Build\External\Bullet\examples\TwoJoint\Debug\App_TwoJoint_d.exe
  Test_BulletInverseDynamics.vcxproj -> C:\Users\jpfau\Desktop\Genesis\Build\External\Bullet\test\InverseDynamics\Debug\Test_BulletInverseDynamics.exe
  Test_BulletDynamics.vcxproj -> C:\Users\jpfau\Desktop\Genesis\Build\External\Bullet\test\BulletDynamics\pendulum\Debug\Test_BulletDynamics.exe
  Test_BulletInverseDynamicsJacobian.vcxproj -> C:\Users\jpfau\Desktop\Genesis\Build\External\Bullet\test\InverseDynamics\Debug\Test_BulletInverseDynamicsJacobian.exe
  App_HelloBulletRobotics.vcxproj -> C:\Users\jpfau\Desktop\Genesis\Build\External\Bullet\examples\RobotSimulator\Debug\App_HelloBulletRobotics_d.exe
  App_RobotSimulator.vcxproj -> C:\Users\jpfau\Desktop\Genesis\Build\External\Bullet\examples\RobotSimulator\Debug\App_RobotSimulator_d.exe
  App_RobotSimulator_NoGUI.vcxproj -> C:\Users\jpfau\Desktop\Genesis\Build\External\Bullet\examples\RobotSimulator\Debug\App_RobotSimulator_NoGUI_d.exe
  Test_Collision.vcxproj -> C:\Users\jpfau\Desktop\Genesis\Build\External\Bullet\test\collision\Debug\Test_Collision.exe
  Test_BulletInverseForwardDynamics.vcxproj -> C:\Users\jpfau\Desktop\Genesis\Build\External\Bullet\test\InverseDynamics\Debug\Test_BulletInverseForwardDynamics.exe
  Test_btKinematicCharacterController.vcxproj -> C:\Users\jpfau\Desktop\Genesis\Build\External\Bullet\test\BulletDynamics\Debug\Test_btKinematicCharacterController.exe
  clsocket.vcxproj -> C:\Users\jpfau\Desktop\Genesis\Build\lib\Debug\clsocket_Debug.lib
  Test_PhysicsClientServer.vcxproj -> C:\Users\jpfau\Desktop\Genesis\Build\External\Bullet\test\SharedMemory\Debug\Test_PhysicsClientServer.exe
  SDLWindow.cpp
C:\Users\jpfau\Desktop\Genesis\Engine\src\SDLWindow.cpp(15,21): warning C4804: '<': unsafe use of type 'bool' in operation [C:\Users\jpfau\Desktop\Genesis\Build\Engine\Engine.vcxproj]
  Generating Code...
